Archive member included because of file (symbol)

./../code/src/eCos/untitled_install/lib/libtarget.a(hal_common_hal_if.o)
                              ./../code/src/eCos/untitled_install/lib/extras.o (hal_if_diag_read_char)
./../code/src/eCos/untitled_install/lib/libtarget.a(hal_common_hal_misc.o)
                              ./../code/src/eCos/untitled_install/lib/libtarget.a(hal_common_hal_if.o) (cyg_hal_is_break)
./../code/src/eCos/untitled_install/lib/libtarget.a(io_common_iosys.o)
                              ./../code/src/eCos/untitled_install/lib/extras.o (cyg_io_init)
./../code/src/eCos/untitled_install/lib/libtarget.a(infra_startup.o)
                              ./../code/src/eCos/untitled_install/lib/vectors.o (cyg_start)
./../code/src/eCos/untitled_install/lib/libtarget.a(infra_prestart.o)
                              ./../code/src/eCos/untitled_install/lib/libtarget.a(infra_startup.o) (cyg_prestart)
./../code/src/eCos/untitled_install/lib/libtarget.a(infra_pkgstart.o)
                              ./../code/src/eCos/untitled_install/lib/libtarget.a(infra_startup.o) (cyg_package_start)
./../code/src/eCos/untitled_install/lib/libtarget.a(infra_userstart.o)
                              ./../code/src/eCos/untitled_install/lib/libtarget.a(infra_startup.o) (cyg_user_start)
./../code/src/eCos/untitled_install/lib/libtarget.a(infra_diag.o)
                              ./../code/src/eCos/untitled_install/lib/extras.o (diag_printf)
./../code/src/eCos/untitled_install/lib/libtarget.a(kernel_kapi.o)
                              ./../code/src/eCos/untitled_install/lib/extras.o (cyg_scheduler_lock)
./../code/src/eCos/untitled_install/lib/libtarget.a(kernel_thread.o)
                              ./../code/src/eCos/untitled_install/lib/libtarget.a(kernel_kapi.o) (_ZN10Cyg_Thread17deliver_exceptionEij)
./../code/src/eCos/untitled_install/lib/libtarget.a(kernel_except.o)
                              ./../code/src/eCos/untitled_install/lib/libtarget.a(kernel_kapi.o) (_ZN21Cyg_Exception_Control18register_exceptionEiPFvjijEjPS1_Pj)
./../code/src/eCos/untitled_install/lib/libtarget.a(kernel_intr.o)
                              ./../code/src/eCos/untitled_install/lib/libtarget.a(kernel_kapi.o) (_ZN13Cyg_InterruptC1EjijPFjjjEPFvjjjE)
./../code/src/eCos/untitled_install/lib/libtarget.a(kernel_mlqueue.o)
                              ./../code/src/eCos/untitled_install/lib/libtarget.a(kernel_thread.o) (_ZN28Cyg_Scheduler_Implementation10rem_threadEP10Cyg_Thread)
./../code/src/eCos/untitled_install/lib/libtarget.a(kernel_sched.o)
                              ./../code/src/eCos/untitled_install/lib/libtarget.a(kernel_thread.o) (_ZN13Cyg_Scheduler9schedulerE)
./../code/src/eCos/untitled_install/lib/libtarget.a(kernel_cnt_sem.o)
                              ./../code/src/eCos/untitled_install/lib/libtarget.a(kernel_kapi.o) (_ZN22Cyg_Counting_SemaphoreC1Ei)
./../code/src/eCos/untitled_install/lib/libtarget.a(kernel_flag.o)
                              ./../code/src/eCos/untitled_install/lib/libtarget.a(kernel_kapi.o) (_ZN8Cyg_FlagC1Ej)
./../code/src/eCos/untitled_install/lib/libtarget.a(kernel_mbox.o)
                              ./../code/src/eCos/untitled_install/lib/libtarget.a(kernel_kapi.o) (_ZN8Cyg_MboxC1Ev)
./../code/src/eCos/untitled_install/lib/libtarget.a(kernel_mutex.o)
                              ./../code/src/eCos/untitled_install/lib/libtarget.a(kernel_kapi.o) (_ZN9Cyg_MutexC1Ev)
./../code/src/eCos/untitled_install/lib/libtarget.a(language_c_libc_startup_mainthread.o)
                              ./../code/src/eCos/untitled_install/lib/extras.o (cyg_libc_main_thread)
./../code/src/eCos/untitled_install/lib/libtarget.a(language_c_libc_stdio_stdioinlines.o)
                              hello.o (puts)
./../code/src/eCos/untitled_install/lib/libtarget.a(language_c_libc_stdio_stdout.o)
                              ./../code/src/eCos/untitled_install/lib/libtarget.a(language_c_libc_stdio_stdioinlines.o) (stdout)
./../code/src/eCos/untitled_install/lib/libtarget.a(language_c_libc_stdio_stream.o)
                              ./../code/src/eCos/untitled_install/lib/libtarget.a(language_c_libc_stdio_stdout.o) (_ZTV16Cyg_OutputStream)
./../code/src/eCos/untitled_install/lib/libtarget.a(language_c_libc_stdio_streambuf.o)
                              ./../code/src/eCos/untitled_install/lib/libtarget.a(language_c_libc_stdio_stream.o) (_ZN21Cyg_StdioStreamBuffer10set_bufferEjPh)
./../code/src/eCos/untitled_install/lib/libtarget.a(language_c_libc_stdio_vsnprintf.o)
                              ./../code/src/eCos/untitled_install/lib/libtarget.a(language_c_libc_stdio_stdioinlines.o) (vsnprintf)
./../code/src/eCos/untitled_install/lib/libtarget.a(language_c_libc_stdio_vfscanf.o)
                              ./../code/src/eCos/untitled_install/lib/libtarget.a(language_c_libc_stdio_stdioinlines.o) (vfscanf)
./../code/src/eCos/untitled_install/lib/libtarget.a(language_c_libc_stdio_fprintf.o)
[...]
Memory Configuration

Name             Origin             Length             Attributes
ram              0x40000000         0x00010000
rom              0x00000000         0x00020000
*default*        0x00000000         0xffffffff

Linker script and memory map

LOAD ./../code/src/eCos/untitled_install/lib/vectors.o
LOAD hello.o
LOAD ./../code/src/eCos/untitled_install/lib/extras.o
START GROUP
LOAD ./../code/src/eCos/untitled_install/lib/libtarget.a
LOAD /home/masterzdran/Applications/ISEL/gnutools/arm-eabi/bin/../lib/gcc/arm-eabi/4.3.2/libgcc.a
LOAD /home/masterzdran/Applications/ISEL/gnutools/arm-eabi/bin/../lib/gcc/arm-eabi/4.3.2/../../../../arm-eabi/lib/libsupc++.a
END GROUP

.debug_aranges  0x00000000     0x16d0
 *(.debug_aranges)
 .debug_aranges
                0x00000000       0x28 ./../code/src/eCos/untitled_install/lib/vectors.o
 .debug_aranges
                0x00000028      0x128 ./../code/src/eCos/untitled_install/lib/extras.o
 .debug_aranges
                0x00000150       0xc8 ./../code/src/eCos/untitled_install/lib/libtarget.a(hal_common_hal_if.o)
 .debug_aranges
                0x00000218       0x30 ./../code/src/eCos/untitled_install/lib/libtarget.a(hal_common_hal_misc.o)
 .debug_aranges
                0x00000248       0x98 ./../code/src/eCos/untitled_install/lib/libtarget.a(io_common_iosys.o)
 .debug_aranges
                0x000002e0       0x20 ./../code/src/eCos/untitled_install/lib/libtarget.a(infra_startup.o)
 .debug_aranges
                0x00000300       0x20 ./../code/src/eCos/untitled_install/lib/libtarget.a(infra_prestart.o)
 .debug_aranges
                0x00000320       0x20 ./../code/src/eCos/untitled_install/lib/libtarget.a(infra_pkgstart.o)
 .debug_aranges
                0x00000340       0x20 ./../code/src/eCos/untitled_install/lib/libtarget.a(infra_userstart.o)
 .debug_aranges
                0x00000360       0xe0 ./../code/src/eCos/untitled_install/lib/libtarget.a(infra_diag.o)
 .debug_aranges
                0x00000440      0x3d0 ./../code/src/eCos/untitled_install/lib/libtarget.a(kernel_kapi.o)
 .debug_aranges
                0x00000810      0x108 ./../code/src/eCos/untitled_install/lib/libtarget.a(kernel_thread.o)
 .debug_aranges
                0x00000918       0x58 ./../code/src/eCos/untitled_install/lib/libtarget.a(kernel_except.o)
 .debug_aranges
                0x00000970       0xd8 ./../code/src/eCos/untitled_install/lib/libtarget.a(kernel_intr.o)
 .debug_aranges
                0x00000a48       0xc8 ./../code/src/eCos/untitled_install/lib/libtarget.a(kernel_mlqueue.o)
 .debug_aranges
                0x00000b10       0xa0 ./../code/src/eCos/untitled_install/lib/libtarget.a(kernel_sched.o)
 .debug_aranges
                0x00000bb0       0x60 ./../code/src/eCos/untitled_install/lib/libtarget.a(kernel_cnt_sem.o)
 .debug_aranges
                0x00000c10       0x60 ./../code/src/eCos/untitled_install/lib/libtarget.a(kernel_flag.o)
 .debug_aranges
                0x00000c70       0x70 ./../code/src/eCos/untitled_install/lib/libtarget.a(kernel_mbox.o)
 .debug_aranges
                0x00000ce0       0xc8 ./../code/src/eCos/untitled_install/lib/libtarget.a(kernel_mutex.o)
 .debug_aranges
                0x00000da8       0x30 ./../code/src/eCos/untitled_install/lib/libtarget.a(language_c_libc_startup_mainthread.o)
 .debug_aranges
                0x00000dd8       0x50 ./../code/src/eCos/untitled_install/lib/libtarget.a(language_c_libc_stdio_stdioinlines.o)
 .debug_aranges
                0x00000e28       0x30 ./../code/src/eCos/untitled_install/lib/libtarget.a(language_c_libc_stdio_stdout.o)
 .debug_aranges
                0x00000e58       0xa8 ./../code/src/eCos/untitled_install/lib/libtarget.a(language_c_libc_stdio_stream.o)
 .debug_aranges
                0x00000f00       0x20 ./../code/src/eCos/untitled_install/lib/libtarget.a(language_c_libc_stdio_streambuf.o)
 .debug_aranges
                0x00000f20       0x40 ./../code/src/eCos/untitled_install/lib/libtarget.a(language_c_libc_stdio_vsnprintf.o)
 .debug_aranges
                0x00000f60       0x28 ./../code/src/eCos/untitled_install/lib/libtarget.a(language_c_libc_stdio_vfscanf.o)
 .debug_aranges
                0x00000f88       0x20 ./../code/src/eCos/untitled_install/lib/libtarget.a(language_c_libc_stdio_fprintf.o)
 .debug_aranges
                0x00000fa8       0x28 ./../code/src/eCos/untitled_install/lib/libtarget.a(language_c_libc_stdio_fputc.o)
 .debug_aranges
                0x00000fd0       0x20 ./../code/src/eCos/untitled_install/lib/libtarget.a(language_c_libc_stdio_fputs.o)
 .debug_aranges
                0x00000ff0       0x28 ./../code/src/eCos/untitled_install/lib/libtarget.a(language_c_libc_stdio_vfnprintf.o)
 .debug_aranges
                0x00001018       0x28 ./../code/src/eCos/untitled_install/lib/libtarget.a(language_c_libc_stdlib_strtod.o)
 .debug_aranges
                0x00001040       0x20 ./../code/src/eCos/untitled_install/lib/libtarget.a(language_c_libc_stdlib_strtol.o)
 .debug_aranges
                0x00001060       0x20 ./../code/src/eCos/untitled_install/lib/libtarget.a(language_c_libc_stdlib_strtoul.o)
 .debug_aranges
                0x00001080       0x20 ./../code/src/eCos/untitled_install/lib/libtarget.a(language_c_libc_stdlib_strtoll.o)
 .debug_aranges
                0x000010a0       0x20 ./../code/src/eCos/untitled_install/lib/libtarget.a(language_c_libc_stdlib_strtoull.o)
 .debug_aranges
                0x000010c0       0x20 ./../code/src/eCos/untitled_install/lib/libtarget.a(language_c_libc_string_memchr.o)
 .debug_aranges
                0x000010e0       0x20 ./../code/src/eCos/untitled_install/lib/libtarget.a(language_c_libc_string_strlen.o)
 .debug_aranges
                0x00001100       0x20 ./../code/src/eCos/untitled_install/lib/libtarget.a(language_c_libm_s_modf.o)
 .debug_aranges
                0x00001120       0x20 ./../code/src/eCos/untitled_install/lib/libtarget.a(error_strerror.o)
 .debug_aranges
                0x00001140       0x20 ./../code/src/eCos/untitled_install/lib/libtarget.a(error_errno.o)
 .debug_aranges
                0x00001160       0x48 ./../code/src/eCos/untitled_install/lib/libtarget.a(hal_arm_arch_hal_misc.o)
 .debug_aranges
                0x000011a8       0x20 ./../code/src/eCos/untitled_install/lib/libtarget.a(hal_arm_arch_context.o)
 .debug_aranges
                0x000011c8       0x88 ./../code/src/eCos/untitled_install/lib/libtarget.a(hal_arm_lpc2xxx_var_lpc2xxx_misc.o)
 .debug_aranges
                0x00001250       0x28 ./../code/src/eCos/untitled_install/lib/libtarget.a(hal_arm_lpc2xxx_p2106_p2106_misc.o)
 .debug_aranges
                0x00001278       0x20 ./../code/src/eCos/untitled_install/lib/libtarget.a(infra_memcpy.o)
 .debug_aranges
                0x00001298       0x28 ./../code/src/eCos/untitled_install/lib/libtarget.a(infra_delete.o)
 .debug_aranges
                0x000012c0      0x118 ./../code/src/eCos/untitled_install/lib/libtarget.a(kernel_clock.o)
 .debug_aranges
                0x000013d8       0x40 ./../code/src/eCos/untitled_install/lib/libtarget.a(services_memalloc_common_malloc.o)
 .debug_aranges
                0x00001418       0x30 ./../code/src/eCos/untitled_install/lib/libtarget.a(services_memalloc_common_heaps.o)
 .debug_aranges
                0x00001448       0x20 ./../code/src/eCos/untitled_install/lib/libtarget.a(language_c_libc_startup_invokemain.o)
 .debug_aranges
                0x00001468       0x28 ./../code/src/eCos/untitled_install/lib/libtarget.a(language_c_libc_stdio_fflush.o)
 .debug_aranges
                0x00001490       0x20 ./../code/src/eCos/untitled_install/lib/libtarget.a(language_c_libc_stdio_setvbuf.o)
 .debug_aranges
                0x000014b0       0x30 ./../code/src/eCos/untitled_install/lib/libtarget.a(language_c_libc_stdio_stderr.o)
 .debug_aranges
                0x000014e0       0x30 ./../code/src/eCos/untitled_install/lib/libtarget.a(language_c_libc_stdio_stdin.o)
 .debug_aranges
                0x00001510       0x30 ./../code/src/eCos/untitled_install/lib/libtarget.a(language_c_libc_stdio_stdiofiles.o)
 .debug_aranges
                0x00001540       0x20 ./../code/src/eCos/untitled_install/lib/libtarget.a(language_c_libc_stdio_stdiosupp.o)
 .debug_aranges
                0x00001560       0x20 ./../code/src/eCos/untitled_install/lib/libtarget.a(language_c_libc_stdio_ungetc.o)
 .debug_aranges
                0x00001580       0x60 ./../code/src/eCos/untitled_install/lib/libtarget.a(hal_arm_lpc2xxx_var_hal_diag.o)
 .debug_aranges
                0x000015e0       0x20 ./../code/src/eCos/untitled_install/lib/libtarget.a(infra_memset.o)
 .debug_aranges
                0x00001600       0x48 ./../code/src/eCos/untitled_install/lib/libtarget.a(services_memalloc_common_dlmalloc.o)
 .debug_aranges
                0x00001648       0x20 ./../code/src/eCos/untitled_install/lib/libtarget.a(language_c_libc_startup_exit.o)
 .debug_aranges
                0x00001668       0x20 ./../code/src/eCos/untitled_install/lib/libtarget.a(language_c_libc_string_memmove.o)
 .debug_aranges
                0x00001688       0x20 ./../code/src/eCos/untitled_install/lib/libtarget.a(language_c_libc_startup__exit.o)
 .debug_aranges
                0x000016a8       0x28 ./../code/src/eCos/untitled_install/lib/libtarget.a(language_c_libc_startup_atexit.o)

.debug_pubnames
                0x00000000     0x3888
 *(.debug_pubnames)
 .debug_pubnames
                0x00000000       0xb0 ./../code/src/eCos/untitled_install/lib/extras.o
 .debug_pubnames
                0x000000b0       0xb1 ./../code/src/eCos/untitled_install/lib/libtarget.a(hal_common_hal_if.o)
 .debug_pubnames
                0x00000161       0x6e ./../code/src/eCos/untitled_install/lib/libtarget.a(hal_common_hal_misc.o)
 .debug_pubnames
                0x000001cf      0x14f ./../code/src/eCos/untitled_install/lib/libtarget.a(io_common_iosys.o)
 .debug_pubnames
                0x0000031e       0x20 ./../code/src/eCos/untitled_install/lib/libtarget.a(infra_startup.o)
 .debug_pubnames
                0x0000033e       0x23 ./../code/src/eCos/untitled_install/lib/libtarget.a(infra_prestart.o)
 .debug_pubnames
                0x00000361       0x28 ./../code/src/eCos/untitled_install/lib/libtarget.a(infra_pkgstart.o)
 .debug_pubnames
                0x00000389       0x25 ./../code/src/eCos/untitled_install/lib/libtarget.a(infra_userstart.o)
 .debug_pubnames
                0x000003ae      0x1cb ./../code/src/eCos/untitled_install/lib/libtarget.a(infra_diag.o)
 .debug_pubnames
                0x00000579      0xb40 ./../code/src/eCos/untitled_install/lib/libtarget.a(kernel_kapi.o)
 .debug_pubnames
                0x000010b9      0x364 ./../code/src/eCos/untitled_install/lib/libtarget.a(kernel_thread.o)
 .debug_pubnames
                0x0000141d      0x15e ./../code/src/eCos/untitled_install/lib/libtarget.a(kernel_except.o)
 .debug_pubnames
                0x0000157b      0x3b3 ./../code/src/eCos/untitled_install/lib/libtarget.a(kernel_intr.o)
 .debug_pubnames
                0x0000192e      0x47c ./../code/src/eCos/untitled_install/lib/libtarget.a(kernel_mlqueue.o)
 .debug_pubnames
                0x00001daa      0x2df ./../code/src/eCos/untitled_install/lib/libtarget.a(kernel_sched.o)
 .debug_pubnames
                0x00002089      0x188 ./../code/src/eCos/untitled_install/lib/libtarget.a(kernel_cnt_sem.o)
 .debug_pubnames
                0x00002211       0xd6 ./../code/src/eCos/untitled_install/lib/libtarget.a(kernel_flag.o)
 .debug_pubnames
                0x000022e7       0xfa ./../code/src/eCos/untitled_install/lib/libtarget.a(kernel_mbox.o)
 .debug_pubnames
                0x000023e1      0x304 ./../code/src/eCos/untitled_install/lib/libtarget.a(kernel_mutex.o)
 .debug_pubnames
                0x000026e5       0x2b ./../code/src/eCos/untitled_install/lib/libtarget.a(language_c_libc_startup_mainthread.o)
 .debug_pubnames
                0x00002710       0x62 ./../code/src/eCos/untitled_install/lib/libtarget.a(language_c_libc_stdio_stdioinlines.o)
 .debug_pubnames
                0x00002772       0x37 ./../code/src/eCos/untitled_install/lib/libtarget.a(language_c_libc_stdio_stdout.o)
 .debug_pubnames
                0x000027a9      0x283 ./../code/src/eCos/untitled_install/lib/libtarget.a(language_c_libc_stdio_stream.o)
 .debug_pubnames
                0x00002a2c       0x38 ./../code/src/eCos/untitled_install/lib/libtarget.a(language_c_libc_stdio_streambuf.o)
 .debug_pubnames
                0x00002a64       0xbe ./../code/src/eCos/untitled_install/lib/libtarget.a(language_c_libc_stdio_vsnprintf.o)
 .debug_pubnames
                0x00002b22       0x40 ./../code/src/eCos/untitled_install/lib/libtarget.a(language_c_libc_stdio_vfscanf.o)
 .debug_pubnames
                0x00002b62       0x1e ./../code/src/eCos/untitled_install/lib/libtarget.a(language_c_libc_stdio_fprintf.o)
 .debug_pubnames
                0x00002b80       0x28 ./../code/src/eCos/untitled_install/lib/libtarget.a(language_c_libc_stdio_fputc.o)
 .debug_pubnames
                0x00002ba8       0x1c ./../code/src/eCos/untitled_install/lib/libtarget.a(language_c_libc_stdio_fputs.o)
 .debug_pubnames
                0x00002bc4       0x20 ./../code/src/eCos/untitled_install/lib/libtarget.a(language_c_libc_stdio_vfnprintf.o)
 .debug_pubnames
                0x00002be4       0x1d ./../code/src/eCos/untitled_install/lib/libtarget.a(language_c_libc_stdlib_strtod.o)
 .debug_pubnames
                0x00002c01       0x1d ./../code/src/eCos/untitled_install/lib/libtarget.a(language_c_libc_stdlib_strtol.o)
 .debug_pubnames
                0x00002c1e       0x1e ./../code/src/eCos/untitled_install/lib/libtarget.a(language_c_libc_stdlib_strtoul.o)
 .debug_pubnames
                0x00002c3c       0x1e ./../code/src/eCos/untitled_install/lib/libtarget.a(language_c_libc_stdlib_strtoll.o)
 .debug_pubnames
                0x00002c5a       0x1f ./../code/src/eCos/untitled_install/lib/libtarget.a(language_c_libc_stdlib_strtoull.o)
 .debug_pubnames
                0x00002c79       0x1f ./../code/src/eCos/untitled_install/lib/libtarget.a(language_c_libc_string_memchr.o)
 .debug_pubnames
                0x00002c98       0x1f ./../code/src/eCos/untitled_install/lib/libtarget.a(language_c_libc_string_strlen.o)
 .debug_pubnames
                0x00002cb7       0x4c ./../code/src/eCos/untitled_install/lib/libtarget.a(language_c_libc_string_strsuppt.o)
 .debug_pubnames
                0x00002d03       0x28 ./../code/src/eCos/untitled_install/lib/libtarget.a(language_c_libm_infconst.o)
 .debug_pubnames
                0x00002d2b       0x1b ./../code/src/eCos/untitled_install/lib/libtarget.a(language_c_libm_s_modf.o)
 .debug_pubnames
                0x00002d46       0x21 ./../code/src/eCos/untitled_install/lib/libtarget.a(error_strerror.o)
 .debug_pubnames
                0x00002d67       0x2c ./../code/src/eCos/untitled_install/lib/libtarget.a(error_errno.o)
 .debug_pubnames
                0x00002d93       0x98 ./../code/src/eCos/untitled_install/lib/libtarget.a(hal_arm_arch_hal_misc.o)
 .debug_pubnames
                0x00002e2b      0x154 ./../code/src/eCos/untitled_install/lib/libtarget.a(hal_arm_lpc2xxx_var_lpc2xxx_misc.o)
 .debug_pubnames
                0x00002f7f       0x46 ./../code/src/eCos/untitled_install/lib/libtarget.a(hal_arm_lpc2xxx_p2106_p2106_misc.o)
 .debug_pubnames
                0x00002fc5       0x1e ./../code/src/eCos/untitled_install/lib/libtarget.a(infra_memcpy.o)
 .debug_pubnames
                0x00002fe3       0x3d ./../code/src/eCos/untitled_install/lib/libtarget.a(infra_delete.o)
 .debug_pubnames
                0x00003020      0x37a ./../code/src/eCos/untitled_install/lib/libtarget.a(kernel_clock.o)
 .debug_pubnames
                0x0000339a       0x4a ./../code/src/eCos/untitled_install/lib/libtarget.a(services_memalloc_common_malloc.o)
 .debug_pubnames
                0x000033e4       0x42 ./../code/src/eCos/untitled_install/lib/libtarget.a(services_memalloc_common_heaps.o)
 .debug_pubnames
                0x00003426       0x2b ./../code/src/eCos/untitled_install/lib/libtarget.a(language_c_libc_startup_invokemain.o)
 .debug_pubnames
                0x00003451       0x3e ./../code/src/eCos/untitled_install/lib/libtarget.a(language_c_libc_stdio_fflush.o)
 .debug_pubnames
                0x0000348f       0x1e ./../code/src/eCos/untitled_install/lib/libtarget.a(language_c_libc_stdio_setvbuf.o)
 .debug_pubnames
                0x000034ad       0x37 ./../code/src/eCos/untitled_install/lib/libtarget.a(language_c_libc_stdio_stderr.o)
 .debug_pubnames
                0x000034e4       0x35 ./../code/src/eCos/untitled_install/lib/libtarget.a(language_c_libc_stdio_stdin.o)
 .debug_pubnames
                0x00003519       0x57 ./../code/src/eCos/untitled_install/lib/libtarget.a(language_c_libc_stdio_stdiofiles.o)
 .debug_pubnames
                0x00003570       0x33 ./../code/src/eCos/untitled_install/lib/libtarget.a(language_c_libc_stdio_stdiosupp.o)
 .debug_pubnames
                0x000035a3       0x1d ./../code/src/eCos/untitled_install/lib/libtarget.a(language_c_libc_stdio_ungetc.o)
 .debug_pubnames
                0x000035c0       0x9b ./../code/src/eCos/untitled_install/lib/libtarget.a(hal_arm_lpc2xxx_var_hal_diag.o)
 .debug_pubnames
                0x0000365b       0x1e ./../code/src/eCos/untitled_install/lib/libtarget.a(infra_memset.o)
 .debug_pubnames
                0x00003679      0x177 ./../code/src/eCos/untitled_install/lib/libtarget.a(services_memalloc_common_dlmalloc.o)
 .debug_pubnames
                0x000037f0       0x1b ./../code/src/eCos/untitled_install/lib/libtarget.a(language_c_libc_startup_exit.o)
 .debug_pubnames
                0x0000380b       0x20 ./../code/src/eCos/untitled_install/lib/libtarget.a(language_c_libc_string_memmove.o)
 .debug_pubnames
                0x0000382b       0x1c ./../code/src/eCos/untitled_install/lib/libtarget.a(language_c_libc_startup__exit.o)
 .debug_pubnames
                0x00003847       0x41 ./../code/src/eCos/untitled_install/lib/libtarget.a(language_c_libc_startup_atexit.o)

.debug_info     0x00000000    0x58f52
 *(.debug_info)
 .debug_info    0x00000000      0x106 ./../code/src/eCos/untitled_install/lib/vectors.o
 .debug_info    0x00000106     0x43ab ./../code/src/eCos/untitled_install/lib/extras.o
 .debug_info    0x000044b1      0xf10 ./../code/src/eCos/untitled_install/lib/libtarget.a(hal_common_hal_if.o)
 .debug_info    0x000053c1      0x176 ./../code/src/eCos/untitled_install/lib/libtarget.a(hal_common_hal_misc.o)
 .debug_info    0x00005537      0x913 ./../code/src/eCos/untitled_install/lib/libtarget.a(io_common_iosys.o)
 .debug_info    0x00005e4a     0x1c0a ./../code/src/eCos/untitled_install/lib/libtarget.a(infra_startup.o)
 .debug_info    0x00007a54       0x70 ./../code/src/eCos/untitled_install/lib/libtarget.a(infra_prestart.o)
 .debug_info    0x00007ac4       0x70 ./../code/src/eCos/untitled_install/lib/libtarget.a(infra_pkgstart.o)
 .debug_info    0x00007b34       0x70 ./../code/src/eCos/untitled_install/lib/libtarget.a(infra_userstart.o)
 .debug_info    0x00007ba4      0xb2f ./../code/src/eCos/untitled_install/lib/libtarget.a(infra_diag.o)
 .debug_info    0x000086d3     0x57fc ./../code/src/eCos/untitled_install/lib/libtarget.a(kernel_kapi.o)
 .debug_info    0x0000decf     0x4280 ./../code/src/eCos/untitled_install/lib/libtarget.a(kernel_thread.o)
 .debug_info    0x0001214f     0x1e7b ./../code/src/eCos/untitled_install/lib/libtarget.a(kernel_except.o)
 .debug_info    0x00013fca     0x2a48 ./../code/src/eCos/untitled_install/lib/libtarget.a(kernel_intr.o)
 .debug_info    0x00016a12     0x2ed3 ./../code/src/eCos/untitled_install/lib/libtarget.a(kernel_mlqueue.o)
 .debug_info    0x000198e5     0x2d45 ./../code/src/eCos/untitled_install/lib/libtarget.a(kernel_sched.o)
 .debug_info    0x0001c62a     0x2910 ./../code/src/eCos/untitled_install/lib/libtarget.a(kernel_cnt_sem.o)
 .debug_info    0x0001ef3a     0x2ef2 ./../code/src/eCos/untitled_install/lib/libtarget.a(kernel_flag.o)
 .debug_info    0x00021e2c     0x393a ./../code/src/eCos/untitled_install/lib/libtarget.a(kernel_mbox.o)
 .debug_info    0x00025766     0x3560 ./../code/src/eCos/untitled_install/lib/libtarget.a(kernel_mutex.o)
 .debug_info    0x00028cc6     0x1c8a ./../code/src/eCos/untitled_install/lib/libtarget.a(language_c_libc_startup_mainthread.o)
 .debug_info    0x0002a950      0x284 ./../code/src/eCos/untitled_install/lib/libtarget.a(language_c_libc_stdio_stdioinlines.o)
 .debug_info    0x0002abd4     0x2162 ./../code/src/eCos/untitled_install/lib/libtarget.a(language_c_libc_stdio_stdout.o)
 .debug_info    0x0002cd36     0x334d ./../code/src/eCos/untitled_install/lib/libtarget.a(language_c_libc_stdio_stream.o)
 .debug_info    0x00030083      0x2f7 ./../code/src/eCos/untitled_install/lib/libtarget.a(language_c_libc_stdio_streambuf.o)
 .debug_info    0x0003037a     0x1df1 ./../code/src/eCos/untitled_install/lib/libtarget.a(language_c_libc_stdio_vsnprintf.o)
 .debug_info    0x0003216b     0x248e ./../code/src/eCos/untitled_install/lib/libtarget.a(language_c_libc_stdio_vfscanf.o)
 .debug_info    0x000345f9      0x13e ./../code/src/eCos/untitled_install/lib/libtarget.a(language_c_libc_stdio_fprintf.o)
 .debug_info    0x00034737     0x1c7a ./../code/src/eCos/untitled_install/lib/libtarget.a(language_c_libc_stdio_fputc.o)
 .debug_info    0x000363b1     0x1be6 ./../code/src/eCos/untitled_install/lib/libtarget.a(language_c_libc_stdio_fputs.o)
 .debug_info    0x00037f97     0x230b ./../code/src/eCos/untitled_install/lib/libtarget.a(language_c_libc_stdio_vfnprintf.o)
 .debug_info    0x0003a2a2      0x4aa ./../code/src/eCos/untitled_install/lib/libtarget.a(language_c_libc_stdlib_strtod.o)
 .debug_info    0x0003a74c      0x1f8 ./../code/src/eCos/untitled_install/lib/libtarget.a(language_c_libc_stdlib_strtol.o)
 .debug_info    0x0003a944      0x1f0 ./../code/src/eCos/untitled_install/lib/libtarget.a(language_c_libc_stdlib_strtoul.o)
 .debug_info    0x0003ab34      0x1f5 ./../code/src/eCos/untitled_install/lib/libtarget.a(language_c_libc_stdlib_strtoll.o)
 .debug_info    0x0003ad29      0x1ed ./../code/src/eCos/untitled_install/lib/libtarget.a(language_c_libc_stdlib_strtoull.o)
 .debug_info    0x0003af16      0x159 ./../code/src/eCos/untitled_install/lib/libtarget.a(language_c_libc_string_memchr.o)
 .debug_info    0x0003b06f      0x110 ./../code/src/eCos/untitled_install/lib/libtarget.a(language_c_libc_string_strlen.o)
 .debug_info    0x0003b17f       0x8e ./../code/src/eCos/untitled_install/lib/libtarget.a(language_c_libc_string_strsuppt.o)
 .debug_info    0x0003b20d      0x263 ./../code/src/eCos/untitled_install/lib/libtarget.a(language_c_libm_infconst.o)
 .debug_info    0x0003b470      0x2cd ./../code/src/eCos/untitled_install/lib/libtarget.a(language_c_libm_s_modf.o)
 .debug_info    0x0003b73d       0xa2 ./../code/src/eCos/untitled_install/lib/libtarget.a(error_strerror.o)
 .debug_info    0x0003b7df     0x1ce6 ./../code/src/eCos/untitled_install/lib/libtarget.a(error_errno.o)
 .debug_info    0x0003d4c5      0x28c ./../code/src/eCos/untitled_install/lib/libtarget.a(hal_arm_arch_hal_misc.o)
 .debug_info    0x0003d751      0x10a ./../code/src/eCos/untitled_install/lib/libtarget.a(hal_arm_arch_context.o)
 .debug_info    0x0003d85b      0x447 ./../code/src/eCos/untitled_install/lib/libtarget.a(hal_arm_lpc2xxx_var_lpc2xxx_misc.o)
 .debug_info    0x0003dca2       0xa8 ./../code/src/eCos/untitled_install/lib/libtarget.a(hal_arm_lpc2xxx_p2106_p2106_misc.o)
 .debug_info    0x0003dd4a      0x12c ./../code/src/eCos/untitled_install/lib/libtarget.a(infra_memcpy.o)
 .debug_info    0x0003de76       0xa8 ./../code/src/eCos/untitled_install/lib/libtarget.a(infra_delete.o)
 .debug_info    0x0003df1e     0x39bf ./../code/src/eCos/untitled_install/lib/libtarget.a(kernel_clock.o)
 .debug_info    0x000418dd     0x2f62 ./../code/src/eCos/untitled_install/lib/libtarget.a(services_memalloc_common_malloc.o)
 .debug_info    0x0004483f     0x27d8 ./../code/src/eCos/untitled_install/lib/libtarget.a(services_memalloc_common_heaps.o)
 .debug_info    0x00047017       0xd4 ./../code/src/eCos/untitled_install/lib/libtarget.a(language_c_libc_startup_invokemain.o)
 .debug_info    0x000470eb     0x1f81 ./../code/src/eCos/untitled_install/lib/libtarget.a(language_c_libc_stdio_fflush.o)
 .debug_info    0x0004906c     0x1b7e ./../code/src/eCos/untitled_install/lib/libtarget.a(language_c_libc_stdio_setvbuf.o)
 .debug_info    0x0004abea     0x2162 ./../code/src/eCos/untitled_install/lib/libtarget.a(language_c_libc_stdio_stderr.o)
 .debug_info    0x0004cd4c     0x2162 ./../code/src/eCos/untitled_install/lib/libtarget.a(language_c_libc_stdio_stdin.o)
 .debug_info    0x0004eeae     0x1cfa ./../code/src/eCos/untitled_install/lib/libtarget.a(language_c_libc_stdio_stdiofiles.o)
 .debug_info    0x00050ba8     0x1b9e ./../code/src/eCos/untitled_install/lib/libtarget.a(language_c_libc_stdio_stdiosupp.o)
 .debug_info    0x00052746     0x1bfe ./../code/src/eCos/untitled_install/lib/libtarget.a(language_c_libc_stdio_ungetc.o)
 .debug_info    0x00054344      0x7f4 ./../code/src/eCos/untitled_install/lib/libtarget.a(hal_arm_lpc2xxx_var_hal_diag.o)
 .debug_info    0x00054b38      0x123 ./../code/src/eCos/untitled_install/lib/libtarget.a(infra_memset.o)
 .debug_info    0x00054c5b     0x23e8 ./../code/src/eCos/untitled_install/lib/libtarget.a(services_memalloc_common_dlmalloc.o)
 .debug_info    0x00057043       0xf8 ./../code/src/eCos/untitled_install/lib/libtarget.a(language_c_libc_startup_exit.o)
 .debug_info    0x0005713b       0xee ./../code/src/eCos/untitled_install/lib/libtarget.a(language_c_libc_string_memmove.o)
 .debug_info    0x00057229     0x1c23 ./../code/src/eCos/untitled_install/lib/libtarget.a(language_c_libc_startup__exit.o)
 .debug_info    0x00058e4c      0x106 ./../code/src/eCos/untitled_install/lib/libtarget.a(language_c_libc_startup_atexit.o)

.debug_abbrev   0x00000000     0xd044
 *(.debug_abbrev)
 .debug_abbrev  0x00000000       0x12 ./../code/src/eCos/untitled_install/lib/vectors.o
 .debug_abbrev  0x00000012      0xae7 ./../code/src/eCos/untitled_install/lib/extras.o
 .debug_abbrev  0x00000af9      0x2c9 ./../code/src/eCos/untitled_install/lib/libtarget.a(hal_common_hal_if.o)
 .debug_abbrev  0x00000dc2       0xfb ./../code/src/eCos/untitled_install/lib/libtarget.a(hal_common_hal_misc.o)
 .debug_abbrev  0x00000ebd      0x21f ./../code/src/eCos/untitled_install/lib/libtarget.a(io_common_iosys.o)
 .debug_abbrev  0x000010dc      0x358 ./../code/src/eCos/untitled_install/lib/libtarget.a(infra_startup.o)
 .debug_abbrev  0x00001434       0x3d ./../code/src/eCos/untitled_install/lib/libtarget.a(infra_prestart.o)
 .debug_abbrev  0x00001471       0x3d ./../code/src/eCos/untitled_install/lib/libtarget.a(infra_pkgstart.o)
 .debug_abbrev  0x000014ae       0x3d ./../code/src/eCos/untitled_install/lib/libtarget.a(infra_userstart.o)
 .debug_abbrev  0x000014eb      0x374 ./../code/src/eCos/untitled_install/lib/libtarget.a(infra_diag.o)
 .debug_abbrev  0x0000185f      0x782 ./../code/src/eCos/untitled_install/lib/libtarget.a(kernel_kapi.o)
 .debug_abbrev  0x00001fe1      0x6ef ./../code/src/eCos/untitled_install/lib/libtarget.a(kernel_thread.o)
 .debug_abbrev  0x000026d0      0x4b3 ./../code/src/eCos/untitled_install/lib/libtarget.a(kernel_except.o)
 .debug_abbrev  0x00002b83      0x67e ./../code/src/eCos/untitled_install/lib/libtarget.a(kernel_intr.o)
 .debug_abbrev  0x00003201      0x668 ./../code/src/eCos/untitled_install/lib/libtarget.a(kernel_mlqueue.o)
 .debug_abbrev  0x00003869      0x667 ./../code/src/eCos/untitled_install/lib/libtarget.a(kernel_sched.o)
 .debug_abbrev  0x00003ed0      0x590 ./../code/src/eCos/untitled_install/lib/libtarget.a(kernel_cnt_sem.o)
 .debug_abbrev  0x00004460      0x64a ./../code/src/eCos/untitled_install/lib/libtarget.a(kernel_flag.o)
 .debug_abbrev  0x00004aaa      0x5f0 ./../code/src/eCos/untitled_install/lib/libtarget.a(kernel_mbox.o)
 .debug_abbrev  0x0000509a      0x605 ./../code/src/eCos/untitled_install/lib/libtarget.a(kernel_mutex.o)
 .debug_abbrev  0x0000569f      0x39d ./../code/src/eCos/untitled_install/lib/libtarget.a(language_c_libc_startup_mainthread.o)
 .debug_abbrev  0x00005a3c      0x10c ./../code/src/eCos/untitled_install/lib/libtarget.a(language_c_libc_stdio_stdioinlines.o)
 .debug_abbrev  0x00005b48      0x44b ./../code/src/eCos/untitled_install/lib/libtarget.a(language_c_libc_stdio_stdout.o)
 .debug_abbrev  0x00005f93      0x643 ./../code/src/eCos/untitled_install/lib/libtarget.a(language_c_libc_stdio_stream.o)
 .debug_abbrev  0x000065d6      0x14b ./../code/src/eCos/untitled_install/lib/libtarget.a(language_c_libc_stdio_streambuf.o)
 .debug_abbrev  0x00006721      0x519 ./../code/src/eCos/untitled_install/lib/libtarget.a(language_c_libc_stdio_vsnprintf.o)
 .debug_abbrev  0x00006c3a      0x53a ./../code/src/eCos/untitled_install/lib/libtarget.a(language_c_libc_stdio_vfscanf.o)
 .debug_abbrev  0x00007174       0xd0 ./../code/src/eCos/untitled_install/lib/libtarget.a(language_c_libc_stdio_fprintf.o)
 .debug_abbrev  0x00007244      0x464 ./../code/src/eCos/untitled_install/lib/libtarget.a(language_c_libc_stdio_fputc.o)
 .debug_abbrev  0x000076a8      0x419 ./../code/src/eCos/untitled_install/lib/libtarget.a(language_c_libc_stdio_fputs.o)
 .debug_abbrev  0x00007ac1      0x51f ./../code/src/eCos/untitled_install/lib/libtarget.a(language_c_libc_stdio_vfnprintf.o)
 .debug_abbrev  0x00007fe0      0x209 ./../code/src/eCos/untitled_install/lib/libtarget.a(language_c_libc_stdlib_strtod.o)
 .debug_abbrev  0x000081e9       0xde ./../code/src/eCos/untitled_install/lib/libtarget.a(language_c_libc_stdlib_strtol.o)
 .debug_abbrev  0x000082c7       0xdc ./../code/src/eCos/untitled_install/lib/libtarget.a(language_c_libc_stdlib_strtoul.o)
 .debug_abbrev  0x000083a3       0xcf ./../code/src/eCos/untitled_install/lib/libtarget.a(language_c_libc_stdlib_strtoll.o)
 .debug_abbrev  0x00008472       0xcd ./../code/src/eCos/untitled_install/lib/libtarget.a(language_c_libc_stdlib_strtoull.o)
 .debug_abbrev  0x0000853f       0xb7 ./../code/src/eCos/untitled_install/lib/libtarget.a(language_c_libc_string_memchr.o)
 .debug_abbrev  0x000085f6       0x9a ./../code/src/eCos/untitled_install/lib/libtarget.a(language_c_libc_string_strlen.o)
 .debug_abbrev  0x00008690       0x4d ./../code/src/eCos/untitled_install/lib/libtarget.a(language_c_libc_string_strsuppt.o)
 .debug_abbrev  0x000086dd       0xe7 ./../code/src/eCos/untitled_install/lib/libtarget.a(language_c_libm_infconst.o)
 .debug_abbrev  0x000087c4      0x143 ./../code/src/eCos/untitled_install/lib/libtarget.a(language_c_libm_s_modf.o)
 .debug_abbrev  0x00008907       0x68 ./../code/src/eCos/untitled_install/lib/libtarget.a(error_strerror.o)
 .debug_abbrev  0x0000896f      0x402 ./../code/src/eCos/untitled_install/lib/libtarget.a(error_errno.o)
 .debug_abbrev  0x00008d71      0x15b ./../code/src/eCos/untitled_install/lib/libtarget.a(hal_arm_arch_hal_misc.o)
 .debug_abbrev  0x00008ecc       0x14 ./../code/src/eCos/untitled_install/lib/libtarget.a(hal_arm_arch_context.o)
 .debug_abbrev  0x00008ee0      0x23d ./../code/src/eCos/untitled_install/lib/libtarget.a(hal_arm_lpc2xxx_var_lpc2xxx_misc.o)
 .debug_abbrev  0x0000911d       0x74 ./../code/src/eCos/untitled_install/lib/libtarget.a(hal_arm_lpc2xxx_p2106_p2106_misc.o)
 .debug_abbrev  0x00009191       0x97 ./../code/src/eCos/untitled_install/lib/libtarget.a(infra_memcpy.o)
 .debug_abbrev  0x00009228       0x6e ./../code/src/eCos/untitled_install/lib/libtarget.a(infra_delete.o)
 .debug_abbrev  0x00009296      0x71e ./../code/src/eCos/untitled_install/lib/libtarget.a(kernel_clock.o)
 .debug_abbrev  0x000099b4      0x604 ./../code/src/eCos/untitled_install/lib/libtarget.a(services_memalloc_common_malloc.o)
 .debug_abbrev  0x00009fb8      0x54a ./../code/src/eCos/untitled_install/lib/libtarget.a(services_memalloc_common_heaps.o)
 .debug_abbrev  0x0000a502       0xa2 ./../code/src/eCos/untitled_install/lib/libtarget.a(language_c_libc_startup_invokemain.o)
 .debug_abbrev  0x0000a5a4      0x4bc ./../code/src/eCos/untitled_install/lib/libtarget.a(language_c_libc_stdio_fflush.o)
 .debug_abbrev  0x0000aa60      0x3e0 ./../code/src/eCos/untitled_install/lib/libtarget.a(language_c_libc_stdio_setvbuf.o)
 .debug_abbrev  0x0000ae40      0x44b ./../code/src/eCos/untitled_install/lib/libtarget.a(language_c_libc_stdio_stderr.o)
 .debug_abbrev  0x0000b28b      0x44b ./../code/src/eCos/untitled_install/lib/libtarget.a(language_c_libc_stdio_stdin.o)
 .debug_abbrev  0x0000b6d6      0x39b ./../code/src/eCos/untitled_install/lib/libtarget.a(language_c_libc_stdio_stdiofiles.o)
 .debug_abbrev  0x0000ba71      0x3ea ./../code/src/eCos/untitled_install/lib/libtarget.a(language_c_libc_stdio_stdiosupp.o)
 .debug_abbrev  0x0000be5b      0x419 ./../code/src/eCos/untitled_install/lib/libtarget.a(language_c_libc_stdio_ungetc.o)
 .debug_abbrev  0x0000c274      0x386 ./../code/src/eCos/untitled_install/lib/libtarget.a(hal_arm_lpc2xxx_var_hal_diag.o)
 .debug_abbrev  0x0000c5fa       0x8b ./../code/src/eCos/untitled_install/lib/libtarget.a(infra_memset.o)
 .debug_abbrev  0x0000c685      0x45e ./../code/src/eCos/untitled_install/lib/libtarget.a(services_memalloc_common_dlmalloc.o)
 .debug_abbrev  0x0000cae3       0xaa ./../code/src/eCos/untitled_install/lib/libtarget.a(language_c_libc_startup_exit.o)
 .debug_abbrev  0x0000cb8d       0x88 ./../code/src/eCos/untitled_install/lib/libtarget.a(language_c_libc_string_memmove.o)
 .debug_abbrev  0x0000cc15      0x369 ./../code/src/eCos/untitled_install/lib/libtarget.a(language_c_libc_startup__exit.o)
 .debug_abbrev  0x0000cf7e       0xc6 ./../code/src/eCos/untitled_install/lib/libtarget.a(language_c_libc_startup_atexit.o)

.debug_line     0x00000000    0x11b06
 *(.debug_line)
 .debug_line    0x00000000      0x1f2 ./../code/src/eCos/untitled_install/lib/vectors.o
 .debug_line    0x000001f2      0xe92 ./../code/src/eCos/untitled_install/lib/extras.o
 .debug_line    0x00001084      0x5b8 ./../code/src/eCos/untitled_install/lib/libtarget.a(hal_common_hal_if.o)
 .debug_line    0x0000163c      0x1c8 ./../code/src/eCos/untitled_install/lib/libtarget.a(hal_common_hal_misc.o)
 .debug_line    0x00001804      0x372 ./../code/src/eCos/untitled_install/lib/libtarget.a(io_common_iosys.o)
 .debug_line    0x00001b76      0x27b ./../code/src/eCos/untitled_install/lib/libtarget.a(infra_startup.o)
 .debug_line    0x00001df1       0xa6 ./../code/src/eCos/untitled_install/lib/libtarget.a(infra_prestart.o)
 .debug_line    0x00001e97       0xa6 ./../code/src/eCos/untitled_install/lib/libtarget.a(infra_pkgstart.o)
 .debug_line    0x00001f3d       0xa7 ./../code/src/eCos/untitled_install/lib/libtarget.a(infra_userstart.o)
 .debug_line    0x00001fe4      0x5f6 ./../code/src/eCos/untitled_install/lib/libtarget.a(infra_diag.o)
 .debug_line    0x000025da      0xf78 ./../code/src/eCos/untitled_install/lib/libtarget.a(kernel_kapi.o)
 .debug_line    0x00003552      0xeb6 ./../code/src/eCos/untitled_install/lib/libtarget.a(kernel_thread.o)
 .debug_line    0x00004408      0x338 ./../code/src/eCos/untitled_install/lib/libtarget.a(kernel_except.o)
 .debug_line    0x00004740      0x57c ./../code/src/eCos/untitled_install/lib/libtarget.a(kernel_intr.o)
 .debug_line    0x00004cbc      0x746 ./../code/src/eCos/untitled_install/lib/libtarget.a(kernel_mlqueue.o)
 .debug_line    0x00005402      0x59a ./../code/src/eCos/untitled_install/lib/libtarget.a(kernel_sched.o)
 .debug_line    0x0000599c      0x572 ./../code/src/eCos/untitled_install/lib/libtarget.a(kernel_cnt_sem.o)
 .debug_line    0x00005f0e      0x756 ./../code/src/eCos/untitled_install/lib/libtarget.a(kernel_flag.o)
 .debug_line    0x00006664      0x91a ./../code/src/eCos/untitled_install/lib/libtarget.a(kernel_mbox.o)
 .debug_line    0x00006f7e      0x9c7 ./../code/src/eCos/untitled_install/lib/libtarget.a(kernel_mutex.o)
 .debug_line    0x00007945      0x2c0 ./../code/src/eCos/untitled_install/lib/libtarget.a(language_c_libc_startup_mainthread.o)
 .debug_line    0x00007c05      0x2a8 ./../code/src/eCos/untitled_install/lib/libtarget.a(language_c_libc_stdio_stdioinlines.o)
 .debug_line    0x00007ead      0x4c1 ./../code/src/eCos/untitled_install/lib/libtarget.a(language_c_libc_stdio_stdout.o)
 .debug_line    0x0000836e      0xa84 ./../code/src/eCos/untitled_install/lib/libtarget.a(language_c_libc_stdio_stream.o)
 .debug_line    0x00008df2      0x252 ./../code/src/eCos/untitled_install/lib/libtarget.a(language_c_libc_stdio_streambuf.o)
 .debug_line    0x00009044      0x48a ./../code/src/eCos/untitled_install/lib/libtarget.a(language_c_libc_stdio_vsnprintf.o)
 .debug_line    0x000094ce      0x9f3 ./../code/src/eCos/untitled_install/lib/libtarget.a(language_c_libc_stdio_vfscanf.o)
 .debug_line    0x00009ec1      0x219 ./../code/src/eCos/untitled_install/lib/libtarget.a(language_c_libc_stdio_fprintf.o)
 .debug_line    0x0000a0da      0x3d6 ./../code/src/eCos/untitled_install/lib/libtarget.a(language_c_libc_stdio_fputc.o)
 .debug_line    0x0000a4b0      0x3b6 ./../code/src/eCos/untitled_install/lib/libtarget.a(language_c_libc_stdio_fputs.o)
 .debug_line    0x0000a866      0x8e6 ./../code/src/eCos/untitled_install/lib/libtarget.a(language_c_libc_stdio_vfnprintf.o)
 .debug_line    0x0000b14c      0x43b ./../code/src/eCos/untitled_install/lib/libtarget.a(language_c_libc_stdlib_strtod.o)
 .debug_line    0x0000b587      0x184 ./../code/src/eCos/untitled_install/lib/libtarget.a(language_c_libc_stdlib_strtol.o)
 .debug_line    0x0000b70b      0x17c ./../code/src/eCos/untitled_install/lib/libtarget.a(language_c_libc_stdlib_strtoul.o)
 .debug_line    0x0000b887      0x195 ./../code/src/eCos/untitled_install/lib/libtarget.a(language_c_libc_stdlib_strtoll.o)
 .debug_line    0x0000ba1c      0x194 ./../code/src/eCos/untitled_install/lib/libtarget.a(language_c_libc_stdlib_strtoull.o)
 .debug_line    0x0000bbb0      0x260 ./../code/src/eCos/untitled_install/lib/libtarget.a(language_c_libc_string_memchr.o)
 .debug_line    0x0000be10      0x230 ./../code/src/eCos/untitled_install/lib/libtarget.a(language_c_libc_string_strlen.o)
 .debug_line    0x0000c040      0x11e ./../code/src/eCos/untitled_install/lib/libtarget.a(language_c_libc_string_strsuppt.o)
 .debug_line    0x0000c15e      0x26c ./../code/src/eCos/untitled_install/lib/libtarget.a(language_c_libm_infconst.o)
 .debug_line    0x0000c3ca      0x2b9 ./../code/src/eCos/untitled_install/lib/libtarget.a(language_c_libm_s_modf.o)
 .debug_line    0x0000c683      0x12e ./../code/src/eCos/untitled_install/lib/libtarget.a(error_strerror.o)
 .debug_line    0x0000c7b1      0x306 ./../code/src/eCos/untitled_install/lib/libtarget.a(error_errno.o)
 .debug_line    0x0000cab7      0x209 ./../code/src/eCos/untitled_install/lib/libtarget.a(hal_arm_arch_hal_misc.o)
 .debug_line    0x0000ccc0       0xbf ./../code/src/eCos/untitled_install/lib/libtarget.a(hal_arm_arch_context.o)
 .debug_line    0x0000cd7f      0x31b ./../code/src/eCos/untitled_install/lib/libtarget.a(hal_arm_lpc2xxx_var_lpc2xxx_misc.o)
 .debug_line    0x0000d09a       0xca ./../code/src/eCos/untitled_install/lib/libtarget.a(hal_arm_lpc2xxx_p2106_p2106_misc.o)
 .debug_line    0x0000d164      0x1c9 ./../code/src/eCos/untitled_install/lib/libtarget.a(infra_memcpy.o)
 .debug_line    0x0000d32d       0xb7 ./../code/src/eCos/untitled_install/lib/libtarget.a(infra_delete.o)
 .debug_line    0x0000d3e4      0xa4e ./../code/src/eCos/untitled_install/lib/libtarget.a(kernel_clock.o)
 .debug_line    0x0000de32      0x6ea ./../code/src/eCos/untitled_install/lib/libtarget.a(services_memalloc_common_malloc.o)
 .debug_line    0x0000e51c      0x481 ./../code/src/eCos/untitled_install/lib/libtarget.a(services_memalloc_common_heaps.o)
 .debug_line    0x0000e99d      0x13e ./../code/src/eCos/untitled_install/lib/libtarget.a(language_c_libc_startup_invokemain.o)
 .debug_line    0x0000eadb      0x454 ./../code/src/eCos/untitled_install/lib/libtarget.a(language_c_libc_stdio_fflush.o)
 .debug_line    0x0000ef2f      0x446 ./../code/src/eCos/untitled_install/lib/libtarget.a(language_c_libc_stdio_setvbuf.o)
 .debug_line    0x0000f375      0x4c0 ./../code/src/eCos/untitled_install/lib/libtarget.a(language_c_libc_stdio_stderr.o)
 .debug_line    0x0000f835      0x4c0 ./../code/src/eCos/untitled_install/lib/libtarget.a(language_c_libc_stdio_stdin.o)
 .debug_line    0x0000fcf5      0x34f ./../code/src/eCos/untitled_install/lib/libtarget.a(language_c_libc_stdio_stdiofiles.o)
 .debug_line    0x00010044      0x423 ./../code/src/eCos/untitled_install/lib/libtarget.a(language_c_libc_stdio_stdiosupp.o)
 .debug_line    0x00010467      0x3da ./../code/src/eCos/untitled_install/lib/libtarget.a(language_c_libc_stdio_ungetc.o)
 .debug_line    0x00010841      0x3e7 ./../code/src/eCos/untitled_install/lib/libtarget.a(hal_arm_lpc2xxx_var_hal_diag.o)
 .debug_line    0x00010c28      0x1d2 ./../code/src/eCos/untitled_install/lib/libtarget.a(infra_memset.o)
 .debug_line    0x00010dfa      0x5dc ./../code/src/eCos/untitled_install/lib/libtarget.a(services_memalloc_common_dlmalloc.o)
 .debug_line    0x000113d6      0x1ad ./../code/src/eCos/untitled_install/lib/libtarget.a(language_c_libc_startup_exit.o)
 .debug_line    0x00011583      0x137 ./../code/src/eCos/untitled_install/lib/libtarget.a(language_c_libc_string_memmove.o)
 .debug_line    0x000116ba      0x28a ./../code/src/eCos/untitled_install/lib/libtarget.a(language_c_libc_startup__exit.o)
 .debug_line    0x00011944      0x1c2 ./../code/src/eCos/untitled_install/lib/libtarget.a(language_c_libc_startup_atexit.o)

.debug_frame    0x00000000     0x31f4
 *(.debug_frame)
 .debug_frame   0x00000000      0x26c ./../code/src/eCos/untitled_install/lib/extras.o
 .debug_frame   0x0000026c      0x264 ./../code/src/eCos/untitled_install/lib/libtarget.a(hal_common_hal_if.o)
 .debug_frame   0x000004d0       0x40 ./../code/src/eCos/untitled_install/lib/libtarget.a(hal_common_hal_misc.o)
 .debug_frame   0x00000510      0x168 ./../code/src/eCos/untitled_install/lib/libtarget.a(io_common_iosys.o)
 .debug_frame   0x00000678       0x28 ./../code/src/eCos/untitled_install/lib/libtarget.a(infra_startup.o)
 .debug_frame   0x000006a0       0x20 ./../code/src/eCos/untitled_install/lib/libtarget.a(infra_prestart.o)
 .debug_frame   0x000006c0       0x20 ./../code/src/eCos/untitled_install/lib/libtarget.a(infra_pkgstart.o)
 .debug_frame   0x000006e0       0x20 ./../code/src/eCos/untitled_install/lib/libtarget.a(infra_userstart.o)
 .debug_frame   0x00000700      0x298 ./../code/src/eCos/untitled_install/lib/libtarget.a(infra_diag.o)
 .debug_frame   0x00000998      0x848 ./../code/src/eCos/untitled_install/lib/libtarget.a(kernel_kapi.o)
 .debug_frame   0x000011e0      0x310 ./../code/src/eCos/untitled_install/lib/libtarget.a(kernel_thread.o)
 .debug_frame   0x000014f0       0xa8 ./../code/src/eCos/untitled_install/lib/libtarget.a(kernel_except.o)
 .debug_frame   0x00001598      0x214 ./../code/src/eCos/untitled_install/lib/libtarget.a(kernel_intr.o)
 .debug_frame   0x000017ac      0x1b4 ./../code/src/eCos/untitled_install/lib/libtarget.a(kernel_mlqueue.o)
 .debug_frame   0x00001960      0x164 ./../code/src/eCos/untitled_install/lib/libtarget.a(kernel_sched.o)
 .debug_frame   0x00001ac4       0xe0 ./../code/src/eCos/untitled_install/lib/libtarget.a(kernel_cnt_sem.o)
 .debug_frame   0x00001ba4      0x118 ./../code/src/eCos/untitled_install/lib/libtarget.a(kernel_flag.o)
 .debug_frame   0x00001cbc      0x13c ./../code/src/eCos/untitled_install/lib/libtarget.a(kernel_mbox.o)
 .debug_frame   0x00001df8      0x214 ./../code/src/eCos/untitled_install/lib/libtarget.a(kernel_mutex.o)
 .debug_frame   0x0000200c       0x48 ./../code/src/eCos/untitled_install/lib/libtarget.a(language_c_libc_startup_mainthread.o)
 .debug_frame   0x00002054       0x94 ./../code/src/eCos/untitled_install/lib/libtarget.a(language_c_libc_stdio_stdioinlines.o)
 .debug_frame   0x000020e8       0x50 ./../code/src/eCos/untitled_install/lib/libtarget.a(language_c_libc_stdio_stdout.o)
 .debug_frame   0x00002138      0x21c ./../code/src/eCos/untitled_install/lib/libtarget.a(language_c_libc_stdio_stream.o)
 .debug_frame   0x00002354       0x2c ./../code/src/eCos/untitled_install/lib/libtarget.a(language_c_libc_stdio_streambuf.o)
 .debug_frame   0x00002380       0x7c ./../code/src/eCos/untitled_install/lib/libtarget.a(language_c_libc_stdio_vsnprintf.o)
 .debug_frame   0x000023fc       0x60 ./../code/src/eCos/untitled_install/lib/libtarget.a(language_c_libc_stdio_vfscanf.o)
 .debug_frame   0x0000245c       0x30 ./../code/src/eCos/untitled_install/lib/libtarget.a(language_c_libc_stdio_fprintf.o)
 .debug_frame   0x0000248c       0x40 ./../code/src/eCos/untitled_install/lib/libtarget.a(language_c_libc_stdio_fputc.o)
 .debug_frame   0x000024cc       0x30 ./../code/src/eCos/untitled_install/lib/libtarget.a(language_c_libc_stdio_fputs.o)
 .debug_frame   0x000024fc       0x60 ./../code/src/eCos/untitled_install/lib/libtarget.a(language_c_libc_stdio_vfnprintf.o)
 .debug_frame   0x0000255c       0x54 ./../code/src/eCos/untitled_install/lib/libtarget.a(language_c_libc_stdlib_strtod.o)
 .debug_frame   0x000025b0       0x38 ./../code/src/eCos/untitled_install/lib/libtarget.a(language_c_libc_stdlib_strtol.o)
 .debug_frame   0x000025e8       0x38 ./../code/src/eCos/untitled_install/lib/libtarget.a(language_c_libc_stdlib_strtoul.o)
 .debug_frame   0x00002620       0x38 ./../code/src/eCos/untitled_install/lib/libtarget.a(language_c_libc_stdlib_strtoll.o)
 .debug_frame   0x00002658       0x38 ./../code/src/eCos/untitled_install/lib/libtarget.a(language_c_libc_stdlib_strtoull.o)
 .debug_frame   0x00002690       0x2c ./../code/src/eCos/untitled_install/lib/libtarget.a(language_c_libc_string_memchr.o)
 .debug_frame   0x000026bc       0x28 ./../code/src/eCos/untitled_install/lib/libtarget.a(language_c_libc_string_strlen.o)
 .debug_frame   0x000026e4       0x30 ./../code/src/eCos/untitled_install/lib/libtarget.a(language_c_libm_s_modf.o)
 .debug_frame   0x00002714       0x20 ./../code/src/eCos/untitled_install/lib/libtarget.a(error_strerror.o)
 .debug_frame   0x00002734       0x20 ./../code/src/eCos/untitled_install/lib/libtarget.a(error_errno.o)
 .debug_frame   0x00002754       0x7c ./../code/src/eCos/untitled_install/lib/libtarget.a(hal_arm_arch_hal_misc.o)
 .debug_frame   0x000027d0      0x110 ./../code/src/eCos/untitled_install/lib/libtarget.a(hal_arm_lpc2xxx_var_lpc2xxx_misc.o)
 .debug_frame   0x000028e0       0x30 ./../code/src/eCos/untitled_install/lib/libtarget.a(hal_arm_lpc2xxx_p2106_p2106_misc.o)
 .debug_frame   0x00002910       0x2c ./../code/src/eCos/untitled_install/lib/libtarget.a(infra_memcpy.o)
 .debug_frame   0x0000293c       0x30 ./../code/src/eCos/untitled_install/lib/libtarget.a(infra_delete.o)
 .debug_frame   0x0000296c      0x320 ./../code/src/eCos/untitled_install/lib/libtarget.a(kernel_clock.o)
 .debug_frame   0x00002c8c       0xac ./../code/src/eCos/untitled_install/lib/libtarget.a(services_memalloc_common_malloc.o)
 .debug_frame   0x00002d38       0x50 ./../code/src/eCos/untitled_install/lib/libtarget.a(services_memalloc_common_heaps.o)
 .debug_frame   0x00002d88       0x28 ./../code/src/eCos/untitled_install/lib/libtarget.a(language_c_libc_startup_invokemain.o)
 .debug_frame   0x00002db0       0x54 ./../code/src/eCos/untitled_install/lib/libtarget.a(language_c_libc_stdio_fflush.o)
 .debug_frame   0x00002e04       0x30 ./../code/src/eCos/untitled_install/lib/libtarget.a(language_c_libc_stdio_setvbuf.o)
 .debug_frame   0x00002e34       0x50 ./../code/src/eCos/untitled_install/lib/libtarget.a(language_c_libc_stdio_stderr.o)
 .debug_frame   0x00002e84       0x50 ./../code/src/eCos/untitled_install/lib/libtarget.a(language_c_libc_stdio_stdin.o)
 .debug_frame   0x00002ed4       0x40 ./../code/src/eCos/untitled_install/lib/libtarget.a(language_c_libc_stdio_stdiofiles.o)
 .debug_frame   0x00002f14       0x28 ./../code/src/eCos/untitled_install/lib/libtarget.a(language_c_libc_stdio_stdiosupp.o)
 .debug_frame   0x00002f3c       0x2c ./../code/src/eCos/untitled_install/lib/libtarget.a(language_c_libc_stdio_ungetc.o)
 .debug_frame   0x00002f68       0xf0 ./../code/src/eCos/untitled_install/lib/libtarget.a(hal_arm_lpc2xxx_var_hal_diag.o)
 .debug_frame   0x00003058       0x28 ./../code/src/eCos/untitled_install/lib/libtarget.a(infra_memset.o)
 .debug_frame   0x00003080       0xd0 ./../code/src/eCos/untitled_install/lib/libtarget.a(services_memalloc_common_dlmalloc.o)
 .debug_frame   0x00003150       0x20 ./../code/src/eCos/untitled_install/lib/libtarget.a(language_c_libc_startup_exit.o)
 .debug_frame   0x00003170       0x28 ./../code/src/eCos/untitled_install/lib/libtarget.a(language_c_libc_string_memmove.o)
 .debug_frame   0x00003198       0x20 ./../code/src/eCos/untitled_install/lib/libtarget.a(language_c_libc_startup__exit.o)
 .debug_frame   0x000031b8       0x3c ./../code/src/eCos/untitled_install/lib/libtarget.a(language_c_libc_startup_atexit.o)

.debug_str      0x00000000     0x9afa
 *(.debug_str)
 .debug_str     0x00000000     0x2b45 ./../code/src/eCos/untitled_install/lib/extras.o
                               0x3f6c (size before relaxing)
 .debug_str     0x00002b45      0x5a6 ./../code/src/eCos/untitled_install/lib/libtarget.a(hal_common_hal_if.o)
                                0x697 (size before relaxing)
 .debug_str     0x000030eb       0xce ./../code/src/eCos/untitled_install/lib/libtarget.a(hal_common_hal_misc.o)
                                0x1a5 (size before relaxing)
 .debug_str     0x000031b9      0x1b7 ./../code/src/eCos/untitled_install/lib/libtarget.a(io_common_iosys.o)
                                0x341 (size before relaxing)
 .debug_str     0x00003370       0x7c ./../code/src/eCos/untitled_install/lib/libtarget.a(infra_startup.o)
                               0x23e9 (size before relaxing)
 .debug_str     0x000033ec       0x80 ./../code/src/eCos/untitled_install/lib/libtarget.a(infra_prestart.o)
                                 0xf7 (size before relaxing)
 .debug_str     0x0000346c       0x85 ./../code/src/eCos/untitled_install/lib/libtarget.a(infra_pkgstart.o)
                                 0xfc (size before relaxing)
 .debug_str     0x000034f1       0x83 ./../code/src/eCos/untitled_install/lib/libtarget.a(infra_userstart.o)
                                 0xfa (size before relaxing)
 .debug_str     0x00003574      0x2f2 ./../code/src/eCos/untitled_install/lib/libtarget.a(infra_diag.o)
                                0x49f (size before relaxing)
 .debug_str     0x00003866     0x1c35 ./../code/src/eCos/untitled_install/lib/libtarget.a(kernel_kapi.o)
                               0x439d (size before relaxing)
 .debug_str     0x0000549b      0x899 ./../code/src/eCos/untitled_install/lib/libtarget.a(kernel_thread.o)
                               0x3575 (size before relaxing)
 .debug_str     0x00005d34       0xe1 ./../code/src/eCos/untitled_install/lib/libtarget.a(kernel_except.o)
                               0x2558 (size before relaxing)
 .debug_str     0x00005e15      0x1a8 ./../code/src/eCos/untitled_install/lib/libtarget.a(kernel_intr.o)
                               0x2d59 (size before relaxing)
 .debug_str     0x00005fbd       0xa0 ./../code/src/eCos/untitled_install/lib/libtarget.a(kernel_mlqueue.o)
                               0x2d14 (size before relaxing)
 .debug_str     0x0000605d      0x120 ./../code/src/eCos/untitled_install/lib/libtarget.a(kernel_sched.o)
                               0x3435 (size before relaxing)
 .debug_str     0x0000617d       0xb4 ./../code/src/eCos/untitled_install/lib/libtarget.a(kernel_cnt_sem.o)
                               0x2795 (size before relaxing)
 .debug_str     0x00006231       0xc0 ./../code/src/eCos/untitled_install/lib/libtarget.a(kernel_flag.o)
                               0x27e0 (size before relaxing)
 .debug_str     0x000062f1       0x7b ./../code/src/eCos/untitled_install/lib/libtarget.a(kernel_mbox.o)
                               0x29ee (size before relaxing)
 .debug_str     0x0000636c       0x90 ./../code/src/eCos/untitled_install/lib/libtarget.a(kernel_mutex.o)
                               0x2a30 (size before relaxing)
 .debug_str     0x000063fc       0xe7 ./../code/src/eCos/untitled_install/lib/libtarget.a(language_c_libc_startup_mainthread.o)
                               0x24b7 (size before relaxing)
 .debug_str     0x000064e3       0xb1 ./../code/src/eCos/untitled_install/lib/libtarget.a(language_c_libc_stdio_stdioinlines.o)
                                0x1a5 (size before relaxing)
 .debug_str     0x00006594      0x4bd ./../code/src/eCos/untitled_install/lib/libtarget.a(language_c_libc_stdio_stdout.o)
                               0x28eb (size before relaxing)
 .debug_str     0x00006a51      0x6d5 ./../code/src/eCos/untitled_install/lib/libtarget.a(language_c_libc_stdio_stream.o)
                               0x2e0c (size before relaxing)
 .debug_str     0x00007126       0x98 ./../code/src/eCos/untitled_install/lib/libtarget.a(language_c_libc_stdio_streambuf.o)
                                0x41d (size before relaxing)
 .debug_str     0x000071be       0xfa ./../code/src/eCos/untitled_install/lib/libtarget.a(language_c_libc_stdio_vsnprintf.o)
                               0x2344 (size before relaxing)
 .debug_str     0x000072b8      0x127 ./../code/src/eCos/untitled_install/lib/libtarget.a(language_c_libc_stdio_vfscanf.o)
                               0x268d (size before relaxing)
 .debug_str     0x000073df       0x89 ./../code/src/eCos/untitled_install/lib/libtarget.a(language_c_libc_stdio_fprintf.o)
                                0x174 (size before relaxing)
 .debug_str     0x00007468       0xc9 ./../code/src/eCos/untitled_install/lib/libtarget.a(language_c_libc_stdio_fputc.o)
                               0x231e (size before relaxing)
 .debug_str     0x00007531       0x8d ./../code/src/eCos/untitled_install/lib/libtarget.a(language_c_libc_stdio_fputs.o)
                               0x22d0 (size before relaxing)
 .debug_str     0x000075be      0x257 ./../code/src/eCos/untitled_install/lib/libtarget.a(language_c_libc_stdio_vfnprintf.o)
                               0x2481 (size before relaxing)
 .debug_str     0x00007815       0xe9 ./../code/src/eCos/untitled_install/lib/libtarget.a(language_c_libc_stdlib_strtod.o)
                                0x30d (size before relaxing)
 .debug_str     0x000078fe       0xa7 ./../code/src/eCos/untitled_install/lib/libtarget.a(language_c_libc_stdlib_strtol.o)
                                0x167 (size before relaxing)
 .debug_str     0x000079a5       0x8b ./../code/src/eCos/untitled_install/lib/libtarget.a(language_c_libc_stdlib_strtoul.o)
                                0x169 (size before relaxing)
 .debug_str     0x00007a30       0x8b ./../code/src/eCos/untitled_install/lib/libtarget.a(language_c_libc_stdlib_strtoll.o)
                                0x157 (size before relaxing)
 .debug_str     0x00007abb       0x8d ./../code/src/eCos/untitled_install/lib/libtarget.a(language_c_libc_stdlib_strtoull.o)
                                0x159 (size before relaxing)
 .debug_str     0x00007b48       0xc9 ./../code/src/eCos/untitled_install/lib/libtarget.a(language_c_libc_string_memchr.o)
                                0x17e (size before relaxing)
 .debug_str     0x00007c11       0x8b ./../code/src/eCos/untitled_install/lib/libtarget.a(language_c_libc_string_strlen.o)
                                0x179 (size before relaxing)
 .debug_str     0x00007c9c       0x84 ./../code/src/eCos/untitled_install/lib/libtarget.a(language_c_libc_string_strsuppt.o)
                                0x138 (size before relaxing)
 .debug_str     0x00007d20       0xb2 ./../code/src/eCos/untitled_install/lib/libtarget.a(language_c_libm_infconst.o)
                                0x281 (size before relaxing)
 .debug_str     0x00007dd2       0x97 ./../code/src/eCos/untitled_install/lib/libtarget.a(language_c_libm_s_modf.o)
                                0x266 (size before relaxing)
 .debug_str     0x00007e69       0x85 ./../code/src/eCos/untitled_install/lib/libtarget.a(error_strerror.o)
                                0x101 (size before relaxing)
 .debug_str     0x00007eee       0x86 ./../code/src/eCos/untitled_install/lib/libtarget.a(error_errno.o)
                               0x245f (size before relaxing)
 .debug_str     0x00007f74      0x102 ./../code/src/eCos/untitled_install/lib/libtarget.a(hal_arm_arch_hal_misc.o)
                                0x1e2 (size before relaxing)
 .debug_str     0x00008076      0x1e0 ./../code/src/eCos/untitled_install/lib/libtarget.a(hal_arm_lpc2xxx_var_lpc2xxx_misc.o)
                                0x2f8 (size before relaxing)
 .debug_str     0x00008256       0xaf ./../code/src/eCos/untitled_install/lib/libtarget.a(hal_arm_lpc2xxx_p2106_p2106_misc.o)
                                0x135 (size before relaxing)
 .debug_str     0x00008305       0x83 ./../code/src/eCos/untitled_install/lib/libtarget.a(infra_memcpy.o)
                                0x124 (size before relaxing)
 .debug_str     0x00008388       0xa2 ./../code/src/eCos/untitled_install/lib/libtarget.a(infra_delete.o)
                                0x119 (size before relaxing)
 .debug_str     0x0000842a      0x1ab ./../code/src/eCos/untitled_install/lib/libtarget.a(kernel_clock.o)
                               0x34b3 (size before relaxing)
 .debug_str     0x000085d5      0x690 ./../code/src/eCos/untitled_install/lib/libtarget.a(services_memalloc_common_malloc.o)
                               0x2c93 (size before relaxing)
 .debug_str     0x00008c65       0xdf ./../code/src/eCos/untitled_install/lib/libtarget.a(services_memalloc_common_heaps.o)
                               0x2c63 (size before relaxing)
 .debug_str     0x00008d44       0xa6 ./../code/src/eCos/untitled_install/lib/libtarget.a(language_c_libc_startup_invokemain.o)
                                0x143 (size before relaxing)
 .debug_str     0x00008dea      0x15d ./../code/src/eCos/untitled_install/lib/libtarget.a(language_c_libc_stdio_fflush.o)
                               0x25e3 (size before relaxing)
 .debug_str     0x00008f47       0x91 ./../code/src/eCos/untitled_install/lib/libtarget.a(language_c_libc_stdio_setvbuf.o)
                               0x22a0 (size before relaxing)
 .debug_str     0x00008fd8      0x112 ./../code/src/eCos/untitled_install/lib/libtarget.a(language_c_libc_stdio_stderr.o)
                               0x28eb (size before relaxing)
 .debug_str     0x000090ea      0x10d ./../code/src/eCos/untitled_install/lib/libtarget.a(language_c_libc_stdio_stdin.o)
                               0x28e4 (size before relaxing)
 .debug_str     0x000091f7       0xf0 ./../code/src/eCos/untitled_install/lib/libtarget.a(language_c_libc_stdio_stdiofiles.o)
                               0x24da (size before relaxing)
 .debug_str     0x000092e7       0xb7 ./../code/src/eCos/untitled_install/lib/libtarget.a(language_c_libc_stdio_stdiosupp.o)
                               0x22ea (size before relaxing)
 .debug_str     0x0000939e       0x8f ./../code/src/eCos/untitled_install/lib/libtarget.a(language_c_libc_stdio_ungetc.o)
                               0x22ce (size before relaxing)
 .debug_str     0x0000942d      0x267 ./../code/src/eCos/untitled_install/lib/libtarget.a(hal_arm_lpc2xxx_var_hal_diag.o)
                                0x531 (size before relaxing)
 .debug_str     0x00009694       0x8f ./../code/src/eCos/untitled_install/lib/libtarget.a(infra_memset.o)
                                0x14a (size before relaxing)
 .debug_str     0x00009723      0x146 ./../code/src/eCos/untitled_install/lib/libtarget.a(services_memalloc_common_dlmalloc.o)
                               0x275e (size before relaxing)
 .debug_str     0x00009869       0x81 ./../code/src/eCos/untitled_install/lib/libtarget.a(language_c_libc_startup_exit.o)
                                0x13d (size before relaxing)
 .debug_str     0x000098ea       0x8d ./../code/src/eCos/untitled_install/lib/libtarget.a(language_c_libc_string_memmove.o)
                                0x110 (size before relaxing)
 .debug_str     0x00009977       0x82 ./../code/src/eCos/untitled_install/lib/libtarget.a(language_c_libc_startup__exit.o)
                               0x2405 (size before relaxing)
 .debug_str     0x000099f9      0x101 ./../code/src/eCos/untitled_install/lib/libtarget.a(language_c_libc_startup_atexit.o)
                                0x18e (size before relaxing)

.debug_loc      0x00000000    0x10a16
 *(.debug_loc)
 .debug_loc     0x00000000      0xa2b ./../code/src/eCos/untitled_install/lib/extras.o
 .debug_loc     0x00000a2b      0x849 ./../code/src/eCos/untitled_install/lib/libtarget.a(hal_common_hal_if.o)
 .debug_loc     0x00001274       0x6d ./../code/src/eCos/untitled_install/lib/libtarget.a(hal_common_hal_misc.o)
 .debug_loc     0x000012e1      0x5e1 ./../code/src/eCos/untitled_install/lib/libtarget.a(io_common_iosys.o)
 .debug_loc     0x000018c2       0x2b ./../code/src/eCos/untitled_install/lib/libtarget.a(infra_startup.o)
 .debug_loc     0x000018ed     0x11af ./../code/src/eCos/untitled_install/lib/libtarget.a(infra_diag.o)
 .debug_loc     0x00002a9c     0x10bb ./../code/src/eCos/untitled_install/lib/libtarget.a(kernel_kapi.o)
 .debug_loc     0x00003b57      0xca5 ./../code/src/eCos/untitled_install/lib/libtarget.a(kernel_thread.o)
 .debug_loc     0x000047fc      0x140 ./../code/src/eCos/untitled_install/lib/libtarget.a(kernel_except.o)
 .debug_loc     0x0000493c      0x42f ./../code/src/eCos/untitled_install/lib/libtarget.a(kernel_intr.o)
 .debug_loc     0x00004d6b      0x479 ./../code/src/eCos/untitled_install/lib/libtarget.a(kernel_mlqueue.o)
 .debug_loc     0x000051e4      0x3b9 ./../code/src/eCos/untitled_install/lib/libtarget.a(kernel_sched.o)
 .debug_loc     0x0000559d      0x24a ./../code/src/eCos/untitled_install/lib/libtarget.a(kernel_cnt_sem.o)
 .debug_loc     0x000057e7      0x62a ./../code/src/eCos/untitled_install/lib/libtarget.a(kernel_flag.o)
 .debug_loc     0x00005e11      0x630 ./../code/src/eCos/untitled_install/lib/libtarget.a(kernel_mbox.o)
 .debug_loc     0x00006441      0x62a ./../code/src/eCos/untitled_install/lib/libtarget.a(kernel_mutex.o)
 .debug_loc     0x00006a6b       0x67 ./../code/src/eCos/untitled_install/lib/libtarget.a(language_c_libc_startup_mainthread.o)
 .debug_loc     0x00006ad2      0x1cd ./../code/src/eCos/untitled_install/lib/libtarget.a(language_c_libc_stdio_stdioinlines.o)
 .debug_loc     0x00006c9f       0x9e ./../code/src/eCos/untitled_install/lib/libtarget.a(language_c_libc_stdio_stdout.o)
 .debug_loc     0x00006d3d      0xa69 ./../code/src/eCos/untitled_install/lib/libtarget.a(language_c_libc_stdio_stream.o)
 .debug_loc     0x000077a6       0xbb ./../code/src/eCos/untitled_install/lib/libtarget.a(language_c_libc_stdio_streambuf.o)
 .debug_loc     0x00007861      0x148 ./../code/src/eCos/untitled_install/lib/libtarget.a(language_c_libc_stdio_vsnprintf.o)
 .debug_loc     0x000079a9     0x16a0 ./../code/src/eCos/untitled_install/lib/libtarget.a(language_c_libc_stdio_vfscanf.o)
 .debug_loc     0x00009049       0x3e ./../code/src/eCos/untitled_install/lib/libtarget.a(language_c_libc_stdio_fprintf.o)
 .debug_loc     0x00009087       0x8d ./../code/src/eCos/untitled_install/lib/libtarget.a(language_c_libc_stdio_fputc.o)
 .debug_loc     0x00009114       0x67 ./../code/src/eCos/untitled_install/lib/libtarget.a(language_c_libc_stdio_fputs.o)
 .debug_loc     0x0000917b     0x2d5f ./../code/src/eCos/untitled_install/lib/libtarget.a(language_c_libc_stdio_vfnprintf.o)
 .debug_loc     0x0000beda      0x2df ./../code/src/eCos/untitled_install/lib/libtarget.a(language_c_libc_stdlib_strtod.o)
 .debug_loc     0x0000c1b9      0x176 ./../code/src/eCos/untitled_install/lib/libtarget.a(language_c_libc_stdlib_strtol.o)
 .debug_loc     0x0000c32f      0x179 ./../code/src/eCos/untitled_install/lib/libtarget.a(language_c_libc_stdlib_strtoul.o)
 .debug_loc     0x0000c4a8      0x2c7 ./../code/src/eCos/untitled_install/lib/libtarget.a(language_c_libc_stdlib_strtoll.o)
 .debug_loc     0x0000c76f      0x304 ./../code/src/eCos/untitled_install/lib/libtarget.a(language_c_libc_stdlib_strtoull.o)
 .debug_loc     0x0000ca73      0x196 ./../code/src/eCos/untitled_install/lib/libtarget.a(language_c_libc_string_memchr.o)
 .debug_loc     0x0000cc09       0x7c ./../code/src/eCos/untitled_install/lib/libtarget.a(language_c_libc_string_strlen.o)
 .debug_loc     0x0000cc85       0xca ./../code/src/eCos/untitled_install/lib/libtarget.a(language_c_libm_s_modf.o)
 .debug_loc     0x0000cd4f      0x57a ./../code/src/eCos/untitled_install/lib/libtarget.a(error_strerror.o)
 .debug_loc     0x0000d2c9       0xd1 ./../code/src/eCos/untitled_install/lib/libtarget.a(hal_arm_arch_hal_misc.o)
 .debug_loc     0x0000d39a      0x1d7 ./../code/src/eCos/untitled_install/lib/libtarget.a(hal_arm_lpc2xxx_var_lpc2xxx_misc.o)
 .debug_loc     0x0000d571      0x170 ./../code/src/eCos/untitled_install/lib/libtarget.a(infra_memcpy.o)
 .debug_loc     0x0000d6e1     0x1468 ./../code/src/eCos/untitled_install/lib/libtarget.a(kernel_clock.o)
 .debug_loc     0x0000eb49      0x2a2 ./../code/src/eCos/untitled_install/lib/libtarget.a(services_memalloc_common_malloc.o)
 .debug_loc     0x0000edeb       0xe2 ./../code/src/eCos/untitled_install/lib/libtarget.a(services_memalloc_common_heaps.o)
 .debug_loc     0x0000eecd       0x2b ./../code/src/eCos/untitled_install/lib/libtarget.a(language_c_libc_startup_invokemain.o)
 .debug_loc     0x0000eef8      0x17b ./../code/src/eCos/untitled_install/lib/libtarget.a(language_c_libc_stdio_fflush.o)
 .debug_loc     0x0000f073       0xc0 ./../code/src/eCos/untitled_install/lib/libtarget.a(language_c_libc_stdio_setvbuf.o)
 .debug_loc     0x0000f133       0x9e ./../code/src/eCos/untitled_install/lib/libtarget.a(language_c_libc_stdio_stderr.o)
 .debug_loc     0x0000f1d1       0x9e ./../code/src/eCos/untitled_install/lib/libtarget.a(language_c_libc_stdio_stdin.o)
 .debug_loc     0x0000f26f       0x3c ./../code/src/eCos/untitled_install/lib/libtarget.a(language_c_libc_stdio_stdiofiles.o)
 .debug_loc     0x0000f2ab       0x77 ./../code/src/eCos/untitled_install/lib/libtarget.a(language_c_libc_stdio_stdiosupp.o)
 .debug_loc     0x0000f322       0x84 ./../code/src/eCos/untitled_install/lib/libtarget.a(language_c_libc_stdio_ungetc.o)
 .debug_loc     0x0000f3a6      0x3c2 ./../code/src/eCos/untitled_install/lib/libtarget.a(hal_arm_lpc2xxx_var_hal_diag.o)
 .debug_loc     0x0000f768      0x123 ./../code/src/eCos/untitled_install/lib/libtarget.a(infra_memset.o)
 .debug_loc     0x0000f88b     0x1030 ./../code/src/eCos/untitled_install/lib/libtarget.a(services_memalloc_common_dlmalloc.o)
 .debug_loc     0x000108bb       0x1e ./../code/src/eCos/untitled_install/lib/libtarget.a(language_c_libc_startup_exit.o)
 .debug_loc     0x000108d9       0xec ./../code/src/eCos/untitled_install/lib/libtarget.a(language_c_libc_string_memmove.o)
 .debug_loc     0x000109c5       0x13 ./../code/src/eCos/untitled_install/lib/libtarget.a(language_c_libc_startup__exit.o)
 .debug_loc     0x000109d8       0x3e ./../code/src/eCos/untitled_install/lib/libtarget.a(language_c_libc_startup_atexit.o)

.debug_macinfo
 *(.debug_macinfo)

.note.arm.ident
 *(.note.arm.ident)

/DISCARD/
 *(.fini_array*)
 *(.ARM.extab* .gnu.linkonce.armextab.*)
 *(.ARM.exidx* .gnu.linkonce.armexidx.*)
 *(.gcc_except_table*)

.rom_vectors    0x00000000       0x40
                0x00000000                __rom_vectors_vma = ABSOLUTE (.)
                0x00000000                . = .
 *(.vectors)
 .vectors       0x00000000       0x40 ./../code/src/eCos/untitled_install/lib/vectors.o
                0x00000000                __exception_handlers
                0x00000020                vectors
                0x00000000                __rom_vectors_lma = LOADADDR (.rom_vectors)

.ARM.extab      0x00000040        0x0
                0x00000040                PROVIDE (__stext, ABSOLUTE (.))
                0x00000040                _stext = ABSOLUTE (.)
                0x00000040                . = .
                0x00000040                . = ALIGN (0x8)
                0x00000040                . = ALIGN (0x8)
                0x00000040                __exidx_start = ABSOLUTE (.)

.ARM.exidx      0x00000040        0x0
                0x00000040                . = .
                0x00000040                __exidx_end = ABSOLUTE (.)

.text           0x00000040     0x7580
 *(.text*)
 .text          0x00000040      0x584 ./../code/src/eCos/untitled_install/lib/vectors.o
                0x000004e4                hal_interrupt_stack_call_pending_DSRs
                0x00000544                __gccmain
                0x00000258                reset_platform
                0x00000040                reset_vector
                0x00000550                _sp
                0x00000548                _psr
                0x00000104                start
 .text.main     0x000005c4       0x2c hello.o
                0x000005c4                main
 .text._GLOBAL__I.49000_ioinit.cxx
                0x000005f0        0x4 ./../code/src/eCos/untitled_install/lib/extras.o
 .text.serial_select
                0x000005f4        0x8 ./../code/src/eCos/untitled_install/lib/extras.o
 .text.serial_set_config
                0x000005fc       0x1c ./../code/src/eCos/untitled_install/lib/extras.o
 .text.serial_rcv_char
                0x00000618       0x64 ./../code/src/eCos/untitled_install/lib/extras.o
 .text.serial_xmt_char
                0x0000067c       0xd4 ./../code/src/eCos/untitled_install/lib/extras.o
 .text.serial_init
                0x00000750       0xb4 ./../code/src/eCos/untitled_install/lib/extras.o
 .text.serial_get_config
                0x00000804      0x2cc ./../code/src/eCos/untitled_install/lib/extras.o
 .text.serial_read
                0x00000ad0      0x13c ./../code/src/eCos/untitled_install/lib/extras.o
 .text.serial_write
                0x00000c0c      0x184 ./../code/src/eCos/untitled_install/lib/extras.o
 .text.tty_init
                0x00000d90       0x14 ./../code/src/eCos/untitled_install/lib/extras.o
 .text.tty_lookup
                0x00000da4       0x14 ./../code/src/eCos/untitled_install/lib/extras.o
 .text.tty_set_config
                0x00000db8       0x48 ./../code/src/eCos/untitled_install/lib/extras.o
 .text.tty_get_config
                0x00000e00       0x54 ./../code/src/eCos/untitled_install/lib/extras.o
 .text.tty_select
                0x00000e54        0xc ./../code/src/eCos/untitled_install/lib/extras.o
 .text.tty_read
                0x00000e60      0x180 ./../code/src/eCos/untitled_install/lib/extras.o
 .text.tty_write
                0x00000fe0       0xf4 ./../code/src/eCos/untitled_install/lib/extras.o
 .text.haldiag_init
                0x000010d4        0x8 ./../code/src/eCos/untitled_install/lib/extras.o
 .text.haldiag_set_config
                0x000010dc       0x40 ./../code/src/eCos/untitled_install/lib/extras.o
 .text.haldiag_getc
                0x0000111c       0x1c ./../code/src/eCos/untitled_install/lib/extras.o
 .text.haldiag_putc
                0x00001138       0x1c ./../code/src/eCos/untitled_install/lib/extras.o
 .text.cyg_iso_c_start
                0x00001154       0x28 ./../code/src/eCos/untitled_install/lib/extras.o
                0x00001154                cyg_iso_c_start
 .text._GLOBAL__I.56100_cyg_iso_c_start
                0x0000117c        0x4 ./../code/src/eCos/untitled_install/lib/extras.o
 .text.nop_service
                0x00001180        0x8 ./../code/src/eCos/untitled_install/lib/libtarget.a(hal_common_hal_if.o)
 .text.set_debug_comm
                0x00001188      0x118 ./../code/src/eCos/untitled_install/lib/libtarget.a(hal_common_hal_if.o)
 .text.set_console_comm
                0x000012a0       0x94 ./../code/src/eCos/untitled_install/lib/libtarget.a(hal_common_hal_if.o)
 .text.hal_if_diag_init
                0x00001334       0x40 ./../code/src/eCos/untitled_install/lib/libtarget.a(hal_common_hal_if.o)
                0x00001334                hal_if_diag_init
 .text.hal_if_diag_read_char
                0x00001374       0x50 ./../code/src/eCos/untitled_install/lib/libtarget.a(hal_common_hal_if.o)
                0x00001374                hal_if_diag_read_char
 .text.hal_if_init
                0x000013c4       0xd8 ./../code/src/eCos/untitled_install/lib/libtarget.a(hal_common_hal_if.o)
                0x000013c4                hal_if_init
 .text.delay_us
                0x0000149c       0x88 ./../code/src/eCos/untitled_install/lib/libtarget.a(hal_common_hal_if.o)
 .text.reset    0x00001524       0x14 ./../code/src/eCos/untitled_install/lib/libtarget.a(hal_common_hal_if.o)
 .text.hal_if_diag_write_char
                0x00001538       0x74 ./../code/src/eCos/untitled_install/lib/libtarget.a(hal_common_hal_if.o)
                0x00001538                hal_if_diag_write_char
 .text.cyg_hal_is_break
                0x000015ac       0x48 ./../code/src/eCos/untitled_install/lib/libtarget.a(hal_common_hal_misc.o)
                0x000015ac                cyg_hal_is_break
 .text.cyg_hal_user_break
                0x000015f4        0x8 ./../code/src/eCos/untitled_install/lib/libtarget.a(hal_common_hal_misc.o)
                0x000015f4                cyg_hal_user_break
                0x000015f4                breakinst
 .text.hal_default_isr
                0x000015fc        0x4 ./../code/src/eCos/untitled_install/lib/libtarget.a(hal_common_hal_misc.o)
                0x000015fc                hal_default_isr
 .text.cyg_io_init
                0x00001600       0x74 ./../code/src/eCos/untitled_install/lib/libtarget.a(io_common_iosys.o)
                0x00001600                cyg_io_init
 .text.cyg_io_lookup
                0x00001674      0x104 ./../code/src/eCos/untitled_install/lib/libtarget.a(io_common_iosys.o)
                0x00001674                cyg_io_lookup
 .text.cyg_io_write
                0x00001778       0x48 ./../code/src/eCos/untitled_install/lib/libtarget.a(io_common_iosys.o)
                0x00001778                cyg_io_write
 .text.cyg_io_read
                0x000017c0       0x48 ./../code/src/eCos/untitled_install/lib/libtarget.a(io_common_iosys.o)
                0x000017c0                cyg_io_read
 .text.cyg_io_select
                0x00001808       0x28 ./../code/src/eCos/untitled_install/lib/libtarget.a(io_common_iosys.o)
                0x00001808                cyg_io_select
 .text.cyg_io_get_config
                0x00001830       0x40 ./../code/src/eCos/untitled_install/lib/libtarget.a(io_common_iosys.o)
                0x00001830                cyg_io_get_config
 .text.cyg_io_set_config
                0x00001870       0x40 ./../code/src/eCos/untitled_install/lib/libtarget.a(io_common_iosys.o)
                0x00001870                cyg_io_set_config
 .text.cyg_devio_bwrite
                0x000018b0        0x8 ./../code/src/eCos/untitled_install/lib/libtarget.a(io_common_iosys.o)
                0x000018b0                cyg_devio_bwrite
 .text.cyg_devio_bread
                0x000018b8        0x8 ./../code/src/eCos/untitled_install/lib/libtarget.a(io_common_iosys.o)
                0x000018b8                cyg_devio_bread
 .text.cyg_start
                0x000018c0       0x18 ./../code/src/eCos/untitled_install/lib/libtarget.a(infra_startup.o)
                0x000018c0                cyg_start
 .text.cyg_prestart
                0x000018d8        0x4 ./../code/src/eCos/untitled_install/lib/libtarget.a(infra_prestart.o)
                0x000018d8                cyg_prestart
 .text.cyg_package_start
                0x000018dc        0x4 ./../code/src/eCos/untitled_install/lib/libtarget.a(infra_pkgstart.o)
                0x000018dc                cyg_package_start
 .text.cyg_user_start
                0x000018e0        0x4 ./../code/src/eCos/untitled_install/lib/libtarget.a(infra_userstart.o)
                0x000018e0                cyg_user_start
 .text._ZL4_cvtyPclS_
                0x000018e4       0xd0 ./../code/src/eCos/untitled_install/lib/libtarget.a(infra_diag.o)
 .text._GLOBAL__I.10100_diag_write_char
                0x000019b4        0x4 ./../code/src/eCos/untitled_install/lib/libtarget.a(infra_diag.o)
 .text.diag_write_char
                0x000019b8       0x28 ./../code/src/eCos/untitled_install/lib/libtarget.a(infra_diag.o)
                0x000019b8                diag_write_char
 .text._ZL16_diag_write_charcPPv
                0x000019e0        0x4 ./../code/src/eCos/untitled_install/lib/libtarget.a(infra_diag.o)
 .text.diag_write_long_num
                0x000019e4      0x11c ./../code/src/eCos/untitled_install/lib/libtarget.a(infra_diag.o)
                0x000019e4                diag_write_long_num
 .text.diag_write_num
                0x00001b00       0x30 ./../code/src/eCos/untitled_install/lib/libtarget.a(infra_diag.o)
                0x00001b00                diag_write_num
 .text.diag_write_hex
                0x00001b30       0x28 ./../code/src/eCos/untitled_install/lib/libtarget.a(infra_diag.o)
                0x00001b30                diag_write_hex
 .text.diag_write_string
                0x00001b58       0x2c ./../code/src/eCos/untitled_install/lib/libtarget.a(infra_diag.o)
                0x00001b58                diag_write_string
 .text._ZL8_vprintfPFvcPPvES0_PKcS_
                0x00001b84      0xb38 ./../code/src/eCos/untitled_install/lib/libtarget.a(infra_diag.o)
 .text.diag_printf
                0x000026bc       0x38 ./../code/src/eCos/untitled_install/lib/libtarget.a(infra_diag.o)
                0x000026bc                diag_printf
 .text.cyg_scheduler_lock
                0x000026f4       0x18 ./../code/src/eCos/untitled_install/lib/libtarget.a(kernel_kapi.o)
                0x000026f4                cyg_scheduler_lock
 .text.cyg_cond_broadcast
                0x0000270c        0x4 ./../code/src/eCos/untitled_install/lib/libtarget.a(kernel_kapi.o)
                0x0000270c                cyg_cond_broadcast
 .text.cyg_cond_wait
                0x00002710        0x8 ./../code/src/eCos/untitled_install/lib/libtarget.a(kernel_kapi.o)
                0x00002710                cyg_cond_wait
 .text.cyg_cond_init
                0x00002718        0x4 ./../code/src/eCos/untitled_install/lib/libtarget.a(kernel_kapi.o)
                0x00002718                cyg_cond_init
 .text.cyg_mutex_unlock
                0x0000271c        0x4 ./../code/src/eCos/untitled_install/lib/libtarget.a(kernel_kapi.o)
                0x0000271c                cyg_mutex_unlock
 .text.cyg_mutex_lock
                0x00002720        0x4 ./../code/src/eCos/untitled_install/lib/libtarget.a(kernel_kapi.o)
                0x00002720                cyg_mutex_lock
 .text.cyg_mutex_init
                0x00002724        0x4 ./../code/src/eCos/untitled_install/lib/libtarget.a(kernel_kapi.o)
                0x00002724                cyg_mutex_init
 .text.cyg_scheduler_unlock
                0x00002728       0x40 ./../code/src/eCos/untitled_install/lib/libtarget.a(kernel_kapi.o)
                0x00002728                cyg_scheduler_unlock
 .text._Z16idle_thread_mainj
                0x00002768       0x18 ./../code/src/eCos/untitled_install/lib/libtarget.a(kernel_thread.o)
                0x00002768                _Z16idle_thread_mainj
 .text._ZN10Cyg_Thread17deliver_exceptionEij
                0x00002780       0x20 ./../code/src/eCos/untitled_install/lib/libtarget.a(kernel_thread.o)
                0x00002780                _ZN10Cyg_Thread17deliver_exceptionEij
 .text._ZN10Cyg_Thread4exitEv
                0x000027a0       0x68 ./../code/src/eCos/untitled_install/lib/libtarget.a(kernel_thread.o)
                0x000027a0                _ZN10Cyg_Thread4exitEv
 .text._ZN18Cyg_HardwareThread12thread_entryEP10Cyg_Thread
                0x00002808       0x2c ./../code/src/eCos/untitled_install/lib/libtarget.a(kernel_thread.o)
                0x00002808                _ZN18Cyg_HardwareThread12thread_entryEP10Cyg_Thread
 .text._ZN10Cyg_ThreadC1EjPFvjEjPcjj
                0x00002834      0x1a0 ./../code/src/eCos/untitled_install/lib/libtarget.a(kernel_thread.o)
                0x00002834                _ZN10Cyg_ThreadC1EjPFvjEjPcjj
 .text._ZN10Cyg_Thread5sleepEv
                0x000029d4       0x74 ./../code/src/eCos/untitled_install/lib/libtarget.a(kernel_thread.o)
                0x000029d4                _ZN10Cyg_Thread5sleepEv
 .text._ZN10Cyg_Thread6resumeEv
                0x00002a48       0x80 ./../code/src/eCos/untitled_install/lib/libtarget.a(kernel_thread.o)
                0x00002a48                _ZN10Cyg_Thread6resumeEv
 .text._ZN10Cyg_Thread4wakeEv
                0x00002ac8       0x94 ./../code/src/eCos/untitled_install/lib/libtarget.a(kernel_thread.o)
                0x00002ac8                _ZN10Cyg_Thread4wakeEv
 .text._ZN10Cyg_Thread12set_priorityEi
                0x00002b5c      0x14c ./../code/src/eCos/untitled_install/lib/libtarget.a(kernel_thread.o)
                0x00002b5c                _ZN10Cyg_Thread12set_priorityEi
 .text._ZN10Cyg_ThreadD1Ev
                0x00002ca8       0xc8 ./../code/src/eCos/untitled_install/lib/libtarget.a(kernel_thread.o)
                0x00002ca8                _ZN10Cyg_ThreadD1Ev
 .text._ZN10Cyg_ThreadD2Ev
                0x00002d70       0xc8 ./../code/src/eCos/untitled_install/lib/libtarget.a(kernel_thread.o)
                0x00002d70                _ZN10Cyg_ThreadD2Ev
 .text._ZN10Cyg_ThreadC2EjPFvjEjPcjj
                0x00002e38      0x1a0 ./../code/src/eCos/untitled_install/lib/libtarget.a(kernel_thread.o)
                0x00002e38                _ZN10Cyg_ThreadC2EjPFvjEjPcjj
 .text._ZN14Cyg_IdleThreadC1Ev
                0x00002fd8       0x9c ./../code/src/eCos/untitled_install/lib/libtarget.a(kernel_thread.o)
                0x00002fd8                _ZN14Cyg_IdleThreadC1Ev
 .text._Z41__static_initialization_and_destruction_0ii
                0x00003074       0x44 ./../code/src/eCos/untitled_install/lib/libtarget.a(kernel_thread.o)
 .text._GLOBAL__I.11100__ZN18Cyg_HardwareThread12thread_entryEP10Cyg_Thread
                0x000030b8       0x10 ./../code/src/eCos/untitled_install/lib/libtarget.a(kernel_thread.o)
 .text._ZN15Cyg_ThreadTimer5alarmEP9Cyg_Alarmj
                0x000030c8       0x94 ./../code/src/eCos/untitled_install/lib/libtarget.a(kernel_thread.o)
                0x000030c8                _ZN15Cyg_ThreadTimer5alarmEP9Cyg_Alarmj
 .text._Z26cyg_null_exception_handlerjij
                0x0000315c        0x4 ./../code/src/eCos/untitled_install/lib/libtarget.a(kernel_except.o)
                0x0000315c                _Z26cyg_null_exception_handlerjij
 .text._ZN21Cyg_Exception_Control17deliver_exceptionEij
                0x00003160       0x20 ./../code/src/eCos/untitled_install/lib/libtarget.a(kernel_except.o)
                0x00003160                _ZN21Cyg_Exception_Control17deliver_exceptionEij
 .text._GLOBAL__I.12000__Z26cyg_null_exception_handlerjij
                0x00003180       0x1c ./../code/src/eCos/untitled_install/lib/libtarget.a(kernel_except.o)
 .text.cyg_hal_deliver_exception
                0x0000319c       0x28 ./../code/src/eCos/untitled_install/lib/libtarget.a(kernel_except.o)
                0x0000319c                cyg_hal_deliver_exception
 .text._ZN13Cyg_InterruptC1EjijPFjjjEPFvjjjE
                0x000031c4       0x30 ./../code/src/eCos/untitled_install/lib/libtarget.a(kernel_intr.o)
                0x000031c4                _ZN13Cyg_InterruptC1EjijPFjjjEPFvjjjE
 .text._ZN13Cyg_InterruptD1Ev
                0x000031f4       0x50 ./../code/src/eCos/untitled_install/lib/libtarget.a(kernel_intr.o)
                0x000031f4                _ZN13Cyg_InterruptD1Ev
 .text._ZN13Cyg_Interrupt23call_pending_DSRs_innerEv
                0x00003244       0x8c ./../code/src/eCos/untitled_install/lib/libtarget.a(kernel_intr.o)
                0x00003244                _ZN13Cyg_Interrupt23call_pending_DSRs_innerEv
 .text.cyg_interrupt_call_pending_DSRs
                0x000032d0        0x4 ./../code/src/eCos/untitled_install/lib/libtarget.a(kernel_intr.o)
                0x000032d0                cyg_interrupt_call_pending_DSRs
 .text._GLOBAL__I.12000__ZN13Cyg_Interrupt15disable_counterE
                0x000032d4       0x14 ./../code/src/eCos/untitled_install/lib/libtarget.a(kernel_intr.o)
 .text._ZN13Cyg_Interrupt21acknowledge_interruptEj
                0x000032e8        0x4 ./../code/src/eCos/untitled_install/lib/libtarget.a(kernel_intr.o)
                0x000032e8                _ZN13Cyg_Interrupt21acknowledge_interruptEj
 .text._ZN13Cyg_Interrupt16unmask_interruptEj
                0x000032ec       0x38 ./../code/src/eCos/untitled_install/lib/libtarget.a(kernel_intr.o)
                0x000032ec                _ZN13Cyg_Interrupt16unmask_interruptEj
 .text._ZN13Cyg_Interrupt6attachEv
                0x00003324       0x5c ./../code/src/eCos/untitled_install/lib/libtarget.a(kernel_intr.o)
                0x00003324                _ZN13Cyg_Interrupt6attachEv
 .text.interrupt_end
                0x00003380       0xc0 ./../code/src/eCos/untitled_install/lib/libtarget.a(kernel_intr.o)
                0x00003380                interrupt_end
 .text._ZN13Cyg_Interrupt17call_pending_DSRsEv
                0x00003440        0x4 ./../code/src/eCos/untitled_install/lib/libtarget.a(kernel_intr.o)
                0x00003440                _ZN13Cyg_Interrupt17call_pending_DSRsEv
 .text._ZN28Cyg_Scheduler_ImplementationC2Ev
                0x00003444       0x54 ./../code/src/eCos/untitled_install/lib/libtarget.a(kernel_mlqueue.o)
                0x00003444                _ZN28Cyg_Scheduler_ImplementationC2Ev
 .text._ZN28Cyg_Scheduler_Implementation10rem_threadEP10Cyg_Thread
                0x00003498       0xa4 ./../code/src/eCos/untitled_install/lib/libtarget.a(kernel_mlqueue.o)
                0x00003498                _ZN28Cyg_Scheduler_Implementation10rem_threadEP10Cyg_Thread
 .text._ZN28Cyg_Scheduler_Implementation19set_need_rescheduleEP10Cyg_Thread
                0x0000353c       0x4c ./../code/src/eCos/untitled_install/lib/libtarget.a(kernel_mlqueue.o)
                0x0000353c                _ZN28Cyg_Scheduler_Implementation19set_need_rescheduleEP10Cyg_Thread
 .text._ZN28Cyg_Scheduler_Implementation15register_threadEP10Cyg_Thread
                0x00003588        0x4 ./../code/src/eCos/untitled_install/lib/libtarget.a(kernel_mlqueue.o)
                0x00003588                _ZN28Cyg_Scheduler_Implementation15register_threadEP10Cyg_Thread
 .text._ZN28Cyg_Scheduler_Implementation17deregister_threadEP10Cyg_Thread
                0x0000358c        0x4 ./../code/src/eCos/untitled_install/lib/libtarget.a(kernel_mlqueue.o)
                0x0000358c                _ZN28Cyg_Scheduler_Implementation17deregister_threadEP10Cyg_Thread
 .text._ZN28Cyg_Scheduler_Implementation13timeslice_cpuEv
                0x00003590       0x88 ./../code/src/eCos/untitled_install/lib/libtarget.a(kernel_mlqueue.o)
                0x00003590                _ZN28Cyg_Scheduler_Implementation13timeslice_cpuEv
 .text._ZN28Cyg_Scheduler_Implementation9timesliceEv
                0x00003618       0x20 ./../code/src/eCos/untitled_install/lib/libtarget.a(kernel_mlqueue.o)
                0x00003618                _ZN28Cyg_Scheduler_Implementation9timesliceEv
 .text._ZN30Cyg_SchedThread_ImplementationC2Ej
                0x00003638       0x14 ./../code/src/eCos/untitled_install/lib/libtarget.a(kernel_mlqueue.o)
                0x00003638                _ZN30Cyg_SchedThread_ImplementationC2Ej
 .text._ZN30Cyg_ThreadQueue_Implementation7enqueueEP10Cyg_Thread
                0x0000364c       0x40 ./../code/src/eCos/untitled_install/lib/libtarget.a(kernel_mlqueue.o)
                0x0000364c                _ZN30Cyg_ThreadQueue_Implementation7enqueueEP10Cyg_Thread
 .text._ZN30Cyg_ThreadQueue_Implementation7dequeueEv
                0x0000368c       0x50 ./../code/src/eCos/untitled_install/lib/libtarget.a(kernel_mlqueue.o)
                0x0000368c                _ZN30Cyg_ThreadQueue_Implementation7dequeueEv
 .text._ZN30Cyg_ThreadQueue_Implementation6removeEP10Cyg_Thread
                0x000036dc       0x74 ./../code/src/eCos/untitled_install/lib/libtarget.a(kernel_mlqueue.o)
                0x000036dc                _ZN30Cyg_ThreadQueue_Implementation6removeEP10Cyg_Thread
 .text._ZN28Cyg_Scheduler_Implementation10add_threadEP10Cyg_Thread
                0x00003750       0xb4 ./../code/src/eCos/untitled_install/lib/libtarget.a(kernel_mlqueue.o)
                0x00003750                _ZN28Cyg_Scheduler_Implementation10add_threadEP10Cyg_Thread
 .text._ZN28Cyg_Scheduler_Implementation15set_idle_threadEP10Cyg_Threadj
                0x00003804       0x14 ./../code/src/eCos/untitled_install/lib/libtarget.a(kernel_mlqueue.o)
                0x00003804                _ZN28Cyg_Scheduler_Implementation15set_idle_threadEP10Cyg_Threadj
 .text._ZN28Cyg_Scheduler_Implementation8scheduleEv
                0x00003818       0x28 ./../code/src/eCos/untitled_install/lib/libtarget.a(kernel_mlqueue.o)
                0x00003818                _ZN28Cyg_Scheduler_Implementation8scheduleEv
 .text._Z41__static_initialization_and_destruction_0ii
                0x00003840       0xa0 ./../code/src/eCos/untitled_install/lib/libtarget.a(kernel_sched.o)
 .text._GLOBAL__I.11000_cyg_scheduler_sched_lock
                0x000038e0       0x10 ./../code/src/eCos/untitled_install/lib/libtarget.a(kernel_sched.o)
 .text._ZN15Cyg_SchedThread24clear_inherited_priorityEv
                0x000038f0       0x34 ./../code/src/eCos/untitled_install/lib/libtarget.a(kernel_sched.o)
                0x000038f0                _ZN15Cyg_SchedThread24clear_inherited_priorityEv
 .text._ZN15Cyg_SchedThread22clear_priority_ceilingEv
                0x00003924        0x4 ./../code/src/eCos/untitled_install/lib/libtarget.a(kernel_sched.o)
                0x00003924                _ZN15Cyg_SchedThread22clear_priority_ceilingEv
 .text._ZN15Cyg_SchedThread19disinherit_priorityEv
                0x00003928        0x4 ./../code/src/eCos/untitled_install/lib/libtarget.a(kernel_sched.o)
                0x00003928                _ZN15Cyg_SchedThread19disinherit_priorityEv
 .text._ZN15Cyg_SchedThread22set_inherited_priorityEiP10Cyg_Thread
                0x0000392c       0x3c ./../code/src/eCos/untitled_install/lib/libtarget.a(kernel_sched.o)
                0x0000392c                _ZN15Cyg_SchedThread22set_inherited_priorityEiP10Cyg_Thread
 .text._ZN15Cyg_SchedThread20set_priority_ceilingEi
                0x00003968        0x8 ./../code/src/eCos/untitled_install/lib/libtarget.a(kernel_sched.o)
                0x00003968                _ZN15Cyg_SchedThread20set_priority_ceilingEi
 .text._ZN15Cyg_SchedThread16inherit_priorityEP10Cyg_Thread
                0x00003970        0xc ./../code/src/eCos/untitled_install/lib/libtarget.a(kernel_sched.o)
                0x00003970                _ZN15Cyg_SchedThread16inherit_priorityEP10Cyg_Thread
 .text._ZN15Cyg_SchedThread24relay_inherited_priorityEP10Cyg_ThreadP15Cyg_ThreadQueue
                0x0000397c       0x18 ./../code/src/eCos/untitled_install/lib/libtarget.a(kernel_sched.o)
                0x0000397c                _ZN15Cyg_SchedThread24relay_inherited_priorityEP10Cyg_ThreadP15Cyg_ThreadQueue
 .text._ZN15Cyg_SchedThread14relay_priorityEP10Cyg_ThreadP15Cyg_ThreadQueue
                0x00003994        0x4 ./../code/src/eCos/untitled_install/lib/libtarget.a(kernel_sched.o)
                0x00003994                _ZN15Cyg_SchedThread14relay_priorityEP10Cyg_ThreadP15Cyg_ThreadQueue
 .text._ZN15Cyg_SchedThreadC2EP10Cyg_Threadj
                0x00003998       0x28 ./../code/src/eCos/untitled_install/lib/libtarget.a(kernel_sched.o)
                0x00003998                _ZN15Cyg_SchedThreadC2EP10Cyg_Threadj
 .text._ZN13Cyg_Scheduler9start_cpuEv
                0x000039c0       0x34 ./../code/src/eCos/untitled_install/lib/libtarget.a(kernel_sched.o)
                0x000039c0                _ZN13Cyg_Scheduler9start_cpuEv
 .text._ZN13Cyg_Scheduler5startEv
                0x000039f4        0x4 ./../code/src/eCos/untitled_install/lib/libtarget.a(kernel_sched.o)
                0x000039f4                _ZN13Cyg_Scheduler5startEv
 .text._ZN13Cyg_Scheduler12unlock_innerEj
                0x000039f8       0xf4 ./../code/src/eCos/untitled_install/lib/libtarget.a(kernel_sched.o)
                0x000039f8                _ZN13Cyg_Scheduler12unlock_innerEj
 .text._ZN13Cyg_Scheduler12thread_entryEP10Cyg_Thread
                0x00003aec       0x88 ./../code/src/eCos/untitled_install/lib/libtarget.a(kernel_sched.o)
                0x00003aec                _ZN13Cyg_Scheduler12thread_entryEP10Cyg_Thread
 .text._ZN9Cyg_MutexC1Ev
                0x00003b74       0x1c ./../code/src/eCos/untitled_install/lib/libtarget.a(kernel_mutex.o)
                0x00003b74                _ZN9Cyg_MutexC1Ev
 .text._ZN9Cyg_MutexD1Ev
                0x00003b90       0x48 ./../code/src/eCos/untitled_install/lib/libtarget.a(kernel_mutex.o)
                0x00003b90                _ZN9Cyg_MutexD1Ev
 .text._ZN22Cyg_Condition_VariableC1ER9Cyg_Mutex
                0x00003bd8        0xc ./../code/src/eCos/untitled_install/lib/libtarget.a(kernel_mutex.o)
                0x00003bd8                _ZN22Cyg_Condition_VariableC1ER9Cyg_Mutex
 .text._ZN9Cyg_Mutex4lockEv
                0x00003be4      0x184 ./../code/src/eCos/untitled_install/lib/libtarget.a(kernel_mutex.o)
                0x00003be4                _ZN9Cyg_Mutex4lockEv
 .text._ZN9Cyg_Mutex7trylockEv
                0x00003d68       0xa4 ./../code/src/eCos/untitled_install/lib/libtarget.a(kernel_mutex.o)
                0x00003d68                _ZN9Cyg_Mutex7trylockEv
 .text._ZN22Cyg_Condition_Variable9broadcastEv
                0x00003e0c       0x74 ./../code/src/eCos/untitled_install/lib/libtarget.a(kernel_mutex.o)
                0x00003e0c                _ZN22Cyg_Condition_Variable9broadcastEv
 .text._ZN9Cyg_Mutex6unlockEv
                0x00003e80       0xf8 ./../code/src/eCos/untitled_install/lib/libtarget.a(kernel_mutex.o)
                0x00003e80                _ZN9Cyg_Mutex6unlockEv
 .text._ZN22Cyg_Condition_Variable10wait_innerEP9Cyg_Mutex
                0x00003f78       0xc4 ./../code/src/eCos/untitled_install/lib/libtarget.a(kernel_mutex.o)
                0x00003f78                _ZN22Cyg_Condition_Variable10wait_innerEP9Cyg_Mutex
 .text._Z41__static_initialization_and_destruction_0ii
                0x0000403c       0x90 ./../code/src/eCos/untitled_install/lib/libtarget.a(language_c_libc_startup_mainthread.o)
 .text._GLOBAL__I.56000_cyg_libc_main_thread