ARM GAS  /tmp/ccbvhefR.s 			page 1


   1              		.cpu arm7tdmi
   2              		.fpu softvfp
   3              		.eabi_attribute 20, 1
   4              		.eabi_attribute 21, 1
   5              		.eabi_attribute 23, 3
   6              		.eabi_attribute 24, 1
   7              		.eabi_attribute 25, 1
   8              		.eabi_attribute 26, 1
   9              		.eabi_attribute 30, 6
  10              		.eabi_attribute 18, 4
  11              		.file	"main.c"
  12              		.section	.rodata
  13              		.align	2
  14              	.LC0:
  15 0000 48656C6C 		.ascii	"Hello, eCos world!\000"
  15      6F2C2065 
  15      436F7320 
  15      776F726C 
  15      642100
  16 0013 00       		.section	.text.main,"ax",%progbits
  17              		.align	2
  18              		.global	main
  19              		.type	main, %function
  20              	main:
  21              		@ Function supports interworking.
  22              		@ args = 0, pretend = 0, frame = 0
  23              		@ frame_needed = 1, uses_anonymous_args = 0
  24 0000 0DC0A0E1 		mov	ip, sp
  25 0004 00D82DE9 		stmfd	sp!, {fp, ip, lr, pc}
  26 0008 04B04CE2 		sub	fp, ip, #4
  27 000c 14009FE5 		ldr	r0, .L3
  28 0010 FEFFFFEB 		bl	puts
  29 0014 0030A0E3 		mov	r3, #0
  30 0018 0300A0E1 		mov	r0, r3
  31 001c 0CD04BE2 		sub	sp, fp, #12
  32 0020 00689DE8 		ldmfd	sp, {fp, sp, lr}
  33 0024 1EFF2FE1 		bx	lr
  34              	.L4:
  35              		.align	2
  36              	.L3:
  37 0028 00000000 		.word	.LC0
  38              		.size	main, .-main
  39              		.ident	"GCC: (eCosCentric GNU tools 4.3.2-sw) 4.3.2"
ARM GAS  /tmp/ccbvhefR.s 			page 2


DEFINED SYMBOLS
                            *ABS*:00000000 main.c
     /tmp/ccbvhefR.s:20     .text.main:00000000 main
     /tmp/ccbvhefR.s:24     .text.main:00000000 $a
     /tmp/ccbvhefR.s:37     .text.main:00000028 $d

UNDEFINED SYMBOLS
puts
