   1              		.cpu arm7tdmi-s
   2              		.fpu softvfp
   3              		.eabi_attribute 20, 1
   4              		.eabi_attribute 21, 1
   5              		.eabi_attribute 23, 3
   6              		.eabi_attribute 24, 1
   7              		.eabi_attribute 25, 1
   8              		.eabi_attribute 26, 1
   9              		.eabi_attribute 30, 6
  10              		.eabi_attribute 18, 4
  11              		.file	"automato.c"
  21              	.Ltext0:
  22              		.file 1 "../automato.c"
 2134              		.align	2
 2135              	.LC0:
 2136 0000 48454C4C 		.ascii	"HELLo eCos!\000"
 2136      6F206543 
 2136      6F732100 
 2137              		.text
 2138              		.align	2
 2139              		.global	main
 2141              	main:
 2142              	.LFB10:
   1:../automato.c **** #include <stdio.h>
   2:../automato.c **** 
   3:../automato.c **** int main(){
 2143              		.loc 1 3 0
 2144              		@ Function supports interworking.
 2145              		@ args = 0, pretend = 0, frame = 0
 2146              		@ frame_needed = 1, uses_anonymous_args = 0
 2147 0000 0DC0A0E1 		mov	ip, sp
 2148              	.LCFI0:
 2149 0004 00D82DE9 		stmfd	sp!, {fp, ip, lr, pc}
 2150              	.LCFI1:
 2151 0008 04B04CE2 		sub	fp, ip, #4
 2152              	.LCFI2:
   4:../automato.c **** 	printf("HELLo eCos!");
 2153              		.loc 1 4 0
 2154 000c 14009FE5 		ldr	r0, .L3
 2155 0010 FEFFFFEB 		bl	printf
   5:../automato.c **** 	return 0;
 2156              		.loc 1 5 0
 2157 0014 0030A0E3 		mov	r3, #0
   6:../automato.c **** }
 2158              		.loc 1 6 0
 2159 0018 0300A0E1 		mov	r0, r3
 2160 001c 0CD04BE2 		sub	sp, fp, #12
 2161 0020 00689DE8 		ldmfd	sp, {fp, sp, lr}
 2162 0024 1EFF2FE1 		bx	lr
 2163              	.L4:
 2164              		.align	2
 2165              	.L3:
 2166 0028 00000000 		.word	.LC0
 2167              	.LFE10:
 2212              	.Letext0:
DEFINED SYMBOLS
                            *ABS*:00000000 automato.c
     /tmp/ccNu3ehN.s:24     .debug_macinfo:00000000 $d
     /tmp/ccNu3ehN.s:2141   .text:00000000 main
     /tmp/ccNu3ehN.s:2147   .text:00000000 $a
     /tmp/ccNu3ehN.s:2166   .text:00000028 $d

UNDEFINED SYMBOLS
printf
