Archive member included because of file (symbol)

/home/masterzdran/WorkingArea/Isel/semestre6/SE2/workplace/code/src/eCos/lib/libtarget.a(hal_common_hal_if.o)
                              /home/masterzdran/WorkingArea/Isel/semestre6/SE2/workplace/code/src/eCos/lib/extras.o (hal_if_diag_read_char)
/home/masterzdran/WorkingArea/Isel/semestre6/SE2/workplace/code/src/eCos/lib/libtarget.a(hal_common_hal_misc.o)
                              /home/masterzdran/WorkingArea/Isel/semestre6/SE2/workplace/code/src/eCos/lib/libtarget.a(hal_common_hal_if.o) (cyg_hal_is_break)
/home/masterzdran/WorkingArea/Isel/semestre6/SE2/workplace/code/src/eCos/lib/libtarget.a(io_common_iosys.o)
                              /home/masterzdran/WorkingArea/Isel/semestre6/SE2/workplace/code/src/eCos/lib/extras.o (cyg_io_init)
/home/masterzdran/WorkingArea/Isel/semestre6/SE2/workplace/code/src/eCos/lib/libtarget.a(infra_startup.o)
                              /home/masterzdran/WorkingArea/Isel/semestre6/SE2/workplace/code/src/eCos/lib/vectors.o (cyg_start)
/home/masterzdran/WorkingArea/Isel/semestre6/SE2/workplace/code/src/eCos/lib/libtarget.a(infra_prestart.o)
                              /home/masterzdran/WorkingArea/Isel/semestre6/SE2/workplace/code/src/eCos/lib/libtarget.a(infra_startup.o) (cyg_prestart)
/home/masterzdran/WorkingArea/Isel/semestre6/SE2/workplace/code/src/eCos/lib/libtarget.a(infra_pkgstart.o)
                              /home/masterzdran/WorkingArea/Isel/semestre6/SE2/workplace/code/src/eCos/lib/libtarget.a(infra_startup.o) (cyg_package_start)
/home/masterzdran/WorkingArea/Isel/semestre6/SE2/workplace/code/src/eCos/lib/libtarget.a(infra_userstart.o)
                              /home/masterzdran/WorkingArea/Isel/semestre6/SE2/workplace/code/src/eCos/lib/libtarget.a(infra_startup.o) (cyg_user_start)
/home/masterzdran/WorkingArea/Isel/semestre6/SE2/workplace/code/src/eCos/lib/libtarget.a(infra_diag.o)
                              /home/masterzdran/WorkingArea/Isel/semestre6/SE2/workplace/code/src/eCos/lib/extras.o (diag_printf)
/home/masterzdran/WorkingArea/Isel/semestre6/SE2/workplace/code/src/eCos/lib/libtarget.a(kernel_kapi.o)
                              /home/masterzdran/WorkingArea/Isel/semestre6/SE2/workplace/code/src/eCos/lib/extras.o (cyg_scheduler_lock)
/home/masterzdran/WorkingArea/Isel/semestre6/SE2/workplace/code/src/eCos/lib/libtarget.a(kernel_thread.o)
                              /home/masterzdran/WorkingArea/Isel/semestre6/SE2/workplace/code/src/eCos/lib/libtarget.a(kernel_kapi.o) (_ZN10Cyg_Thread17deliver_exceptionEij)
/home/masterzdran/WorkingArea/Isel/semestre6/SE2/workplace/code/src/eCos/lib/libtarget.a(kernel_except.o)
                              /home/masterzdran/WorkingArea/Isel/semestre6/SE2/workplace/code/src/eCos/lib/libtarget.a(kernel_kapi.o) (_ZN21Cyg_Exception_Control18register_exceptionEiPFvjijEjPS1_Pj)
/home/masterzdran/WorkingArea/Isel/semestre6/SE2/workplace/code/src/eCos/lib/libtarget.a(kernel_intr.o)
                              /home/masterzdran/WorkingArea/Isel/semestre6/SE2/workplace/code/src/eCos/lib/libtarget.a(kernel_kapi.o) (_ZN13Cyg_InterruptC1EjijPFjjjEPFvjjjE)
/home/masterzdran/WorkingArea/Isel/semestre6/SE2/workplace/code/src/eCos/lib/libtarget.a(kernel_mlqueue.o)
                              /home/masterzdran/WorkingArea/Isel/semestre6/SE2/workplace/code/src/eCos/lib/libtarget.a(kernel_thread.o) (_ZN28Cyg_Scheduler_Implementation10rem_threadEP10Cyg_Thread)
/home/masterzdran/WorkingArea/Isel/semestre6/SE2/workplace/code/src/eCos/lib/libtarget.a(kernel_sched.o)
                              /home/masterzdran/WorkingArea/Isel/semestre6/SE2/workplace/code/src/eCos/lib/libtarget.a(kernel_thread.o) (_ZN13Cyg_Scheduler9schedulerE)
/home/masterzdran/WorkingArea/Isel/semestre6/SE2/workplace/code/src/eCos/lib/libtarget.a(kernel_cnt_sem.o)
                              /home/masterzdran/WorkingArea/Isel/semestre6/SE2/workplace/code/src/eCos/lib/libtarget.a(kernel_kapi.o) (_ZN22Cyg_Counting_SemaphoreC1Ei)
/home/masterzdran/WorkingArea/Isel/semestre6/SE2/workplace/code/src/eCos/lib/libtarget.a(kernel_flag.o)
                              /home/masterzdran/WorkingArea/Isel/semestre6/SE2/workplace/code/src/eCos/lib/libtarget.a(kernel_kapi.o) (_ZN8Cyg_FlagC1Ej)
/home/masterzdran/WorkingArea/Isel/semestre6/SE2/workplace/code/src/eCos/lib/libtarget.a(kernel_mbox.o)
                              /home/masterzdran/WorkingArea/Isel/semestre6/SE2/workplace/code/src/eCos/lib/libtarget.a(kernel_kapi.o) (_ZN8Cyg_MboxC1Ev)
/home/masterzdran/WorkingArea/Isel/semestre6/SE2/workplace/code/src/eCos/lib/libtarget.a(kernel_mutex.o)
                              /home/masterzdran/WorkingArea/Isel/semestre6/SE2/workplace/code/src/eCos/lib/libtarget.a(kernel_kapi.o) (_ZN9Cyg_MutexC1Ev)
/home/masterzdran/WorkingArea/Isel/semestre6/SE2/workplace/code/src/eCos/lib/libtarget.a(language_c_libc_startup_mainthread.o)
[...]
Memory Configuration

Name             Origin             Length             Attributes
ram              0x40000000         0x00010000
rom              0x00000000         0x00020000
*default*        0x00000000         0xffffffff

Linker script and memory map

LOAD /home/masterzdran/WorkingArea/Isel/semestre6/SE2/workplace/code/src/eCos/lib/vectors.o
LOAD ./automato.o
LOAD /home/masterzdran/WorkingArea/Isel/semestre6/SE2/workplace/code/src/eCos/lib/extras.o
START GROUP
LOAD /home/masterzdran/WorkingArea/Isel/semestre6/SE2/workplace/code/src/eCos/lib/libtarget.a
LOAD /home/masterzdran/Applications/eCos/3.0/gnutools/arm-eabi/bin/../lib/gcc/arm-eabi/4.3.2/libgcc.a
LOAD /home/masterzdran/Applications/eCos/3.0/gnutools/arm-eabi/bin/../lib/gcc/arm-eabi/4.3.2/../../../../arm-eabi/lib/libsupc++.a
END GROUP

.debug_aranges  0x00000000     0x1488
 *(.debug_aranges)
 .debug_aranges
                0x00000000       0x28 /home/masterzdran/WorkingArea/Isel/semestre6/SE2/workplace/code/src/eCos/lib/vectors.o
 .debug_aranges
                0x00000028       0x20 ./automato.o
 .debug_aranges
                0x00000048      0x128 /home/masterzdran/WorkingArea/Isel/semestre6/SE2/workplace/code/src/eCos/lib/extras.o
 .debug_aranges
                0x00000170       0xc8 /home/masterzdran/WorkingArea/Isel/semestre6/SE2/workplace/code/src/eCos/lib/libtarget.a(hal_common_hal_if.o)
 .debug_aranges
                0x00000238       0x30 /home/masterzdran/WorkingArea/Isel/semestre6/SE2/workplace/code/src/eCos/lib/libtarget.a(hal_common_hal_misc.o)
 .debug_aranges
                0x00000268       0x98 /home/masterzdran/WorkingArea/Isel/semestre6/SE2/workplace/code/src/eCos/lib/libtarget.a(io_common_iosys.o)
 .debug_aranges
                0x00000300       0x20 /home/masterzdran/WorkingArea/Isel/semestre6/SE2/workplace/code/src/eCos/lib/libtarget.a(infra_startup.o)
 .debug_aranges
                0x00000320       0x20 /home/masterzdran/WorkingArea/Isel/semestre6/SE2/workplace/code/src/eCos/lib/libtarget.a(infra_prestart.o)
 .debug_aranges
                0x00000340       0x20 /home/masterzdran/WorkingArea/Isel/semestre6/SE2/workplace/code/src/eCos/lib/libtarget.a(infra_pkgstart.o)
 .debug_aranges
                0x00000360       0x20 /home/masterzdran/WorkingArea/Isel/semestre6/SE2/workplace/code/src/eCos/lib/libtarget.a(infra_userstart.o)
 .debug_aranges
                0x00000380       0xe0 /home/masterzdran/WorkingArea/Isel/semestre6/SE2/workplace/code/src/eCos/lib/libtarget.a(infra_diag.o)
 .debug_aranges
                0x00000460      0x3d0 /home/masterzdran/WorkingArea/Isel/semestre6/SE2/workplace/code/src/eCos/lib/libtarget.a(kernel_kapi.o)
 .debug_aranges
                0x00000830      0x108 /home/masterzdran/WorkingArea/Isel/semestre6/SE2/workplace/code/src/eCos/lib/libtarget.a(kernel_thread.o)
 .debug_aranges
                0x00000938       0x58 /home/masterzdran/WorkingArea/Isel/semestre6/SE2/workplace/code/src/eCos/lib/libtarget.a(kernel_except.o)
 .debug_aranges
                0x00000990       0xd8 /home/masterzdran/WorkingArea/Isel/semestre6/SE2/workplace/code/src/eCos/lib/libtarget.a(kernel_intr.o)
 .debug_aranges
                0x00000a68       0xc8 /home/masterzdran/WorkingArea/Isel/semestre6/SE2/workplace/code/src/eCos/lib/libtarget.a(kernel_mlqueue.o)
 .debug_aranges
                0x00000b30       0xa0 /home/masterzdran/WorkingArea/Isel/semestre6/SE2/workplace/code/src/eCos/lib/libtarget.a(kernel_sched.o)
 .debug_aranges
                0x00000bd0       0x60 /home/masterzdran/WorkingArea/Isel/semestre6/SE2/workplace/code/src/eCos/lib/libtarget.a(kernel_cnt_sem.o)
 .debug_aranges
                0x00000c30       0x60 /home/masterzdran/WorkingArea/Isel/semestre6/SE2/workplace/code/src/eCos/lib/libtarget.a(kernel_flag.o)
 .debug_aranges
                0x00000c90       0x70 /home/masterzdran/WorkingArea/Isel/semestre6/SE2/workplace/code/src/eCos/lib/libtarget.a(kernel_mbox.o)
 .debug_aranges
                0x00000d00       0xc8 /home/masterzdran/WorkingArea/Isel/semestre6/SE2/workplace/code/src/eCos/lib/libtarget.a(kernel_mutex.o)
 .debug_aranges
                0x00000dc8       0x30 /home/masterzdran/WorkingArea/Isel/semestre6/SE2/workplace/code/src/eCos/lib/libtarget.a(language_c_libc_startup_mainthread.o)
 .debug_aranges
                0x00000df8       0x20 /home/masterzdran/WorkingArea/Isel/semestre6/SE2/workplace/code/src/eCos/lib/libtarget.a(language_c_libc_stdio_printf.o)
 .debug_aranges
                0x00000e18       0x28 /home/masterzdran/WorkingArea/Isel/semestre6/SE2/workplace/code/src/eCos/lib/libtarget.a(language_c_libc_stdio_vfnprintf.o)
 .debug_aranges
                0x00000e40       0x20 /home/masterzdran/WorkingArea/Isel/semestre6/SE2/workplace/code/src/eCos/lib/libtarget.a(language_c_libc_string_memchr.o)
 .debug_aranges
                0x00000e60       0x20 /home/masterzdran/WorkingArea/Isel/semestre6/SE2/workplace/code/src/eCos/lib/libtarget.a(language_c_libc_string_strlen.o)
 .debug_aranges
                0x00000e80       0x20 /home/masterzdran/WorkingArea/Isel/semestre6/SE2/workplace/code/src/eCos/lib/libtarget.a(language_c_libm_s_modf.o)
 .debug_aranges
                0x00000ea0       0x48 /home/masterzdran/WorkingArea/Isel/semestre6/SE2/workplace/code/src/eCos/lib/libtarget.a(hal_arm_arch_hal_misc.o)
 .debug_aranges
                0x00000ee8       0x20 /home/masterzdran/WorkingArea/Isel/semestre6/SE2/workplace/code/src/eCos/lib/libtarget.a(hal_arm_arch_context.o)
 .debug_aranges
                0x00000f08       0x88 /home/masterzdran/WorkingArea/Isel/semestre6/SE2/workplace/code/src/eCos/lib/libtarget.a(hal_arm_lpc2xxx_var_lpc2xxx_misc.o)
 .debug_aranges
                0x00000f90       0x28 /home/masterzdran/WorkingArea/Isel/semestre6/SE2/workplace/code/src/eCos/lib/libtarget.a(hal_arm_lpc2xxx_p2106_p2106_misc.o)
 .debug_aranges
                0x00000fb8      0x118 /home/masterzdran/WorkingArea/Isel/semestre6/SE2/workplace/code/src/eCos/lib/libtarget.a(kernel_clock.o)
 .debug_aranges
                0x000010d0       0x20 /home/masterzdran/WorkingArea/Isel/semestre6/SE2/workplace/code/src/eCos/lib/libtarget.a(language_c_libc_startup_invokemain.o)
 .debug_aranges
                0x000010f0       0x30 /home/masterzdran/WorkingArea/Isel/semestre6/SE2/workplace/code/src/eCos/lib/libtarget.a(language_c_libc_stdio_stdout.o)
 .debug_aranges
                0x00001120       0xa8 /home/masterzdran/WorkingArea/Isel/semestre6/SE2/workplace/code/src/eCos/lib/libtarget.a(language_c_libc_stdio_stream.o)
 .debug_aranges
                0x000011c8       0x20 /home/masterzdran/WorkingArea/Isel/semestre6/SE2/workplace/code/src/eCos/lib/libtarget.a(language_c_libc_stdio_streambuf.o)
 .debug_aranges
                0x000011e8       0x60 /home/masterzdran/WorkingArea/Isel/semestre6/SE2/workplace/code/src/eCos/lib/libtarget.a(hal_arm_lpc2xxx_var_hal_diag.o)
 .debug_aranges
                0x00001248       0x20 /home/masterzdran/WorkingArea/Isel/semestre6/SE2/workplace/code/src/eCos/lib/libtarget.a(infra_memcpy.o)
 .debug_aranges
                0x00001268       0x28 /home/masterzdran/WorkingArea/Isel/semestre6/SE2/workplace/code/src/eCos/lib/libtarget.a(infra_delete.o)
 .debug_aranges
                0x00001290       0x40 /home/masterzdran/WorkingArea/Isel/semestre6/SE2/workplace/code/src/eCos/lib/libtarget.a(services_memalloc_common_malloc.o)
 .debug_aranges
                0x000012d0       0x30 /home/masterzdran/WorkingArea/Isel/semestre6/SE2/workplace/code/src/eCos/lib/libtarget.a(services_memalloc_common_heaps.o)
 .debug_aranges
                0x00001300       0x20 /home/masterzdran/WorkingArea/Isel/semestre6/SE2/workplace/code/src/eCos/lib/libtarget.a(language_c_libc_startup_exit.o)
 .debug_aranges
                0x00001320       0x28 /home/masterzdran/WorkingArea/Isel/semestre6/SE2/workplace/code/src/eCos/lib/libtarget.a(language_c_libc_stdio_fflush.o)
 .debug_aranges
                0x00001348       0x30 /home/masterzdran/WorkingArea/Isel/semestre6/SE2/workplace/code/src/eCos/lib/libtarget.a(language_c_libc_stdio_stdiofiles.o)
 .debug_aranges
                0x00001378       0x20 /home/masterzdran/WorkingArea/Isel/semestre6/SE2/workplace/code/src/eCos/lib/libtarget.a(language_c_libc_stdio_stdiosupp.o)
 .debug_aranges
                0x00001398       0x20 /home/masterzdran/WorkingArea/Isel/semestre6/SE2/workplace/code/src/eCos/lib/libtarget.a(error_errno.o)
 .debug_aranges
                0x000013b8       0x20 /home/masterzdran/WorkingArea/Isel/semestre6/SE2/workplace/code/src/eCos/lib/libtarget.a(infra_memset.o)
 .debug_aranges
                0x000013d8       0x48 /home/masterzdran/WorkingArea/Isel/semestre6/SE2/workplace/code/src/eCos/lib/libtarget.a(services_memalloc_common_dlmalloc.o)
 .debug_aranges
                0x00001420       0x20 /home/masterzdran/WorkingArea/Isel/semestre6/SE2/workplace/code/src/eCos/lib/libtarget.a(language_c_libc_startup__exit.o)
 .debug_aranges
                0x00001440       0x28 /home/masterzdran/WorkingArea/Isel/semestre6/SE2/workplace/code/src/eCos/lib/libtarget.a(language_c_libc_startup_atexit.o)
 .debug_aranges
                0x00001468       0x20 /home/masterzdran/WorkingArea/Isel/semestre6/SE2/workplace/code/src/eCos/lib/libtarget.a(language_c_libc_string_memmove.o)

.debug_pubnames
                0x00000000     0x3579
 *(.debug_pubnames)
 .debug_pubnames
                0x00000000       0x1b ./automato.o
 .debug_pubnames
                0x0000001b       0xb0 /home/masterzdran/WorkingArea/Isel/semestre6/SE2/workplace/code/src/eCos/lib/extras.o
 .debug_pubnames
                0x000000cb       0xb1 /home/masterzdran/WorkingArea/Isel/semestre6/SE2/workplace/code/src/eCos/lib/libtarget.a(hal_common_hal_if.o)
 .debug_pubnames
                0x0000017c       0x6e /home/masterzdran/WorkingArea/Isel/semestre6/SE2/workplace/code/src/eCos/lib/libtarget.a(hal_common_hal_misc.o)
 .debug_pubnames
                0x000001ea      0x14f /home/masterzdran/WorkingArea/Isel/semestre6/SE2/workplace/code/src/eCos/lib/libtarget.a(io_common_iosys.o)
 .debug_pubnames
                0x00000339       0x20 /home/masterzdran/WorkingArea/Isel/semestre6/SE2/workplace/code/src/eCos/lib/libtarget.a(infra_startup.o)
 .debug_pubnames
                0x00000359       0x23 /home/masterzdran/WorkingArea/Isel/semestre6/SE2/workplace/code/src/eCos/lib/libtarget.a(infra_prestart.o)
 .debug_pubnames
                0x0000037c       0x28 /home/masterzdran/WorkingArea/Isel/semestre6/SE2/workplace/code/src/eCos/lib/libtarget.a(infra_pkgstart.o)
 .debug_pubnames
                0x000003a4       0x25 /home/masterzdran/WorkingArea/Isel/semestre6/SE2/workplace/code/src/eCos/lib/libtarget.a(infra_userstart.o)
 .debug_pubnames
                0x000003c9      0x1cb /home/masterzdran/WorkingArea/Isel/semestre6/SE2/workplace/code/src/eCos/lib/libtarget.a(infra_diag.o)
 .debug_pubnames
                0x00000594      0xb40 /home/masterzdran/WorkingArea/Isel/semestre6/SE2/workplace/code/src/eCos/lib/libtarget.a(kernel_kapi.o)
 .debug_pubnames
                0x000010d4      0x364 /home/masterzdran/WorkingArea/Isel/semestre6/SE2/workplace/code/src/eCos/lib/libtarget.a(kernel_thread.o)
 .debug_pubnames
                0x00001438      0x15e /home/masterzdran/WorkingArea/Isel/semestre6/SE2/workplace/code/src/eCos/lib/libtarget.a(kernel_except.o)
 .debug_pubnames
                0x00001596      0x3b3 /home/masterzdran/WorkingArea/Isel/semestre6/SE2/workplace/code/src/eCos/lib/libtarget.a(kernel_intr.o)
 .debug_pubnames
                0x00001949      0x47c /home/masterzdran/WorkingArea/Isel/semestre6/SE2/workplace/code/src/eCos/lib/libtarget.a(kernel_mlqueue.o)
 .debug_pubnames
                0x00001dc5      0x2df /home/masterzdran/WorkingArea/Isel/semestre6/SE2/workplace/code/src/eCos/lib/libtarget.a(kernel_sched.o)
 .debug_pubnames
                0x000020a4      0x188 /home/masterzdran/WorkingArea/Isel/semestre6/SE2/workplace/code/src/eCos/lib/libtarget.a(kernel_cnt_sem.o)
 .debug_pubnames
                0x0000222c       0xd6 /home/masterzdran/WorkingArea/Isel/semestre6/SE2/workplace/code/src/eCos/lib/libtarget.a(kernel_flag.o)
 .debug_pubnames
                0x00002302       0xfa /home/masterzdran/WorkingArea/Isel/semestre6/SE2/workplace/code/src/eCos/lib/libtarget.a(kernel_mbox.o)
 .debug_pubnames
                0x000023fc      0x304 /home/masterzdran/WorkingArea/Isel/semestre6/SE2/workplace/code/src/eCos/lib/libtarget.a(kernel_mutex.o)
 .debug_pubnames
                0x00002700       0x2b /home/masterzdran/WorkingArea/Isel/semestre6/SE2/workplace/code/src/eCos/lib/libtarget.a(language_c_libc_startup_mainthread.o)
 .debug_pubnames
                0x0000272b       0x1d /home/masterzdran/WorkingArea/Isel/semestre6/SE2/workplace/code/src/eCos/lib/libtarget.a(language_c_libc_stdio_printf.o)
 .debug_pubnames
                0x00002748       0x20 /home/masterzdran/WorkingArea/Isel/semestre6/SE2/workplace/code/src/eCos/lib/libtarget.a(language_c_libc_stdio_vfnprintf.o)
 .debug_pubnames
                0x00002768       0x1f /home/masterzdran/WorkingArea/Isel/semestre6/SE2/workplace/code/src/eCos/lib/libtarget.a(language_c_libc_string_memchr.o)
 .debug_pubnames
                0x00002787       0x1f /home/masterzdran/WorkingArea/Isel/semestre6/SE2/workplace/code/src/eCos/lib/libtarget.a(language_c_libc_string_strlen.o)
 .debug_pubnames
                0x000027a6       0x4c /home/masterzdran/WorkingArea/Isel/semestre6/SE2/workplace/code/src/eCos/lib/libtarget.a(language_c_libc_string_strsuppt.o)
 .debug_pubnames
                0x000027f2       0x1b /home/masterzdran/WorkingArea/Isel/semestre6/SE2/workplace/code/src/eCos/lib/libtarget.a(language_c_libm_s_modf.o)
 .debug_pubnames
                0x0000280d       0x98 /home/masterzdran/WorkingArea/Isel/semestre6/SE2/workplace/code/src/eCos/lib/libtarget.a(hal_arm_arch_hal_misc.o)
 .debug_pubnames
                0x000028a5      0x154 /home/masterzdran/WorkingArea/Isel/semestre6/SE2/workplace/code/src/eCos/lib/libtarget.a(hal_arm_lpc2xxx_var_lpc2xxx_misc.o)
 .debug_pubnames
                0x000029f9       0x46 /home/masterzdran/WorkingArea/Isel/semestre6/SE2/workplace/code/src/eCos/lib/libtarget.a(hal_arm_lpc2xxx_p2106_p2106_misc.o)
 .debug_pubnames
                0x00002a3f      0x37a /home/masterzdran/WorkingArea/Isel/semestre6/SE2/workplace/code/src/eCos/lib/libtarget.a(kernel_clock.o)
 .debug_pubnames
                0x00002db9       0x2b /home/masterzdran/WorkingArea/Isel/semestre6/SE2/workplace/code/src/eCos/lib/libtarget.a(language_c_libc_startup_invokemain.o)
 .debug_pubnames
                0x00002de4       0x37 /home/masterzdran/WorkingArea/Isel/semestre6/SE2/workplace/code/src/eCos/lib/libtarget.a(language_c_libc_stdio_stdout.o)
 .debug_pubnames
                0x00002e1b      0x283 /home/masterzdran/WorkingArea/Isel/semestre6/SE2/workplace/code/src/eCos/lib/libtarget.a(language_c_libc_stdio_stream.o)
 .debug_pubnames
                0x0000309e       0x38 /home/masterzdran/WorkingArea/Isel/semestre6/SE2/workplace/code/src/eCos/lib/libtarget.a(language_c_libc_stdio_streambuf.o)
 .debug_pubnames
                0x000030d6       0x9b /home/masterzdran/WorkingArea/Isel/semestre6/SE2/workplace/code/src/eCos/lib/libtarget.a(hal_arm_lpc2xxx_var_hal_diag.o)
 .debug_pubnames
                0x00003171       0x1e /home/masterzdran/WorkingArea/Isel/semestre6/SE2/workplace/code/src/eCos/lib/libtarget.a(infra_memcpy.o)
 .debug_pubnames
                0x0000318f       0x3d /home/masterzdran/WorkingArea/Isel/semestre6/SE2/workplace/code/src/eCos/lib/libtarget.a(infra_delete.o)
 .debug_pubnames
                0x000031cc       0x4a /home/masterzdran/WorkingArea/Isel/semestre6/SE2/workplace/code/src/eCos/lib/libtarget.a(services_memalloc_common_malloc.o)
 .debug_pubnames
                0x00003216       0x42 /home/masterzdran/WorkingArea/Isel/semestre6/SE2/workplace/code/src/eCos/lib/libtarget.a(services_memalloc_common_heaps.o)
 .debug_pubnames
                0x00003258       0x1b /home/masterzdran/WorkingArea/Isel/semestre6/SE2/workplace/code/src/eCos/lib/libtarget.a(language_c_libc_startup_exit.o)
 .debug_pubnames
                0x00003273       0x3e /home/masterzdran/WorkingArea/Isel/semestre6/SE2/workplace/code/src/eCos/lib/libtarget.a(language_c_libc_stdio_fflush.o)
 .debug_pubnames
                0x000032b1       0x57 /home/masterzdran/WorkingArea/Isel/semestre6/SE2/workplace/code/src/eCos/lib/libtarget.a(language_c_libc_stdio_stdiofiles.o)
 .debug_pubnames
                0x00003308       0x33 /home/masterzdran/WorkingArea/Isel/semestre6/SE2/workplace/code/src/eCos/lib/libtarget.a(language_c_libc_stdio_stdiosupp.o)
 .debug_pubnames
                0x0000333b       0x2c /home/masterzdran/WorkingArea/Isel/semestre6/SE2/workplace/code/src/eCos/lib/libtarget.a(error_errno.o)
 .debug_pubnames
                0x00003367       0x1e /home/masterzdran/WorkingArea/Isel/semestre6/SE2/workplace/code/src/eCos/lib/libtarget.a(infra_memset.o)
 .debug_pubnames
                0x00003385      0x177 /home/masterzdran/WorkingArea/Isel/semestre6/SE2/workplace/code/src/eCos/lib/libtarget.a(services_memalloc_common_dlmalloc.o)
 .debug_pubnames
                0x000034fc       0x1c /home/masterzdran/WorkingArea/Isel/semestre6/SE2/workplace/code/src/eCos/lib/libtarget.a(language_c_libc_startup__exit.o)
 .debug_pubnames
                0x00003518       0x41 /home/masterzdran/WorkingArea/Isel/semestre6/SE2/workplace/code/src/eCos/lib/libtarget.a(language_c_libc_startup_atexit.o)
 .debug_pubnames
                0x00003559       0x20 /home/masterzdran/WorkingArea/Isel/semestre6/SE2/workplace/code/src/eCos/lib/libtarget.a(language_c_libc_string_memmove.o)

.debug_info     0x00000000    0x488de
 *(.debug_info)
 .debug_info    0x00000000       0xc7 /home/masterzdran/WorkingArea/Isel/semestre6/SE2/workplace/code/src/eCos/lib/vectors.o
 .debug_info    0x000000c7      0x135 ./automato.o
 .debug_info    0x000001fc     0x43ab /home/masterzdran/WorkingArea/Isel/semestre6/SE2/workplace/code/src/eCos/lib/extras.o
 .debug_info    0x000045a7      0xf10 /home/masterzdran/WorkingArea/Isel/semestre6/SE2/workplace/code/src/eCos/lib/libtarget.a(hal_common_hal_if.o)
 .debug_info    0x000054b7      0x176 /home/masterzdran/WorkingArea/Isel/semestre6/SE2/workplace/code/src/eCos/lib/libtarget.a(hal_common_hal_misc.o)
 .debug_info    0x0000562d      0x913 /home/masterzdran/WorkingArea/Isel/semestre6/SE2/workplace/code/src/eCos/lib/libtarget.a(io_common_iosys.o)
 .debug_info    0x00005f40     0x1c0a /home/masterzdran/WorkingArea/Isel/semestre6/SE2/workplace/code/src/eCos/lib/libtarget.a(infra_startup.o)
 .debug_info    0x00007b4a       0x70 /home/masterzdran/WorkingArea/Isel/semestre6/SE2/workplace/code/src/eCos/lib/libtarget.a(infra_prestart.o)
 .debug_info    0x00007bba       0x70 /home/masterzdran/WorkingArea/Isel/semestre6/SE2/workplace/code/src/eCos/lib/libtarget.a(infra_pkgstart.o)
 .debug_info    0x00007c2a       0x70 /home/masterzdran/WorkingArea/Isel/semestre6/SE2/workplace/code/src/eCos/lib/libtarget.a(infra_userstart.o)
 .debug_info    0x00007c9a      0xb2f /home/masterzdran/WorkingArea/Isel/semestre6/SE2/workplace/code/src/eCos/lib/libtarget.a(infra_diag.o)
 .debug_info    0x000087c9     0x57fc /home/masterzdran/WorkingArea/Isel/semestre6/SE2/workplace/code/src/eCos/lib/libtarget.a(kernel_kapi.o)
 .debug_info    0x0000dfc5     0x4280 /home/masterzdran/WorkingArea/Isel/semestre6/SE2/workplace/code/src/eCos/lib/libtarget.a(kernel_thread.o)
 .debug_info    0x00012245     0x1e7b /home/masterzdran/WorkingArea/Isel/semestre6/SE2/workplace/code/src/eCos/lib/libtarget.a(kernel_except.o)
 .debug_info    0x000140c0     0x2a48 /home/masterzdran/WorkingArea/Isel/semestre6/SE2/workplace/code/src/eCos/lib/libtarget.a(kernel_intr.o)
 .debug_info    0x00016b08     0x2ed3 /home/masterzdran/WorkingArea/Isel/semestre6/SE2/workplace/code/src/eCos/lib/libtarget.a(kernel_mlqueue.o)
 .debug_info    0x000199db     0x2d45 /home/masterzdran/WorkingArea/Isel/semestre6/SE2/workplace/code/src/eCos/lib/libtarget.a(kernel_sched.o)
 .debug_info    0x0001c720     0x2910 /home/masterzdran/WorkingArea/Isel/semestre6/SE2/workplace/code/src/eCos/lib/libtarget.a(kernel_cnt_sem.o)
 .debug_info    0x0001f030     0x2ef2 /home/masterzdran/WorkingArea/Isel/semestre6/SE2/workplace/code/src/eCos/lib/libtarget.a(kernel_flag.o)
 .debug_info    0x00021f22     0x393a /home/masterzdran/WorkingArea/Isel/semestre6/SE2/workplace/code/src/eCos/lib/libtarget.a(kernel_mbox.o)
 .debug_info    0x0002585c     0x3560 /home/masterzdran/WorkingArea/Isel/semestre6/SE2/workplace/code/src/eCos/lib/libtarget.a(kernel_mutex.o)
 .debug_info    0x00028dbc     0x1c8a /home/masterzdran/WorkingArea/Isel/semestre6/SE2/workplace/code/src/eCos/lib/libtarget.a(language_c_libc_startup_mainthread.o)
 .debug_info    0x0002aa46      0x12f /home/masterzdran/WorkingArea/Isel/semestre6/SE2/workplace/code/src/eCos/lib/libtarget.a(language_c_libc_stdio_printf.o)
 .debug_info    0x0002ab75     0x230b /home/masterzdran/WorkingArea/Isel/semestre6/SE2/workplace/code/src/eCos/lib/libtarget.a(language_c_libc_stdio_vfnprintf.o)
 .debug_info    0x0002ce80      0x159 /home/masterzdran/WorkingArea/Isel/semestre6/SE2/workplace/code/src/eCos/lib/libtarget.a(language_c_libc_string_memchr.o)
 .debug_info    0x0002cfd9      0x110 /home/masterzdran/WorkingArea/Isel/semestre6/SE2/workplace/code/src/eCos/lib/libtarget.a(language_c_libc_string_strlen.o)
 .debug_info    0x0002d0e9       0x8e /home/masterzdran/WorkingArea/Isel/semestre6/SE2/workplace/code/src/eCos/lib/libtarget.a(language_c_libc_string_strsuppt.o)
 .debug_info    0x0002d177      0x2cd /home/masterzdran/WorkingArea/Isel/semestre6/SE2/workplace/code/src/eCos/lib/libtarget.a(language_c_libm_s_modf.o)
 .debug_info    0x0002d444      0x28c /home/masterzdran/WorkingArea/Isel/semestre6/SE2/workplace/code/src/eCos/lib/libtarget.a(hal_arm_arch_hal_misc.o)
 .debug_info    0x0002d6d0       0xcb /home/masterzdran/WorkingArea/Isel/semestre6/SE2/workplace/code/src/eCos/lib/libtarget.a(hal_arm_arch_context.o)
 .debug_info    0x0002d79b      0x447 /home/masterzdran/WorkingArea/Isel/semestre6/SE2/workplace/code/src/eCos/lib/libtarget.a(hal_arm_lpc2xxx_var_lpc2xxx_misc.o)
 .debug_info    0x0002dbe2       0xa8 /home/masterzdran/WorkingArea/Isel/semestre6/SE2/workplace/code/src/eCos/lib/libtarget.a(hal_arm_lpc2xxx_p2106_p2106_misc.o)
 .debug_info    0x0002dc8a     0x39bf /home/masterzdran/WorkingArea/Isel/semestre6/SE2/workplace/code/src/eCos/lib/libtarget.a(kernel_clock.o)
 .debug_info    0x00031649       0xd4 /home/masterzdran/WorkingArea/Isel/semestre6/SE2/workplace/code/src/eCos/lib/libtarget.a(language_c_libc_startup_invokemain.o)
 .debug_info    0x0003171d     0x2162 /home/masterzdran/WorkingArea/Isel/semestre6/SE2/workplace/code/src/eCos/lib/libtarget.a(language_c_libc_stdio_stdout.o)
 .debug_info    0x0003387f     0x334d /home/masterzdran/WorkingArea/Isel/semestre6/SE2/workplace/code/src/eCos/lib/libtarget.a(language_c_libc_stdio_stream.o)
 .debug_info    0x00036bcc      0x2f7 /home/masterzdran/WorkingArea/Isel/semestre6/SE2/workplace/code/src/eCos/lib/libtarget.a(language_c_libc_stdio_streambuf.o)
 .debug_info    0x00036ec3      0x7f4 /home/masterzdran/WorkingArea/Isel/semestre6/SE2/workplace/code/src/eCos/lib/libtarget.a(hal_arm_lpc2xxx_var_hal_diag.o)
 .debug_info    0x000376b7      0x12c /home/masterzdran/WorkingArea/Isel/semestre6/SE2/workplace/code/src/eCos/lib/libtarget.a(infra_memcpy.o)
 .debug_info    0x000377e3       0xa8 /home/masterzdran/WorkingArea/Isel/semestre6/SE2/workplace/code/src/eCos/lib/libtarget.a(infra_delete.o)
 .debug_info    0x0003788b     0x2f62 /home/masterzdran/WorkingArea/Isel/semestre6/SE2/workplace/code/src/eCos/lib/libtarget.a(services_memalloc_common_malloc.o)
 .debug_info    0x0003a7ed     0x27d8 /home/masterzdran/WorkingArea/Isel/semestre6/SE2/workplace/code/src/eCos/lib/libtarget.a(services_memalloc_common_heaps.o)
 .debug_info    0x0003cfc5       0xf8 /home/masterzdran/WorkingArea/Isel/semestre6/SE2/workplace/code/src/eCos/lib/libtarget.a(language_c_libc_startup_exit.o)
 .debug_info    0x0003d0bd     0x1f81 /home/masterzdran/WorkingArea/Isel/semestre6/SE2/workplace/code/src/eCos/lib/libtarget.a(language_c_libc_stdio_fflush.o)
 .debug_info    0x0003f03e     0x1cfa /home/masterzdran/WorkingArea/Isel/semestre6/SE2/workplace/code/src/eCos/lib/libtarget.a(language_c_libc_stdio_stdiofiles.o)
 .debug_info    0x00040d38     0x1b9e /home/masterzdran/WorkingArea/Isel/semestre6/SE2/workplace/code/src/eCos/lib/libtarget.a(language_c_libc_stdio_stdiosupp.o)
 .debug_info    0x000428d6     0x1ce6 /home/masterzdran/WorkingArea/Isel/semestre6/SE2/workplace/code/src/eCos/lib/libtarget.a(error_errno.o)
 .debug_info    0x000445bc      0x123 /home/masterzdran/WorkingArea/Isel/semestre6/SE2/workplace/code/src/eCos/lib/libtarget.a(infra_memset.o)
 .debug_info    0x000446df     0x23e8 /home/masterzdran/WorkingArea/Isel/semestre6/SE2/workplace/code/src/eCos/lib/libtarget.a(services_memalloc_common_dlmalloc.o)
 .debug_info    0x00046ac7     0x1c23 /home/masterzdran/WorkingArea/Isel/semestre6/SE2/workplace/code/src/eCos/lib/libtarget.a(language_c_libc_startup__exit.o)
 .debug_info    0x000486ea      0x106 /home/masterzdran/WorkingArea/Isel/semestre6/SE2/workplace/code/src/eCos/lib/libtarget.a(language_c_libc_startup_atexit.o)
 .debug_info    0x000487f0       0xee /home/masterzdran/WorkingArea/Isel/semestre6/SE2/workplace/code/src/eCos/lib/libtarget.a(language_c_libc_string_memmove.o)

.debug_abbrev   0x00000000     0xa5d5
 *(.debug_abbrev)
 .debug_abbrev  0x00000000       0x12 /home/masterzdran/WorkingArea/Isel/semestre6/SE2/workplace/code/src/eCos/lib/vectors.o
 .debug_abbrev  0x00000012       0xb9 ./automato.o
 .debug_abbrev  0x000000cb      0xae7 /home/masterzdran/WorkingArea/Isel/semestre6/SE2/workplace/code/src/eCos/lib/extras.o
 .debug_abbrev  0x00000bb2      0x2c9 /home/masterzdran/WorkingArea/Isel/semestre6/SE2/workplace/code/src/eCos/lib/libtarget.a(hal_common_hal_if.o)
 .debug_abbrev  0x00000e7b       0xfb /home/masterzdran/WorkingArea/Isel/semestre6/SE2/workplace/code/src/eCos/lib/libtarget.a(hal_common_hal_misc.o)
 .debug_abbrev  0x00000f76      0x21f /home/masterzdran/WorkingArea/Isel/semestre6/SE2/workplace/code/src/eCos/lib/libtarget.a(io_common_iosys.o)
 .debug_abbrev  0x00001195      0x358 /home/masterzdran/WorkingArea/Isel/semestre6/SE2/workplace/code/src/eCos/lib/libtarget.a(infra_startup.o)
 .debug_abbrev  0x000014ed       0x3d /home/masterzdran/WorkingArea/Isel/semestre6/SE2/workplace/code/src/eCos/lib/libtarget.a(infra_prestart.o)
 .debug_abbrev  0x0000152a       0x3d /home/masterzdran/WorkingArea/Isel/semestre6/SE2/workplace/code/src/eCos/lib/libtarget.a(infra_pkgstart.o)
 .debug_abbrev  0x00001567       0x3d /home/masterzdran/WorkingArea/Isel/semestre6/SE2/workplace/code/src/eCos/lib/libtarget.a(infra_userstart.o)
 .debug_abbrev  0x000015a4      0x374 /home/masterzdran/WorkingArea/Isel/semestre6/SE2/workplace/code/src/eCos/lib/libtarget.a(infra_diag.o)
 .debug_abbrev  0x00001918      0x782 /home/masterzdran/WorkingArea/Isel/semestre6/SE2/workplace/code/src/eCos/lib/libtarget.a(kernel_kapi.o)
 .debug_abbrev  0x0000209a      0x6ef /home/masterzdran/WorkingArea/Isel/semestre6/SE2/workplace/code/src/eCos/lib/libtarget.a(kernel_thread.o)
 .debug_abbrev  0x00002789      0x4b3 /home/masterzdran/WorkingArea/Isel/semestre6/SE2/workplace/code/src/eCos/lib/libtarget.a(kernel_except.o)
 .debug_abbrev  0x00002c3c      0x67e /home/masterzdran/WorkingArea/Isel/semestre6/SE2/workplace/code/src/eCos/lib/libtarget.a(kernel_intr.o)
 .debug_abbrev  0x000032ba      0x668 /home/masterzdran/WorkingArea/Isel/semestre6/SE2/workplace/code/src/eCos/lib/libtarget.a(kernel_mlqueue.o)
 .debug_abbrev  0x00003922      0x667 /home/masterzdran/WorkingArea/Isel/semestre6/SE2/workplace/code/src/eCos/lib/libtarget.a(kernel_sched.o)
 .debug_abbrev  0x00003f89      0x590 /home/masterzdran/WorkingArea/Isel/semestre6/SE2/workplace/code/src/eCos/lib/libtarget.a(kernel_cnt_sem.o)
 .debug_abbrev  0x00004519      0x64a /home/masterzdran/WorkingArea/Isel/semestre6/SE2/workplace/code/src/eCos/lib/libtarget.a(kernel_flag.o)
 .debug_abbrev  0x00004b63      0x5f0 /home/masterzdran/WorkingArea/Isel/semestre6/SE2/workplace/code/src/eCos/lib/libtarget.a(kernel_mbox.o)
 .debug_abbrev  0x00005153      0x605 /home/masterzdran/WorkingArea/Isel/semestre6/SE2/workplace/code/src/eCos/lib/libtarget.a(kernel_mutex.o)
 .debug_abbrev  0x00005758      0x39d /home/masterzdran/WorkingArea/Isel/semestre6/SE2/workplace/code/src/eCos/lib/libtarget.a(language_c_libc_startup_mainthread.o)
 .debug_abbrev  0x00005af5       0xc1 /home/masterzdran/WorkingArea/Isel/semestre6/SE2/workplace/code/src/eCos/lib/libtarget.a(language_c_libc_stdio_printf.o)
 .debug_abbrev  0x00005bb6      0x51f /home/masterzdran/WorkingArea/Isel/semestre6/SE2/workplace/code/src/eCos/lib/libtarget.a(language_c_libc_stdio_vfnprintf.o)
 .debug_abbrev  0x000060d5       0xb7 /home/masterzdran/WorkingArea/Isel/semestre6/SE2/workplace/code/src/eCos/lib/libtarget.a(language_c_libc_string_memchr.o)
 .debug_abbrev  0x0000618c       0x9a /home/masterzdran/WorkingArea/Isel/semestre6/SE2/workplace/code/src/eCos/lib/libtarget.a(language_c_libc_string_strlen.o)
 .debug_abbrev  0x00006226       0x4d /home/masterzdran/WorkingArea/Isel/semestre6/SE2/workplace/code/src/eCos/lib/libtarget.a(language_c_libc_string_strsuppt.o)
 .debug_abbrev  0x00006273      0x143 /home/masterzdran/WorkingArea/Isel/semestre6/SE2/workplace/code/src/eCos/lib/libtarget.a(language_c_libm_s_modf.o)
 .debug_abbrev  0x000063b6      0x15b /home/masterzdran/WorkingArea/Isel/semestre6/SE2/workplace/code/src/eCos/lib/libtarget.a(hal_arm_arch_hal_misc.o)
 .debug_abbrev  0x00006511       0x14 /home/masterzdran/WorkingArea/Isel/semestre6/SE2/workplace/code/src/eCos/lib/libtarget.a(hal_arm_arch_context.o)
 .debug_abbrev  0x00006525      0x23d /home/masterzdran/WorkingArea/Isel/semestre6/SE2/workplace/code/src/eCos/lib/libtarget.a(hal_arm_lpc2xxx_var_lpc2xxx_misc.o)
 .debug_abbrev  0x00006762       0x74 /home/masterzdran/WorkingArea/Isel/semestre6/SE2/workplace/code/src/eCos/lib/libtarget.a(hal_arm_lpc2xxx_p2106_p2106_misc.o)
 .debug_abbrev  0x000067d6      0x71e /home/masterzdran/WorkingArea/Isel/semestre6/SE2/workplace/code/src/eCos/lib/libtarget.a(kernel_clock.o)
 .debug_abbrev  0x00006ef4       0xa2 /home/masterzdran/WorkingArea/Isel/semestre6/SE2/workplace/code/src/eCos/lib/libtarget.a(language_c_libc_startup_invokemain.o)
 .debug_abbrev  0x00006f96      0x44b /home/masterzdran/WorkingArea/Isel/semestre6/SE2/workplace/code/src/eCos/lib/libtarget.a(language_c_libc_stdio_stdout.o)
 .debug_abbrev  0x000073e1      0x643 /home/masterzdran/WorkingArea/Isel/semestre6/SE2/workplace/code/src/eCos/lib/libtarget.a(language_c_libc_stdio_stream.o)
 .debug_abbrev  0x00007a24      0x14b /home/masterzdran/WorkingArea/Isel/semestre6/SE2/workplace/code/src/eCos/lib/libtarget.a(language_c_libc_stdio_streambuf.o)
 .debug_abbrev  0x00007b6f      0x386 /home/masterzdran/WorkingArea/Isel/semestre6/SE2/workplace/code/src/eCos/lib/libtarget.a(hal_arm_lpc2xxx_var_hal_diag.o)
 .debug_abbrev  0x00007ef5       0x97 /home/masterzdran/WorkingArea/Isel/semestre6/SE2/workplace/code/src/eCos/lib/libtarget.a(infra_memcpy.o)
 .debug_abbrev  0x00007f8c       0x6e /home/masterzdran/WorkingArea/Isel/semestre6/SE2/workplace/code/src/eCos/lib/libtarget.a(infra_delete.o)
 .debug_abbrev  0x00007ffa      0x604 /home/masterzdran/WorkingArea/Isel/semestre6/SE2/workplace/code/src/eCos/lib/libtarget.a(services_memalloc_common_malloc.o)
 .debug_abbrev  0x000085fe      0x54a /home/masterzdran/WorkingArea/Isel/semestre6/SE2/workplace/code/src/eCos/lib/libtarget.a(services_memalloc_common_heaps.o)
 .debug_abbrev  0x00008b48       0xaa /home/masterzdran/WorkingArea/Isel/semestre6/SE2/workplace/code/src/eCos/lib/libtarget.a(language_c_libc_startup_exit.o)
 .debug_abbrev  0x00008bf2      0x4bc /home/masterzdran/WorkingArea/Isel/semestre6/SE2/workplace/code/src/eCos/lib/libtarget.a(language_c_libc_stdio_fflush.o)
 .debug_abbrev  0x000090ae      0x39b /home/masterzdran/WorkingArea/Isel/semestre6/SE2/workplace/code/src/eCos/lib/libtarget.a(language_c_libc_stdio_stdiofiles.o)
 .debug_abbrev  0x00009449      0x3ea /home/masterzdran/WorkingArea/Isel/semestre6/SE2/workplace/code/src/eCos/lib/libtarget.a(language_c_libc_stdio_stdiosupp.o)
 .debug_abbrev  0x00009833      0x402 /home/masterzdran/WorkingArea/Isel/semestre6/SE2/workplace/code/src/eCos/lib/libtarget.a(error_errno.o)
 .debug_abbrev  0x00009c35       0x8b /home/masterzdran/WorkingArea/Isel/semestre6/SE2/workplace/code/src/eCos/lib/libtarget.a(infra_memset.o)
 .debug_abbrev  0x00009cc0      0x45e /home/masterzdran/WorkingArea/Isel/semestre6/SE2/workplace/code/src/eCos/lib/libtarget.a(services_memalloc_common_dlmalloc.o)
 .debug_abbrev  0x0000a11e      0x369 /home/masterzdran/WorkingArea/Isel/semestre6/SE2/workplace/code/src/eCos/lib/libtarget.a(language_c_libc_startup__exit.o)
 .debug_abbrev  0x0000a487       0xc6 /home/masterzdran/WorkingArea/Isel/semestre6/SE2/workplace/code/src/eCos/lib/libtarget.a(language_c_libc_startup_atexit.o)
 .debug_abbrev  0x0000a54d       0x88 /home/masterzdran/WorkingArea/Isel/semestre6/SE2/workplace/code/src/eCos/lib/libtarget.a(language_c_libc_string_memmove.o)

.debug_line     0x00000000     0xd3b7
 *(.debug_line)
 .debug_line    0x00000000      0x1c6 /home/masterzdran/WorkingArea/Isel/semestre6/SE2/workplace/code/src/eCos/lib/vectors.o
 .debug_line    0x000001c6      0x5bb ./automato.o
 .debug_line    0x00000781      0xc99 /home/masterzdran/WorkingArea/Isel/semestre6/SE2/workplace/code/src/eCos/lib/extras.o
 .debug_line    0x0000141a      0x566 /home/masterzdran/WorkingArea/Isel/semestre6/SE2/workplace/code/src/eCos/lib/libtarget.a(hal_common_hal_if.o)
 .debug_line    0x00001980      0x176 /home/masterzdran/WorkingArea/Isel/semestre6/SE2/workplace/code/src/eCos/lib/libtarget.a(hal_common_hal_misc.o)
 .debug_line    0x00001af6      0x30d /home/masterzdran/WorkingArea/Isel/semestre6/SE2/workplace/code/src/eCos/lib/libtarget.a(io_common_iosys.o)
 .debug_line    0x00001e03      0x216 /home/masterzdran/WorkingArea/Isel/semestre6/SE2/workplace/code/src/eCos/lib/libtarget.a(infra_startup.o)
 .debug_line    0x00002019       0x7a /home/masterzdran/WorkingArea/Isel/semestre6/SE2/workplace/code/src/eCos/lib/libtarget.a(infra_prestart.o)
 .debug_line    0x00002093       0x7a /home/masterzdran/WorkingArea/Isel/semestre6/SE2/workplace/code/src/eCos/lib/libtarget.a(infra_pkgstart.o)
 .debug_line    0x0000210d       0x7b /home/masterzdran/WorkingArea/Isel/semestre6/SE2/workplace/code/src/eCos/lib/libtarget.a(infra_userstart.o)
 .debug_line    0x00002188      0x59a /home/masterzdran/WorkingArea/Isel/semestre6/SE2/workplace/code/src/eCos/lib/libtarget.a(infra_diag.o)
 .debug_line    0x00002722      0xf09 /home/masterzdran/WorkingArea/Isel/semestre6/SE2/workplace/code/src/eCos/lib/libtarget.a(kernel_kapi.o)
 .debug_line    0x0000362b      0xe46 /home/masterzdran/WorkingArea/Isel/semestre6/SE2/workplace/code/src/eCos/lib/libtarget.a(kernel_thread.o)
 .debug_line    0x00004471      0x2d3 /home/masterzdran/WorkingArea/Isel/semestre6/SE2/workplace/code/src/eCos/lib/libtarget.a(kernel_except.o)
 .debug_line    0x00004744      0x517 /home/masterzdran/WorkingArea/Isel/semestre6/SE2/workplace/code/src/eCos/lib/libtarget.a(kernel_intr.o)
 .debug_line    0x00004c5b      0x6e1 /home/masterzdran/WorkingArea/Isel/semestre6/SE2/workplace/code/src/eCos/lib/libtarget.a(kernel_mlqueue.o)
 .debug_line    0x0000533c      0x535 /home/masterzdran/WorkingArea/Isel/semestre6/SE2/workplace/code/src/eCos/lib/libtarget.a(kernel_sched.o)
 .debug_line    0x00005871      0x50d /home/masterzdran/WorkingArea/Isel/semestre6/SE2/workplace/code/src/eCos/lib/libtarget.a(kernel_cnt_sem.o)
 .debug_line    0x00005d7e      0x6f1 /home/masterzdran/WorkingArea/Isel/semestre6/SE2/workplace/code/src/eCos/lib/libtarget.a(kernel_flag.o)
 .debug_line    0x0000646f      0x8b5 /home/masterzdran/WorkingArea/Isel/semestre6/SE2/workplace/code/src/eCos/lib/libtarget.a(kernel_mbox.o)
 .debug_line    0x00006d24      0x962 /home/masterzdran/WorkingArea/Isel/semestre6/SE2/workplace/code/src/eCos/lib/libtarget.a(kernel_mutex.o)
 .debug_line    0x00007686      0x25b /home/masterzdran/WorkingArea/Isel/semestre6/SE2/workplace/code/src/eCos/lib/libtarget.a(language_c_libc_startup_mainthread.o)
 .debug_line    0x000078e1      0x1c0 /home/masterzdran/WorkingArea/Isel/semestre6/SE2/workplace/code/src/eCos/lib/libtarget.a(language_c_libc_stdio_printf.o)
 .debug_line    0x00007aa1      0x82b /home/masterzdran/WorkingArea/Isel/semestre6/SE2/workplace/code/src/eCos/lib/libtarget.a(language_c_libc_stdio_vfnprintf.o)
 .debug_line    0x000082cc      0x204 /home/masterzdran/WorkingArea/Isel/semestre6/SE2/workplace/code/src/eCos/lib/libtarget.a(language_c_libc_string_memchr.o)
 .debug_line    0x000084d0      0x1d4 /home/masterzdran/WorkingArea/Isel/semestre6/SE2/workplace/code/src/eCos/lib/libtarget.a(language_c_libc_string_strlen.o)
 .debug_line    0x000086a4       0xdf /home/masterzdran/WorkingArea/Isel/semestre6/SE2/workplace/code/src/eCos/lib/libtarget.a(language_c_libc_string_strsuppt.o)
 .debug_line    0x00008783      0x241 /home/masterzdran/WorkingArea/Isel/semestre6/SE2/workplace/code/src/eCos/lib/libtarget.a(language_c_libm_s_modf.o)
 .debug_line    0x000089c4      0x1b7 /home/masterzdran/WorkingArea/Isel/semestre6/SE2/workplace/code/src/eCos/lib/libtarget.a(hal_arm_arch_hal_misc.o)
 .debug_line    0x00008b7b       0x93 /home/masterzdran/WorkingArea/Isel/semestre6/SE2/workplace/code/src/eCos/lib/libtarget.a(hal_arm_arch_context.o)
 .debug_line    0x00008c0e      0x2c9 /home/masterzdran/WorkingArea/Isel/semestre6/SE2/workplace/code/src/eCos/lib/libtarget.a(hal_arm_lpc2xxx_var_lpc2xxx_misc.o)
 .debug_line    0x00008ed7       0x9e /home/masterzdran/WorkingArea/Isel/semestre6/SE2/workplace/code/src/eCos/lib/libtarget.a(hal_arm_lpc2xxx_p2106_p2106_misc.o)
 .debug_line    0x00008f75      0x9e9 /home/masterzdran/WorkingArea/Isel/semestre6/SE2/workplace/code/src/eCos/lib/libtarget.a(kernel_clock.o)
 .debug_line    0x0000995e       0xff /home/masterzdran/WorkingArea/Isel/semestre6/SE2/workplace/code/src/eCos/lib/libtarget.a(language_c_libc_startup_invokemain.o)
 .debug_line    0x00009a5d      0x423 /home/masterzdran/WorkingArea/Isel/semestre6/SE2/workplace/code/src/eCos/lib/libtarget.a(language_c_libc_stdio_stdout.o)
 .debug_line    0x00009e80      0x9e6 /home/masterzdran/WorkingArea/Isel/semestre6/SE2/workplace/code/src/eCos/lib/libtarget.a(language_c_libc_stdio_stream.o)
 .debug_line    0x0000a866      0x1ed /home/masterzdran/WorkingArea/Isel/semestre6/SE2/workplace/code/src/eCos/lib/libtarget.a(language_c_libc_stdio_streambuf.o)
 .debug_line    0x0000aa53      0x378 /home/masterzdran/WorkingArea/Isel/semestre6/SE2/workplace/code/src/eCos/lib/libtarget.a(hal_arm_lpc2xxx_var_hal_diag.o)
 .debug_line    0x0000adcb      0x180 /home/masterzdran/WorkingArea/Isel/semestre6/SE2/workplace/code/src/eCos/lib/libtarget.a(infra_memcpy.o)
 .debug_line    0x0000af4b       0x8b /home/masterzdran/WorkingArea/Isel/semestre6/SE2/workplace/code/src/eCos/lib/libtarget.a(infra_delete.o)
 .debug_line    0x0000afd6      0x642 /home/masterzdran/WorkingArea/Isel/semestre6/SE2/workplace/code/src/eCos/lib/libtarget.a(services_memalloc_common_malloc.o)
 .debug_line    0x0000b618      0x418 /home/masterzdran/WorkingArea/Isel/semestre6/SE2/workplace/code/src/eCos/lib/libtarget.a(services_memalloc_common_heaps.o)
 .debug_line    0x0000ba30      0x15b /home/masterzdran/WorkingArea/Isel/semestre6/SE2/workplace/code/src/eCos/lib/libtarget.a(language_c_libc_startup_exit.o)
 .debug_line    0x0000bb8b      0x3c9 /home/masterzdran/WorkingArea/Isel/semestre6/SE2/workplace/code/src/eCos/lib/libtarget.a(language_c_libc_stdio_fflush.o)
 .debug_line    0x0000bf54      0x2d7 /home/masterzdran/WorkingArea/Isel/semestre6/SE2/workplace/code/src/eCos/lib/libtarget.a(language_c_libc_stdio_stdiofiles.o)
 .debug_line    0x0000c22b      0x385 /home/masterzdran/WorkingArea/Isel/semestre6/SE2/workplace/code/src/eCos/lib/libtarget.a(language_c_libc_stdio_stdiosupp.o)
 .debug_line    0x0000c5b0      0x28e /home/masterzdran/WorkingArea/Isel/semestre6/SE2/workplace/code/src/eCos/lib/libtarget.a(error_errno.o)
 .debug_line    0x0000c83e      0x189 /home/masterzdran/WorkingArea/Isel/semestre6/SE2/workplace/code/src/eCos/lib/libtarget.a(infra_memset.o)
 .debug_line    0x0000c9c7      0x55a /home/masterzdran/WorkingArea/Isel/semestre6/SE2/workplace/code/src/eCos/lib/libtarget.a(services_memalloc_common_dlmalloc.o)
 .debug_line    0x0000cf21      0x225 /home/masterzdran/WorkingArea/Isel/semestre6/SE2/workplace/code/src/eCos/lib/libtarget.a(language_c_libc_startup__exit.o)
 .debug_line    0x0000d146      0x170 /home/masterzdran/WorkingArea/Isel/semestre6/SE2/workplace/code/src/eCos/lib/libtarget.a(language_c_libc_startup_atexit.o)
 .debug_line    0x0000d2b6      0x101 /home/masterzdran/WorkingArea/Isel/semestre6/SE2/workplace/code/src/eCos/lib/libtarget.a(language_c_libc_string_memmove.o)

.debug_frame    0x00000000     0x2df8
 *(.debug_frame)
 .debug_frame   0x00000000       0x30 ./automato.o
 .debug_frame   0x00000030      0x26c /home/masterzdran/WorkingArea/Isel/semestre6/SE2/workplace/code/src/eCos/lib/extras.o
 .debug_frame   0x0000029c      0x264 /home/masterzdran/WorkingArea/Isel/semestre6/SE2/workplace/code/src/eCos/lib/libtarget.a(hal_common_hal_if.o)
 .debug_frame   0x00000500       0x40 /home/masterzdran/WorkingArea/Isel/semestre6/SE2/workplace/code/src/eCos/lib/libtarget.a(hal_common_hal_misc.o)
 .debug_frame   0x00000540      0x168 /home/masterzdran/WorkingArea/Isel/semestre6/SE2/workplace/code/src/eCos/lib/libtarget.a(io_common_iosys.o)
 .debug_frame   0x000006a8       0x28 /home/masterzdran/WorkingArea/Isel/semestre6/SE2/workplace/code/src/eCos/lib/libtarget.a(infra_startup.o)
 .debug_frame   0x000006d0       0x20 /home/masterzdran/WorkingArea/Isel/semestre6/SE2/workplace/code/src/eCos/lib/libtarget.a(infra_prestart.o)
 .debug_frame   0x000006f0       0x20 /home/masterzdran/WorkingArea/Isel/semestre6/SE2/workplace/code/src/eCos/lib/libtarget.a(infra_pkgstart.o)
 .debug_frame   0x00000710       0x20 /home/masterzdran/WorkingArea/Isel/semestre6/SE2/workplace/code/src/eCos/lib/libtarget.a(infra_userstart.o)
 .debug_frame   0x00000730      0x298 /home/masterzdran/WorkingArea/Isel/semestre6/SE2/workplace/code/src/eCos/lib/libtarget.a(infra_diag.o)
 .debug_frame   0x000009c8      0x848 /home/masterzdran/WorkingArea/Isel/semestre6/SE2/workplace/code/src/eCos/lib/libtarget.a(kernel_kapi.o)
 .debug_frame   0x00001210      0x310 /home/masterzdran/WorkingArea/Isel/semestre6/SE2/workplace/code/src/eCos/lib/libtarget.a(kernel_thread.o)
 .debug_frame   0x00001520       0xa8 /home/masterzdran/WorkingArea/Isel/semestre6/SE2/workplace/code/src/eCos/lib/libtarget.a(kernel_except.o)
 .debug_frame   0x000015c8      0x214 /home/masterzdran/WorkingArea/Isel/semestre6/SE2/workplace/code/src/eCos/lib/libtarget.a(kernel_intr.o)
 .debug_frame   0x000017dc      0x1b4 /home/masterzdran/WorkingArea/Isel/semestre6/SE2/workplace/code/src/eCos/lib/libtarget.a(kernel_mlqueue.o)
 .debug_frame   0x00001990      0x164 /home/masterzdran/WorkingArea/Isel/semestre6/SE2/workplace/code/src/eCos/lib/libtarget.a(kernel_sched.o)
 .debug_frame   0x00001af4       0xe0 /home/masterzdran/WorkingArea/Isel/semestre6/SE2/workplace/code/src/eCos/lib/libtarget.a(kernel_cnt_sem.o)
 .debug_frame   0x00001bd4      0x118 /home/masterzdran/WorkingArea/Isel/semestre6/SE2/workplace/code/src/eCos/lib/libtarget.a(kernel_flag.o)
 .debug_frame   0x00001cec      0x13c /home/masterzdran/WorkingArea/Isel/semestre6/SE2/workplace/code/src/eCos/lib/libtarget.a(kernel_mbox.o)
 .debug_frame   0x00001e28      0x214 /home/masterzdran/WorkingArea/Isel/semestre6/SE2/workplace/code/src/eCos/lib/libtarget.a(kernel_mutex.o)
 .debug_frame   0x0000203c       0x48 /home/masterzdran/WorkingArea/Isel/semestre6/SE2/workplace/code/src/eCos/lib/libtarget.a(language_c_libc_startup_mainthread.o)
 .debug_frame   0x00002084       0x34 /home/masterzdran/WorkingArea/Isel/semestre6/SE2/workplace/code/src/eCos/lib/libtarget.a(language_c_libc_stdio_printf.o)
 .debug_frame   0x000020b8       0x60 /home/masterzdran/WorkingArea/Isel/semestre6/SE2/workplace/code/src/eCos/lib/libtarget.a(language_c_libc_stdio_vfnprintf.o)
 .debug_frame   0x00002118       0x2c /home/masterzdran/WorkingArea/Isel/semestre6/SE2/workplace/code/src/eCos/lib/libtarget.a(language_c_libc_string_memchr.o)
 .debug_frame   0x00002144       0x28 /home/masterzdran/WorkingArea/Isel/semestre6/SE2/workplace/code/src/eCos/lib/libtarget.a(language_c_libc_string_strlen.o)
 .debug_frame   0x0000216c       0x30 /home/masterzdran/WorkingArea/Isel/semestre6/SE2/workplace/code/src/eCos/lib/libtarget.a(language_c_libm_s_modf.o)
 .debug_frame   0x0000219c       0x7c /home/masterzdran/WorkingArea/Isel/semestre6/SE2/workplace/code/src/eCos/lib/libtarget.a(hal_arm_arch_hal_misc.o)
 .debug_frame   0x00002218      0x110 /home/masterzdran/WorkingArea/Isel/semestre6/SE2/workplace/code/src/eCos/lib/libtarget.a(hal_arm_lpc2xxx_var_lpc2xxx_misc.o)
 .debug_frame   0x00002328       0x30 /home/masterzdran/WorkingArea/Isel/semestre6/SE2/workplace/code/src/eCos/lib/libtarget.a(hal_arm_lpc2xxx_p2106_p2106_misc.o)
 .debug_frame   0x00002358      0x320 /home/masterzdran/WorkingArea/Isel/semestre6/SE2/workplace/code/src/eCos/lib/libtarget.a(kernel_clock.o)
 .debug_frame   0x00002678       0x28 /home/masterzdran/WorkingArea/Isel/semestre6/SE2/workplace/code/src/eCos/lib/libtarget.a(language_c_libc_startup_invokemain.o)
 .debug_frame   0x000026a0       0x50 /home/masterzdran/WorkingArea/Isel/semestre6/SE2/workplace/code/src/eCos/lib/libtarget.a(language_c_libc_stdio_stdout.o)
 .debug_frame   0x000026f0      0x21c /home/masterzdran/WorkingArea/Isel/semestre6/SE2/workplace/code/src/eCos/lib/libtarget.a(language_c_libc_stdio_stream.o)
 .debug_frame   0x0000290c       0x2c /home/masterzdran/WorkingArea/Isel/semestre6/SE2/workplace/code/src/eCos/lib/libtarget.a(language_c_libc_stdio_streambuf.o)
 .debug_frame   0x00002938       0xf0 /home/masterzdran/WorkingArea/Isel/semestre6/SE2/workplace/code/src/eCos/lib/libtarget.a(hal_arm_lpc2xxx_var_hal_diag.o)
 .debug_frame   0x00002a28       0x2c /home/masterzdran/WorkingArea/Isel/semestre6/SE2/workplace/code/src/eCos/lib/libtarget.a(infra_memcpy.o)
 .debug_frame   0x00002a54       0x30 /home/masterzdran/WorkingArea/Isel/semestre6/SE2/workplace/code/src/eCos/lib/libtarget.a(infra_delete.o)
 .debug_frame   0x00002a84       0xac /home/masterzdran/WorkingArea/Isel/semestre6/SE2/workplace/code/src/eCos/lib/libtarget.a(services_memalloc_common_malloc.o)
 .debug_frame   0x00002b30       0x50 /home/masterzdran/WorkingArea/Isel/semestre6/SE2/workplace/code/src/eCos/lib/libtarget.a(services_memalloc_common_heaps.o)
 .debug_frame   0x00002b80       0x20 /home/masterzdran/WorkingArea/Isel/semestre6/SE2/workplace/code/src/eCos/lib/libtarget.a(language_c_libc_startup_exit.o)
 .debug_frame   0x00002ba0       0x54 /home/masterzdran/WorkingArea/Isel/semestre6/SE2/workplace/code/src/eCos/lib/libtarget.a(language_c_libc_stdio_fflush.o)
 .debug_frame   0x00002bf4       0x40 /home/masterzdran/WorkingArea/Isel/semestre6/SE2/workplace/code/src/eCos/lib/libtarget.a(language_c_libc_stdio_stdiofiles.o)
 .debug_frame   0x00002c34       0x28 /home/masterzdran/WorkingArea/Isel/semestre6/SE2/workplace/code/src/eCos/lib/libtarget.a(language_c_libc_stdio_stdiosupp.o)
 .debug_frame   0x00002c5c       0x20 /home/masterzdran/WorkingArea/Isel/semestre6/SE2/workplace/code/src/eCos/lib/libtarget.a(error_errno.o)
 .debug_frame   0x00002c7c       0x28 /home/masterzdran/WorkingArea/Isel/semestre6/SE2/workplace/code/src/eCos/lib/libtarget.a(infra_memset.o)
 .debug_frame   0x00002ca4       0xd0 /home/masterzdran/WorkingArea/Isel/semestre6/SE2/workplace/code/src/eCos/lib/libtarget.a(services_memalloc_common_dlmalloc.o)
 .debug_frame   0x00002d74       0x20 /home/masterzdran/WorkingArea/Isel/semestre6/SE2/workplace/code/src/eCos/lib/libtarget.a(language_c_libc_startup__exit.o)
 .debug_frame   0x00002d94       0x3c /home/masterzdran/WorkingArea/Isel/semestre6/SE2/workplace/code/src/eCos/lib/libtarget.a(language_c_libc_startup_atexit.o)
 .debug_frame   0x00002dd0       0x28 /home/masterzdran/WorkingArea/Isel/semestre6/SE2/workplace/code/src/eCos/lib/libtarget.a(language_c_libc_string_memmove.o)

.debug_str      0x00000000     0x870b
 *(.debug_str)
 .debug_str     0x00000000      0x10e ./automato.o
                                0x133 (size before relaxing)
 .debug_str     0x0000010e     0x29fc /home/masterzdran/WorkingArea/Isel/semestre6/SE2/workplace/code/src/eCos/lib/extras.o
                               0x3e90 (size before relaxing)
 .debug_str     0x00002b0a      0x57a /home/masterzdran/WorkingArea/Isel/semestre6/SE2/workplace/code/src/eCos/lib/libtarget.a(hal_common_hal_if.o)
                                0x66b (size before relaxing)
 .debug_str     0x00003084       0xa2 /home/masterzdran/WorkingArea/Isel/semestre6/SE2/workplace/code/src/eCos/lib/libtarget.a(hal_common_hal_misc.o)
                                0x179 (size before relaxing)
 .debug_str     0x00003126      0x18b /home/masterzdran/WorkingArea/Isel/semestre6/SE2/workplace/code/src/eCos/lib/libtarget.a(io_common_iosys.o)
                                0x315 (size before relaxing)
 .debug_str     0x000032b1       0x50 /home/masterzdran/WorkingArea/Isel/semestre6/SE2/workplace/code/src/eCos/lib/libtarget.a(infra_startup.o)
                               0x23bd (size before relaxing)
 .debug_str     0x00003301       0x54 /home/masterzdran/WorkingArea/Isel/semestre6/SE2/workplace/code/src/eCos/lib/libtarget.a(infra_prestart.o)
                                 0xcb (size before relaxing)
 .debug_str     0x00003355       0x59 /home/masterzdran/WorkingArea/Isel/semestre6/SE2/workplace/code/src/eCos/lib/libtarget.a(infra_pkgstart.o)
                                 0xd0 (size before relaxing)
 .debug_str     0x000033ae       0x57 /home/masterzdran/WorkingArea/Isel/semestre6/SE2/workplace/code/src/eCos/lib/libtarget.a(infra_userstart.o)
                                 0xce (size before relaxing)
 .debug_str     0x00003405      0x2c6 /home/masterzdran/WorkingArea/Isel/semestre6/SE2/workplace/code/src/eCos/lib/libtarget.a(infra_diag.o)
                                0x473 (size before relaxing)
 .debug_str     0x000036cb     0x1c09 /home/masterzdran/WorkingArea/Isel/semestre6/SE2/workplace/code/src/eCos/lib/libtarget.a(kernel_kapi.o)
                               0x4371 (size before relaxing)
 .debug_str     0x000052d4      0x86d /home/masterzdran/WorkingArea/Isel/semestre6/SE2/workplace/code/src/eCos/lib/libtarget.a(kernel_thread.o)
                               0x3549 (size before relaxing)
 .debug_str     0x00005b41       0xb5 /home/masterzdran/WorkingArea/Isel/semestre6/SE2/workplace/code/src/eCos/lib/libtarget.a(kernel_except.o)
                               0x252c (size before relaxing)
 .debug_str     0x00005bf6      0x17c /home/masterzdran/WorkingArea/Isel/semestre6/SE2/workplace/code/src/eCos/lib/libtarget.a(kernel_intr.o)
                               0x2d2d (size before relaxing)
 .debug_str     0x00005d72       0x74 /home/masterzdran/WorkingArea/Isel/semestre6/SE2/workplace/code/src/eCos/lib/libtarget.a(kernel_mlqueue.o)
                               0x2ce8 (size before relaxing)
 .debug_str     0x00005de6       0xf4 /home/masterzdran/WorkingArea/Isel/semestre6/SE2/workplace/code/src/eCos/lib/libtarget.a(kernel_sched.o)
                               0x3409 (size before relaxing)
 .debug_str     0x00005eda       0x88 /home/masterzdran/WorkingArea/Isel/semestre6/SE2/workplace/code/src/eCos/lib/libtarget.a(kernel_cnt_sem.o)
                               0x2769 (size before relaxing)
 .debug_str     0x00005f62       0x94 /home/masterzdran/WorkingArea/Isel/semestre6/SE2/workplace/code/src/eCos/lib/libtarget.a(kernel_flag.o)
                               0x27b4 (size before relaxing)
 .debug_str     0x00005ff6       0x4f /home/masterzdran/WorkingArea/Isel/semestre6/SE2/workplace/code/src/eCos/lib/libtarget.a(kernel_mbox.o)
                               0x29c2 (size before relaxing)
 .debug_str     0x00006045       0x64 /home/masterzdran/WorkingArea/Isel/semestre6/SE2/workplace/code/src/eCos/lib/libtarget.a(kernel_mutex.o)
                               0x2a04 (size before relaxing)
 .debug_str     0x000060a9       0xbb /home/masterzdran/WorkingArea/Isel/semestre6/SE2/workplace/code/src/eCos/lib/libtarget.a(language_c_libc_startup_mainthread.o)
                               0x248b (size before relaxing)
 .debug_str     0x00006164       0x5c /home/masterzdran/WorkingArea/Isel/semestre6/SE2/workplace/code/src/eCos/lib/libtarget.a(language_c_libc_stdio_printf.o)
                                0x13f (size before relaxing)
 .debug_str     0x000061c0      0x239 /home/masterzdran/WorkingArea/Isel/semestre6/SE2/workplace/code/src/eCos/lib/libtarget.a(language_c_libc_stdio_vfnprintf.o)
                               0x2455 (size before relaxing)
 .debug_str     0x000063f9       0x9d /home/masterzdran/WorkingArea/Isel/semestre6/SE2/workplace/code/src/eCos/lib/libtarget.a(language_c_libc_string_memchr.o)
                                0x152 (size before relaxing)
 .debug_str     0x00006496       0x66 /home/masterzdran/WorkingArea/Isel/semestre6/SE2/workplace/code/src/eCos/lib/libtarget.a(language_c_libc_string_strlen.o)
                                0x14d (size before relaxing)
 .debug_str     0x000064fc       0x58 /home/masterzdran/WorkingArea/Isel/semestre6/SE2/workplace/code/src/eCos/lib/libtarget.a(language_c_libc_string_strsuppt.o)
                                0x10c (size before relaxing)
 .debug_str     0x00006554       0x7d /home/masterzdran/WorkingArea/Isel/semestre6/SE2/workplace/code/src/eCos/lib/libtarget.a(language_c_libm_s_modf.o)
                                0x23a (size before relaxing)
 .debug_str     0x000065d1       0xd6 /home/masterzdran/WorkingArea/Isel/semestre6/SE2/workplace/code/src/eCos/lib/libtarget.a(hal_arm_arch_hal_misc.o)
                                0x1b6 (size before relaxing)
 .debug_str     0x000066a7      0x1b4 /home/masterzdran/WorkingArea/Isel/semestre6/SE2/workplace/code/src/eCos/lib/libtarget.a(hal_arm_lpc2xxx_var_lpc2xxx_misc.o)
                                0x2cc (size before relaxing)
 .debug_str     0x0000685b       0x83 /home/masterzdran/WorkingArea/Isel/semestre6/SE2/workplace/code/src/eCos/lib/libtarget.a(hal_arm_lpc2xxx_p2106_p2106_misc.o)
                                0x109 (size before relaxing)
 .debug_str     0x000068de      0x18b /home/masterzdran/WorkingArea/Isel/semestre6/SE2/workplace/code/src/eCos/lib/libtarget.a(kernel_clock.o)
                               0x3487 (size before relaxing)
 .debug_str     0x00006a69       0x7a /home/masterzdran/WorkingArea/Isel/semestre6/SE2/workplace/code/src/eCos/lib/libtarget.a(language_c_libc_startup_invokemain.o)
                                0x117 (size before relaxing)
 .debug_str     0x00006ae3      0x491 /home/masterzdran/WorkingArea/Isel/semestre6/SE2/workplace/code/src/eCos/lib/libtarget.a(language_c_libc_stdio_stdout.o)
                               0x28bf (size before relaxing)
 .debug_str     0x00006f74      0x6af /home/masterzdran/WorkingArea/Isel/semestre6/SE2/workplace/code/src/eCos/lib/libtarget.a(language_c_libc_stdio_stream.o)
                               0x2de0 (size before relaxing)
 .debug_str     0x00007623       0x6c /home/masterzdran/WorkingArea/Isel/semestre6/SE2/workplace/code/src/eCos/lib/libtarget.a(language_c_libc_stdio_streambuf.o)
                                0x3f1 (size before relaxing)
 .debug_str     0x0000768f      0x23b /home/masterzdran/WorkingArea/Isel/semestre6/SE2/workplace/code/src/eCos/lib/libtarget.a(hal_arm_lpc2xxx_var_hal_diag.o)
                                0x505 (size before relaxing)
 .debug_str     0x000078ca       0x57 /home/masterzdran/WorkingArea/Isel/semestre6/SE2/workplace/code/src/eCos/lib/libtarget.a(infra_memcpy.o)
                                 0xf8 (size before relaxing)
 .debug_str     0x00007921       0x76 /home/masterzdran/WorkingArea/Isel/semestre6/SE2/workplace/code/src/eCos/lib/libtarget.a(infra_delete.o)
                                 0xed (size before relaxing)
 .debug_str     0x00007997      0x664 /home/masterzdran/WorkingArea/Isel/semestre6/SE2/workplace/code/src/eCos/lib/libtarget.a(services_memalloc_common_malloc.o)
                               0x2c67 (size before relaxing)
 .debug_str     0x00007ffb       0xcc /home/masterzdran/WorkingArea/Isel/semestre6/SE2/workplace/code/src/eCos/lib/libtarget.a(services_memalloc_common_heaps.o)
                               0x2c50 (size before relaxing)
 .debug_str     0x000080c7       0x55 /home/masterzdran/WorkingArea/Isel/semestre6/SE2/workplace/code/src/eCos/lib/libtarget.a(language_c_libc_startup_exit.o)
                                0x111 (size before relaxing)
 .debug_str     0x0000811c      0x13d /home/masterzdran/WorkingArea/Isel/semestre6/SE2/workplace/code/src/eCos/lib/libtarget.a(language_c_libc_stdio_fflush.o)
                               0x25b7 (size before relaxing)
 .debug_str     0x00008259       0xc4 /home/masterzdran/WorkingArea/Isel/semestre6/SE2/workplace/code/src/eCos/lib/libtarget.a(language_c_libc_stdio_stdiofiles.o)
                               0x24ae (size before relaxing)
 .debug_str     0x0000831d       0x8b /home/masterzdran/WorkingArea/Isel/semestre6/SE2/workplace/code/src/eCos/lib/libtarget.a(language_c_libc_stdio_stdiosupp.o)
                               0x22be (size before relaxing)
 .debug_str     0x000083a8       0x5a /home/masterzdran/WorkingArea/Isel/semestre6/SE2/workplace/code/src/eCos/lib/libtarget.a(error_errno.o)
                               0x2433 (size before relaxing)
 .debug_str     0x00008402       0x63 /home/masterzdran/WorkingArea/Isel/semestre6/SE2/workplace/code/src/eCos/lib/libtarget.a(infra_memset.o)
                                0x11e (size before relaxing)
 .debug_str     0x00008465      0x11a /home/masterzdran/WorkingArea/Isel/semestre6/SE2/workplace/code/src/eCos/lib/libtarget.a(services_memalloc_common_dlmalloc.o)
                               0x2732 (size before relaxing)
 .debug_str     0x0000857f       0x56 /home/masterzdran/WorkingArea/Isel/semestre6/SE2/workplace/code/src/eCos/lib/libtarget.a(language_c_libc_startup__exit.o)
                               0x23d9 (size before relaxing)
 .debug_str     0x000085d5       0xd5 /home/masterzdran/WorkingArea/Isel/semestre6/SE2/workplace/code/src/eCos/lib/libtarget.a(language_c_libc_startup_atexit.o)
                                0x162 (size before relaxing)
 .debug_str     0x000086aa       0x61 /home/masterzdran/WorkingArea/Isel/semestre6/SE2/workplace/code/src/eCos/lib/libtarget.a(language_c_libc_string_memmove.o)
                                 0xe4 (size before relaxing)

.debug_loc      0x00000000     0xdbfd
 *(.debug_loc)
 .debug_loc     0x00000000       0x2a ./automato.o
 .debug_loc     0x0000002a      0xa2b /home/masterzdran/WorkingArea/Isel/semestre6/SE2/workplace/code/src/eCos/lib/extras.o
 .debug_loc     0x00000a55      0x849 /home/masterzdran/WorkingArea/Isel/semestre6/SE2/workplace/code/src/eCos/lib/libtarget.a(hal_common_hal_if.o)
 .debug_loc     0x0000129e       0x6d /home/masterzdran/WorkingArea/Isel/semestre6/SE2/workplace/code/src/eCos/lib/libtarget.a(hal_common_hal_misc.o)
 .debug_loc     0x0000130b      0x5e1 /home/masterzdran/WorkingArea/Isel/semestre6/SE2/workplace/code/src/eCos/lib/libtarget.a(io_common_iosys.o)
 .debug_loc     0x000018ec       0x2b /home/masterzdran/WorkingArea/Isel/semestre6/SE2/workplace/code/src/eCos/lib/libtarget.a(infra_startup.o)
 .debug_loc     0x00001917     0x11af /home/masterzdran/WorkingArea/Isel/semestre6/SE2/workplace/code/src/eCos/lib/libtarget.a(infra_diag.o)
 .debug_loc     0x00002ac6     0x10bb /home/masterzdran/WorkingArea/Isel/semestre6/SE2/workplace/code/src/eCos/lib/libtarget.a(kernel_kapi.o)
 .debug_loc     0x00003b81      0xca5 /home/masterzdran/WorkingArea/Isel/semestre6/SE2/workplace/code/src/eCos/lib/libtarget.a(kernel_thread.o)
 .debug_loc     0x00004826      0x140 /home/masterzdran/WorkingArea/Isel/semestre6/SE2/workplace/code/src/eCos/lib/libtarget.a(kernel_except.o)
 .debug_loc     0x00004966      0x42f /home/masterzdran/WorkingArea/Isel/semestre6/SE2/workplace/code/src/eCos/lib/libtarget.a(kernel_intr.o)
 .debug_loc     0x00004d95      0x479 /home/masterzdran/WorkingArea/Isel/semestre6/SE2/workplace/code/src/eCos/lib/libtarget.a(kernel_mlqueue.o)
 .debug_loc     0x0000520e      0x3b9 /home/masterzdran/WorkingArea/Isel/semestre6/SE2/workplace/code/src/eCos/lib/libtarget.a(kernel_sched.o)
 .debug_loc     0x000055c7      0x24a /home/masterzdran/WorkingArea/Isel/semestre6/SE2/workplace/code/src/eCos/lib/libtarget.a(kernel_cnt_sem.o)
 .debug_loc     0x00005811      0x62a /home/masterzdran/WorkingArea/Isel/semestre6/SE2/workplace/code/src/eCos/lib/libtarget.a(kernel_flag.o)
 .debug_loc     0x00005e3b      0x630 /home/masterzdran/WorkingArea/Isel/semestre6/SE2/workplace/code/src/eCos/lib/libtarget.a(kernel_mbox.o)
 .debug_loc     0x0000646b      0x62a /home/masterzdran/WorkingArea/Isel/semestre6/SE2/workplace/code/src/eCos/lib/libtarget.a(kernel_mutex.o)
 .debug_loc     0x00006a95       0x67 /home/masterzdran/WorkingArea/Isel/semestre6/SE2/workplace/code/src/eCos/lib/libtarget.a(language_c_libc_startup_mainthread.o)
 .debug_loc     0x00006afc       0x37 /home/masterzdran/WorkingArea/Isel/semestre6/SE2/workplace/code/src/eCos/lib/libtarget.a(language_c_libc_stdio_printf.o)
 .debug_loc     0x00006b33     0x2d5f /home/masterzdran/WorkingArea/Isel/semestre6/SE2/workplace/code/src/eCos/lib/libtarget.a(language_c_libc_stdio_vfnprintf.o)
 .debug_loc     0x00009892      0x196 /home/masterzdran/WorkingArea/Isel/semestre6/SE2/workplace/code/src/eCos/lib/libtarget.a(language_c_libc_string_memchr.o)
 .debug_loc     0x00009a28       0x7c /home/masterzdran/WorkingArea/Isel/semestre6/SE2/workplace/code/src/eCos/lib/libtarget.a(language_c_libc_string_strlen.o)
 .debug_loc     0x00009aa4       0xca /home/masterzdran/WorkingArea/Isel/semestre6/SE2/workplace/code/src/eCos/lib/libtarget.a(language_c_libm_s_modf.o)
 .debug_loc     0x00009b6e       0xd1 /home/masterzdran/WorkingArea/Isel/semestre6/SE2/workplace/code/src/eCos/lib/libtarget.a(hal_arm_arch_hal_misc.o)
 .debug_loc     0x00009c3f      0x1d7 /home/masterzdran/WorkingArea/Isel/semestre6/SE2/workplace/code/src/eCos/lib/libtarget.a(hal_arm_lpc2xxx_var_lpc2xxx_misc.o)
 .debug_loc     0x00009e16     0x1468 /home/masterzdran/WorkingArea/Isel/semestre6/SE2/workplace/code/src/eCos/lib/libtarget.a(kernel_clock.o)
 .debug_loc     0x0000b27e       0x2b /home/masterzdran/WorkingArea/Isel/semestre6/SE2/workplace/code/src/eCos/lib/libtarget.a(language_c_libc_startup_invokemain.o)
 .debug_loc     0x0000b2a9       0x9e /home/masterzdran/WorkingArea/Isel/semestre6/SE2/workplace/code/src/eCos/lib/libtarget.a(language_c_libc_stdio_stdout.o)
 .debug_loc     0x0000b347      0xa69 /home/masterzdran/WorkingArea/Isel/semestre6/SE2/workplace/code/src/eCos/lib/libtarget.a(language_c_libc_stdio_stream.o)
 .debug_loc     0x0000bdb0       0xbb /home/masterzdran/WorkingArea/Isel/semestre6/SE2/workplace/code/src/eCos/lib/libtarget.a(language_c_libc_stdio_streambuf.o)
 .debug_loc     0x0000be6b      0x3c2 /home/masterzdran/WorkingArea/Isel/semestre6/SE2/workplace/code/src/eCos/lib/libtarget.a(hal_arm_lpc2xxx_var_hal_diag.o)
 .debug_loc     0x0000c22d      0x170 /home/masterzdran/WorkingArea/Isel/semestre6/SE2/workplace/code/src/eCos/lib/libtarget.a(infra_memcpy.o)
 .debug_loc     0x0000c39d      0x2a2 /home/masterzdran/WorkingArea/Isel/semestre6/SE2/workplace/code/src/eCos/lib/libtarget.a(services_memalloc_common_malloc.o)
 .debug_loc     0x0000c63f       0xe2 /home/masterzdran/WorkingArea/Isel/semestre6/SE2/workplace/code/src/eCos/lib/libtarget.a(services_memalloc_common_heaps.o)
 .debug_loc     0x0000c721       0x1e /home/masterzdran/WorkingArea/Isel/semestre6/SE2/workplace/code/src/eCos/lib/libtarget.a(language_c_libc_startup_exit.o)
 .debug_loc     0x0000c73f      0x17b /home/masterzdran/WorkingArea/Isel/semestre6/SE2/workplace/code/src/eCos/lib/libtarget.a(language_c_libc_stdio_fflush.o)
 .debug_loc     0x0000c8ba       0x3c /home/masterzdran/WorkingArea/Isel/semestre6/SE2/workplace/code/src/eCos/lib/libtarget.a(language_c_libc_stdio_stdiofiles.o)
 .debug_loc     0x0000c8f6       0x77 /home/masterzdran/WorkingArea/Isel/semestre6/SE2/workplace/code/src/eCos/lib/libtarget.a(language_c_libc_stdio_stdiosupp.o)
 .debug_loc     0x0000c96d      0x123 /home/masterzdran/WorkingArea/Isel/semestre6/SE2/workplace/code/src/eCos/lib/libtarget.a(infra_memset.o)
 .debug_loc     0x0000ca90     0x1030 /home/masterzdran/WorkingArea/Isel/semestre6/SE2/workplace/code/src/eCos/lib/libtarget.a(services_memalloc_common_dlmalloc.o)
 .debug_loc     0x0000dac0       0x13 /home/masterzdran/WorkingArea/Isel/semestre6/SE2/workplace/code/src/eCos/lib/libtarget.a(language_c_libc_startup__exit.o)
 .debug_loc     0x0000dad3       0x3e /home/masterzdran/WorkingArea/Isel/semestre6/SE2/workplace/code/src/eCos/lib/libtarget.a(language_c_libc_startup_atexit.o)
 .debug_loc     0x0000db11       0xec /home/masterzdran/WorkingArea/Isel/semestre6/SE2/workplace/code/src/eCos/lib/libtarget.a(language_c_libc_string_memmove.o)

.debug_macinfo  0x00000000     0xafca
 *(.debug_macinfo)
 .debug_macinfo
                0x00000000     0xafca ./automato.o

.note.arm.ident
 *(.note.arm.ident)

/DISCARD/
 *(.fini_array*)
 *(.ARM.extab* .gnu.linkonce.armextab.*)
 *(.ARM.exidx* .gnu.linkonce.armexidx.*)
 *(.gcc_except_table*)

.rom_vectors    0x00000000       0x40
                0x00000000                __rom_vectors_vma = ABSOLUTE (.)
                0x00000000                . = .
 *(.vectors)
 .vectors       0x00000000       0x40 /home/masterzdran/WorkingArea/Isel/semestre6/SE2/workplace/code/src/eCos/lib/vectors.o
                0x00000000                __exception_handlers
                0x00000020                vectors
                0x00000000                __rom_vectors_lma = LOADADDR (.rom_vectors)

.ARM.extab      0x00000040        0x0
                0x00000040                PROVIDE (__stext, ABSOLUTE (.))
                0x00000040                _stext = ABSOLUTE (.)
                0x00000040                . = .
                0x00000040                . = ALIGN (0x8)
                0x00000040                . = ALIGN (0x8)
                0x00000040                __exidx_start = ABSOLUTE (.)

.ARM.exidx      0x00000040        0x0
                0x00000040                . = .
                0x00000040                __exidx_end = ABSOLUTE (.)

.text           0x00000040     0xf538
 *(.text*)
 .text          0x00000040      0x584 /home/masterzdran/WorkingArea/Isel/semestre6/SE2/workplace/code/src/eCos/lib/vectors.o
                0x000004e4                hal_interrupt_stack_call_pending_DSRs
                0x00000544                __gccmain
                0x00000258                reset_platform
                0x00000040                reset_vector
                0x00000550                _sp
                0x00000548                _psr
                0x00000104                start
 .text          0x000005c4       0x44 ./automato.o
                0x000005c4                main
 .text          0x00000608        0x0 /home/masterzdran/WorkingArea/Isel/semestre6/SE2/workplace/code/src/eCos/lib/extras.o
 .text._GLOBAL__I.49000_ioinit.cxx
                0x00000608        0x4 /home/masterzdran/WorkingArea/Isel/semestre6/SE2/workplace/code/src/eCos/lib/extras.o
 .text.serial_select
                0x0000060c        0x8 /home/masterzdran/WorkingArea/Isel/semestre6/SE2/workplace/code/src/eCos/lib/extras.o
 .text.serial_set_config
                0x00000614       0x1c /home/masterzdran/WorkingArea/Isel/semestre6/SE2/workplace/code/src/eCos/lib/extras.o
 .text.serial_rcv_char
                0x00000630       0x64 /home/masterzdran/WorkingArea/Isel/semestre6/SE2/workplace/code/src/eCos/lib/extras.o
 .text.serial_xmt_char
                0x00000694       0xd4 /home/masterzdran/WorkingArea/Isel/semestre6/SE2/workplace/code/src/eCos/lib/extras.o
 .text.serial_init
                0x00000768       0xb4 /home/masterzdran/WorkingArea/Isel/semestre6/SE2/workplace/code/src/eCos/lib/extras.o
 .text.serial_get_config
                0x0000081c      0x2cc /home/masterzdran/WorkingArea/Isel/semestre6/SE2/workplace/code/src/eCos/lib/extras.o
 .text.serial_read
                0x00000ae8      0x13c /home/masterzdran/WorkingArea/Isel/semestre6/SE2/workplace/code/src/eCos/lib/extras.o
 .text.serial_write
                0x00000c24      0x184 /home/masterzdran/WorkingArea/Isel/semestre6/SE2/workplace/code/src/eCos/lib/extras.o
 .text.tty_init
                0x00000da8       0x14 /home/masterzdran/WorkingArea/Isel/semestre6/SE2/workplace/code/src/eCos/lib/extras.o
 .text.tty_lookup
                0x00000dbc       0x14 /home/masterzdran/WorkingArea/Isel/semestre6/SE2/workplace/code/src/eCos/lib/extras.o
 .text.tty_set_config
                0x00000dd0       0x48 /home/masterzdran/WorkingArea/Isel/semestre6/SE2/workplace/code/src/eCos/lib/extras.o
 .text.tty_get_config
                0x00000e18       0x54 /home/masterzdran/WorkingArea/Isel/semestre6/SE2/workplace/code/src/eCos/lib/extras.o
 .text.tty_select
                0x00000e6c        0xc /home/masterzdran/WorkingArea/Isel/semestre6/SE2/workplace/code/src/eCos/lib/extras.o
 .text.tty_read
                0x00000e78      0x180 /home/masterzdran/WorkingArea/Isel/semestre6/SE2/workplace/code/src/eCos/lib/extras.o
 .text.tty_write
                0x00000ff8       0xf4 /home/masterzdran/WorkingArea/Isel/semestre6/SE2/workplace/code/src/eCos/lib/extras.o
 .text.haldiag_init
                0x000010ec        0x8 /home/masterzdran/WorkingArea/Isel/semestre6/SE2/workplace/code/src/eCos/lib/extras.o
 .text.haldiag_set_config
                0x000010f4       0x40 /home/masterzdran/WorkingArea/Isel/semestre6/SE2/workplace/code/src/eCos/lib/extras.o
 .text.haldiag_getc
                0x00001134       0x1c /home/masterzdran/WorkingArea/Isel/semestre6/SE2/workplace/code/src/eCos/lib/extras.o
 .text.haldiag_putc
                0x00001150       0x1c /home/masterzdran/WorkingArea/Isel/semestre6/SE2/workplace/code/src/eCos/lib/extras.o
 .text.cyg_iso_c_start
                0x0000116c       0x28 /home/masterzdran/WorkingArea/Isel/semestre6/SE2/workplace/code/src/eCos/lib/extras.o
                0x0000116c                cyg_iso_c_start
 .text._GLOBAL__I.56100_cyg_iso_c_start
                0x00001194        0x4 /home/masterzdran/WorkingArea/Isel/semestre6/SE2/workplace/code/src/eCos/lib/extras.o
 .text          0x00001198        0x0 /home/masterzdran/WorkingArea/Isel/semestre6/SE2/workplace/code/src/eCos/lib/libtarget.a(hal_common_hal_if.o)
 .text.nop_service
                0x00001198        0x8 /home/masterzdran/WorkingArea/Isel/semestre6/SE2/workplace/code/src/eCos/lib/libtarget.a(hal_common_hal_if.o)
 .text.set_debug_comm
                0x000011a0      0x118 /home/masterzdran/WorkingArea/Isel/semestre6/SE2/workplace/code/src/eCos/lib/libtarget.a(hal_common_hal_if.o)
 .text.set_console_comm
                0x000012b8       0x94 /home/masterzdran/WorkingArea/Isel/semestre6/SE2/workplace/code/src/eCos/lib/libtarget.a(hal_common_hal_if.o)
 .text.cyg_hal_diag_mangler_gdb_getc
                0x0000134c       0x2c /home/masterzdran/WorkingArea/Isel/semestre6/SE2/workplace/code/src/eCos/lib/libtarget.a(hal_common_hal_if.o)
 .text.cyg_hal_diag_mangler_gdb_read
                0x00001378       0x4c /home/masterzdran/WorkingArea/Isel/semestre6/SE2/workplace/code/src/eCos/lib/libtarget.a(hal_common_hal_if.o)
 .text.cyg_hal_diag_mangler_gdb_init
                0x000013c4       0x8c /home/masterzdran/WorkingArea/Isel/semestre6/SE2/workplace/code/src/eCos/lib/libtarget.a(hal_common_hal_if.o)
                0x000013c4                cyg_hal_diag_mangler_gdb_init
 .text.cyg_hal_diag_mangler_null_getc
                0x00001450       0x2c /home/masterzdran/WorkingArea/Isel/semestre6/SE2/workplace/code/src/eCos/lib/libtarget.a(hal_common_hal_if.o)
 .text.cyg_hal_diag_mangler_null_putc
                0x0000147c       0x2c /home/masterzdran/WorkingArea/Isel/semestre6/SE2/workplace/code/src/eCos/lib/libtarget.a(hal_common_hal_if.o)
 .text.cyg_hal_diag_mangler_null_write
                0x000014a8       0x4c /home/masterzdran/WorkingArea/Isel/semestre6/SE2/workplace/code/src/eCos/lib/libtarget.a(hal_common_hal_if.o)
 .text.cyg_hal_diag_mangler_null_read
                0x000014f4       0x4c /home/masterzdran/WorkingArea/Isel/semestre6/SE2/workplace/code/src/eCos/lib/libtarget.a(hal_common_hal_if.o)
 .text.cyg_hal_diag_mangler_null_control
                0x00001540       0x10 /home/masterzdran/WorkingArea/Isel/semestre6/SE2/workplace/code/src/eCos/lib/libtarget.a(hal_common_hal_if.o)
 .text.cyg_hal_diag_mangler_null_init
                0x00001550       0x8c /home/masterzdran/WorkingArea/Isel/semestre6/SE2/workplace/code/src/eCos/lib/libtarget.a(hal_common_hal_if.o)
                0x00001550                cyg_hal_diag_mangler_null_init
 .text.hal_if_diag_init
                0x000015dc       0x40 /home/masterzdran/WorkingArea/Isel/semestre6/SE2/workplace/code/src/eCos/lib/libtarget.a(hal_common_hal_if.o)
                0x000015dc                hal_if_diag_init
 .text.hal_if_diag_read_char
                0x0000161c       0x50 /home/masterzdran/WorkingArea/Isel/semestre6/SE2/workplace/code/src/eCos/lib/libtarget.a(hal_common_hal_if.o)
                0x0000161c                hal_if_diag_read_char
 .text.hal_if_init
                0x0000166c       0xd8 /home/masterzdran/WorkingArea/Isel/semestre6/SE2/workplace/code/src/eCos/lib/libtarget.a(hal_common_hal_if.o)
                0x0000166c                hal_if_init
 .text.delay_us
                0x00001744       0x88 /home/masterzdran/WorkingArea/Isel/semestre6/SE2/workplace/code/src/eCos/lib/libtarget.a(hal_common_hal_if.o)
 .text.reset    0x000017cc       0x14 /home/masterzdran/WorkingArea/Isel/semestre6/SE2/workplace/code/src/eCos/lib/libtarget.a(hal_common_hal_if.o)
 .text.hal_if_diag_write_char
                0x000017e0       0x74 /home/masterzdran/WorkingArea/Isel/semestre6/SE2/workplace/code/src/eCos/lib/libtarget.a(hal_common_hal_if.o)
                0x000017e0                hal_if_diag_write_char
 .text.cyg_hal_diag_mangler_gdb_flush
                0x00001854      0x1a8 /home/masterzdran/WorkingArea/Isel/semestre6/SE2/workplace/code/src/eCos/lib/libtarget.a(hal_common_hal_if.o)
 .text.cyg_hal_diag_mangler_gdb_control
                0x000019fc       0x2c /home/masterzdran/WorkingArea/Isel/semestre6/SE2/workplace/code/src/eCos/lib/libtarget.a(hal_common_hal_if.o)
 .text.cyg_hal_diag_mangler_gdb_putc
                0x00001a28       0x58 /home/masterzdran/WorkingArea/Isel/semestre6/SE2/workplace/code/src/eCos/lib/libtarget.a(hal_common_hal_if.o)
 .text.cyg_hal_diag_mangler_gdb_write
                0x00001a80       0x3c /home/masterzdran/WorkingArea/Isel/semestre6/SE2/workplace/code/src/eCos/lib/libtarget.a(hal_common_hal_if.o)
 .text          0x00001abc        0x0 /home/masterzdran/WorkingArea/Isel/semestre6/SE2/workplace/code/src/eCos/lib/libtarget.a(hal_common_hal_misc.o)
 .text.cyg_hal_is_break
                0x00001abc       0x48 /home/masterzdran/WorkingArea/Isel/semestre6/SE2/workplace/code/src/eCos/lib/libtarget.a(hal_common_hal_misc.o)
                0x00001abc                cyg_hal_is_break
 .text.cyg_hal_user_break
                0x00001b04        0x8 /home/masterzdran/WorkingArea/Isel/semestre6/SE2/workplace/code/src/eCos/lib/libtarget.a(hal_common_hal_misc.o)
                0x00001b04                cyg_hal_user_break
                0x00001b04                breakinst
 .text.hal_default_isr
                0x00001b0c        0x4 /home/masterzdran/WorkingArea/Isel/semestre6/SE2/workplace/code/src/eCos/lib/libtarget.a(hal_common_hal_misc.o)
                0x00001b0c                hal_default_isr
 .text          0x00001b10        0x0 /home/masterzdran/WorkingArea/Isel/semestre6/SE2/workplace/code/src/eCos/lib/libtarget.a(io_common_iosys.o)
 .text.cyg_io_init
                0x00001b10       0x74 /home/masterzdran/WorkingArea/Isel/semestre6/SE2/workplace/code/src/eCos/lib/libtarget.a(io_common_iosys.o)
                0x00001b10                cyg_io_init
 .text.cyg_io_lookup
                0x00001b84      0x104 /home/masterzdran/WorkingArea/Isel/semestre6/SE2/workplace/code/src/eCos/lib/libtarget.a(io_common_iosys.o)
                0x00001b84                cyg_io_lookup
 .text.cyg_io_write
                0x00001c88       0x48 /home/masterzdran/WorkingArea/Isel/semestre6/SE2/workplace/code/src/eCos/lib/libtarget.a(io_common_iosys.o)
                0x00001c88                cyg_io_write
 .text.cyg_io_read
                0x00001cd0       0x48 /home/masterzdran/WorkingArea/Isel/semestre6/SE2/workplace/code/src/eCos/lib/libtarget.a(io_common_iosys.o)
                0x00001cd0                cyg_io_read
 .text.cyg_io_bwrite
                0x00001d18       0x40 /home/masterzdran/WorkingArea/Isel/semestre6/SE2/workplace/code/src/eCos/lib/libtarget.a(io_common_iosys.o)
                0x00001d18                cyg_io_bwrite
 .text.cyg_io_bread
                0x00001d58       0x40 /home/masterzdran/WorkingArea/Isel/semestre6/SE2/workplace/code/src/eCos/lib/libtarget.a(io_common_iosys.o)
                0x00001d58                cyg_io_bread
 .text.cyg_io_select
                0x00001d98       0x28 /home/masterzdran/WorkingArea/Isel/semestre6/SE2/workplace/code/src/eCos/lib/libtarget.a(io_common_iosys.o)
                0x00001d98                cyg_io_select
 .text.cyg_io_get_config
                0x00001dc0       0x40 /home/masterzdran/WorkingArea/Isel/semestre6/SE2/workplace/code/src/eCos/lib/libtarget.a(io_common_iosys.o)
                0x00001dc0                cyg_io_get_config
 .text.cyg_io_set_config
                0x00001e00       0x40 /home/masterzdran/WorkingArea/Isel/semestre6/SE2/workplace/code/src/eCos/lib/libtarget.a(io_common_iosys.o)
                0x00001e00                cyg_io_set_config
 .text.cyg_devio_cwrite
                0x00001e40        0x8 /home/masterzdran/WorkingArea/Isel/semestre6/SE2/workplace/code/src/eCos/lib/libtarget.a(io_common_iosys.o)
                0x00001e40                cyg_devio_cwrite
 .text.cyg_devio_cread
                0x00001e48        0x8 /home/masterzdran/WorkingArea/Isel/semestre6/SE2/workplace/code/src/eCos/lib/libtarget.a(io_common_iosys.o)
                0x00001e48                cyg_devio_cread
 .text.cyg_devio_bwrite
                0x00001e50        0x8 /home/masterzdran/WorkingArea/Isel/semestre6/SE2/workplace/code/src/eCos/lib/libtarget.a(io_common_iosys.o)
                0x00001e50                cyg_devio_bwrite
 .text.cyg_devio_bread
                0x00001e58        0x8 /home/masterzdran/WorkingArea/Isel/semestre6/SE2/workplace/code/src/eCos/lib/libtarget.a(io_common_iosys.o)
                0x00001e58                cyg_devio_bread
 .text.cyg_devio_select
                0x00001e60        0x8 /home/masterzdran/WorkingArea/Isel/semestre6/SE2/workplace/code/src/eCos/lib/libtarget.a(io_common_iosys.o)
                0x00001e60                cyg_devio_select
 .text.cyg_devio_get_config
                0x00001e68        0x8 /home/masterzdran/WorkingArea/Isel/semestre6/SE2/workplace/code/src/eCos/lib/libtarget.a(io_common_iosys.o)
                0x00001e68                cyg_devio_get_config
 .text.cyg_devio_set_config
                0x00001e70        0x8 /home/masterzdran/WorkingArea/Isel/semestre6/SE2/workplace/code/src/eCos/lib/libtarget.a(io_common_iosys.o)
                0x00001e70                cyg_devio_set_config
 .text          0x00001e78        0x0 /home/masterzdran/WorkingArea/Isel/semestre6/SE2/workplace/code/src/eCos/lib/libtarget.a(infra_startup.o)
 .text.cyg_start
                0x00001e78       0x18 /home/masterzdran/WorkingArea/Isel/semestre6/SE2/workplace/code/src/eCos/lib/libtarget.a(infra_startup.o)
                0x00001e78                cyg_start
 .text          0x00001e90        0x0 /home/masterzdran/WorkingArea/Isel/semestre6/SE2/workplace/code/src/eCos/lib/libtarget.a(infra_prestart.o)
 .text.cyg_prestart
                0x00001e90        0x4 /home/masterzdran/WorkingArea/Isel/semestre6/SE2/workplace/code/src/eCos/lib/libtarget.a(infra_prestart.o)
                0x00001e90                cyg_prestart
 .text          0x00001e94        0x0 /home/masterzdran/WorkingArea/Isel/semestre6/SE2/workplace/code/src/eCos/lib/libtarget.a(infra_pkgstart.o)
 .text.cyg_package_start
                0x00001e94        0x4 /home/masterzdran/WorkingArea/Isel/semestre6/SE2/workplace/code/src/eCos/lib/libtarget.a(infra_pkgstart.o)
                0x00001e94                cyg_package_start
 .text          0x00001e98        0x0 /home/masterzdran/WorkingArea/Isel/semestre6/SE2/workplace/code/src/eCos/lib/libtarget.a(infra_userstart.o)
 .text.cyg_user_start
                0x00001e98        0x4 /home/masterzdran/WorkingArea/Isel/semestre6/SE2/workplace/code/src/eCos/lib/libtarget.a(infra_userstart.o)
                0x00001e98                cyg_user_start
 .text          0x00001e9c        0x0 /home/masterzdran/WorkingArea/Isel/semestre6/SE2/workplace/code/src/eCos/lib/libtarget.a(infra_diag.o)
 .text.diag_init
                0x00001e9c        0x4 /home/masterzdran/WorkingArea/Isel/semestre6/SE2/workplace/code/src/eCos/lib/libtarget.a(infra_diag.o)
                0x00001e9c                diag_init
 .text.diag_init_putc
                0x00001ea0       0x10 /home/masterzdran/WorkingArea/Isel/semestre6/SE2/workplace/code/src/eCos/lib/libtarget.a(infra_diag.o)
                0x00001ea0                diag_init_putc
 .text._ZL4_cvtyPclS_
                0x00001eb0       0xd0 /home/masterzdran/WorkingArea/Isel/semestre6/SE2/workplace/code/src/eCos/lib/libtarget.a(infra_diag.o)
 .text._ZL6_sputccPPv
                0x00001f80       0x3c /home/masterzdran/WorkingArea/Isel/semestre6/SE2/workplace/code/src/eCos/lib/libtarget.a(infra_diag.o)
 .text.diag_vdump_buf_with_offset
                0x00001fbc      0x144 /home/masterzdran/WorkingArea/Isel/semestre6/SE2/workplace/code/src/eCos/lib/libtarget.a(infra_diag.o)
                0x00001fbc                diag_vdump_buf_with_offset
 .text.diag_dump_buf_with_offset
                0x00002100       0x1c /home/masterzdran/WorkingArea/Isel/semestre6/SE2/workplace/code/src/eCos/lib/libtarget.a(infra_diag.o)
                0x00002100                diag_dump_buf_with_offset
 .text.diag_dump_buf
                0x0000211c        0x8 /home/masterzdran/WorkingArea/Isel/semestre6/SE2/workplace/code/src/eCos/lib/libtarget.a(infra_diag.o)
                0x0000211c                diag_dump_buf
 .text._GLOBAL__I.10100_diag_write_char
                0x00002124        0x4 /home/masterzdran/WorkingArea/Isel/semestre6/SE2/workplace/code/src/eCos/lib/libtarget.a(infra_diag.o)
 .text.diag_write_char
                0x00002128       0x28 /home/masterzdran/WorkingArea/Isel/semestre6/SE2/workplace/code/src/eCos/lib/libtarget.a(infra_diag.o)
                0x00002128                diag_write_char
 .text._ZL16_diag_write_charcPPv
                0x00002150        0x4 /home/masterzdran/WorkingArea/Isel/semestre6/SE2/workplace/code/src/eCos/lib/libtarget.a(infra_diag.o)
 .text.diag_write_long_num
                0x00002154      0x11c /home/masterzdran/WorkingArea/Isel/semestre6/SE2/workplace/code/src/eCos/lib/libtarget.a(infra_diag.o)
                0x00002154                diag_write_long_num
 .text.diag_write_num
                0x00002270       0x30 /home/masterzdran/WorkingArea/Isel/semestre6/SE2/workplace/code/src/eCos/lib/libtarget.a(infra_diag.o)
                0x00002270                diag_write_num
 .text.diag_write_hex
                0x000022a0       0x28 /home/masterzdran/WorkingArea/Isel/semestre6/SE2/workplace/code/src/eCos/lib/libtarget.a(infra_diag.o)
                0x000022a0                diag_write_hex
 .text.diag_write_dec
                0x000022c8       0x34 /home/masterzdran/WorkingArea/Isel/semestre6/SE2/workplace/code/src/eCos/lib/libtarget.a(infra_diag.o)
                0x000022c8                diag_write_dec
 .text.diag_write_string
                0x000022fc       0x2c /home/masterzdran/WorkingArea/Isel/semestre6/SE2/workplace/code/src/eCos/lib/libtarget.a(infra_diag.o)
                0x000022fc                diag_write_string
 .text._ZL8_vprintfPFvcPPvES0_PKcS_
                0x00002328      0xb38 /home/masterzdran/WorkingArea/Isel/semestre6/SE2/workplace/code/src/eCos/lib/libtarget.a(infra_diag.o)
 .text.diag_vprintf
                0x00002e60       0x1c /home/masterzdran/WorkingArea/Isel/semestre6/SE2/workplace/code/src/eCos/lib/libtarget.a(infra_diag.o)
                0x00002e60                diag_vprintf
 .text.diag_printf
                0x00002e7c       0x38 /home/masterzdran/WorkingArea/Isel/semestre6/SE2/workplace/code/src/eCos/lib/libtarget.a(infra_diag.o)
                0x00002e7c                diag_printf
 .text.diag_dump_buf_with_offset_16bit
                0x00002eb4       0xe8 /home/masterzdran/WorkingArea/Isel/semestre6/SE2/workplace/code/src/eCos/lib/libtarget.a(infra_diag.o)
                0x00002eb4                diag_dump_buf_with_offset_16bit
 .text.diag_dump_buf_16bit
                0x00002f9c        0x8 /home/masterzdran/WorkingArea/Isel/semestre6/SE2/workplace/code/src/eCos/lib/libtarget.a(infra_diag.o)
                0x00002f9c                diag_dump_buf_16bit
 .text.diag_dump_buf_with_offset_32bit
                0x00002fa4       0xc8 /home/masterzdran/WorkingArea/Isel/semestre6/SE2/workplace/code/src/eCos/lib/libtarget.a(infra_diag.o)
                0x00002fa4                diag_dump_buf_with_offset_32bit
 .text.diag_dump_buf_32bit
                0x0000306c        0x8 /home/masterzdran/WorkingArea/Isel/semestre6/SE2/workplace/code/src/eCos/lib/libtarget.a(infra_diag.o)
                0x0000306c                diag_dump_buf_32bit
 .text.diag_vsprintf
                0x00003074       0x40 /home/masterzdran/WorkingArea/Isel/semestre6/SE2/workplace/code/src/eCos/lib/libtarget.a(infra_diag.o)
                0x00003074                diag_vsprintf
 .text.diag_snprintf
                0x000030b4       0x4c /home/masterzdran/WorkingArea/Isel/semestre6/SE2/workplace/code/src/eCos/lib/libtarget.a(infra_diag.o)
                0x000030b4                diag_snprintf
 .text.diag_sprintf
                0x00003100       0x4c /home/masterzdran/WorkingArea/Isel/semestre6/SE2/workplace/code/src/eCos/lib/libtarget.a(infra_diag.o)
                0x00003100                diag_sprintf
 .text          0x0000314c        0x0 /home/masterzdran/WorkingArea/Isel/semestre6/SE2/workplace/code/src/eCos/lib/libtarget.a(kernel_kapi.o)
 .text.cyg_scheduler_lock
                0x0000314c       0x18 /home/masterzdran/WorkingArea/Isel/semestre6/SE2/workplace/code/src/eCos/lib/libtarget.a(kernel_kapi.o)
                0x0000314c                cyg_scheduler_lock
 .text.cyg_scheduler_read_lock
                0x00003164       0x10 /home/masterzdran/WorkingArea/Isel/semestre6/SE2/workplace/code/src/eCos/lib/libtarget.a(kernel_kapi.o)
                0x00003164                cyg_scheduler_read_lock
 .text.cyg_thread_self
                0x00003174       0x10 /home/masterzdran/WorkingArea/Isel/semestre6/SE2/workplace/code/src/eCos/lib/libtarget.a(kernel_kapi.o)
                0x00003174                cyg_thread_self
 .text.cyg_thread_get_id
                0x00003184        0x8 /home/masterzdran/WorkingArea/Isel/semestre6/SE2/workplace/code/src/eCos/lib/libtarget.a(kernel_kapi.o)
                0x00003184                cyg_thread_get_id
 .text.cyg_thread_idle_thread
                0x0000318c        0xc /home/masterzdran/WorkingArea/Isel/semestre6/SE2/workplace/code/src/eCos/lib/libtarget.a(kernel_kapi.o)
                0x0000318c                cyg_thread_idle_thread
 .text.cyg_thread_get_priority
                0x00003198       0x14 /home/masterzdran/WorkingArea/Isel/semestre6/SE2/workplace/code/src/eCos/lib/libtarget.a(kernel_kapi.o)
                0x00003198                cyg_thread_get_priority
 .text.cyg_thread_get_current_priority
                0x000031ac        0x8 /home/masterzdran/WorkingArea/Isel/semestre6/SE2/workplace/code/src/eCos/lib/libtarget.a(kernel_kapi.o)
                0x000031ac                cyg_thread_get_current_priority
 .text.cyg_thread_deadline_wait
                0x000031b4        0x4 /home/masterzdran/WorkingArea/Isel/semestre6/SE2/workplace/code/src/eCos/lib/libtarget.a(kernel_kapi.o)
                0x000031b4                cyg_thread_deadline_wait
 .text.cyg_thread_get_stack_base
                0x000031b8        0x8 /home/masterzdran/WorkingArea/Isel/semestre6/SE2/workplace/code/src/eCos/lib/libtarget.a(kernel_kapi.o)
                0x000031b8                cyg_thread_get_stack_base
 .text.cyg_thread_get_stack_size
                0x000031c0        0x8 /home/masterzdran/WorkingArea/Isel/semestre6/SE2/workplace/code/src/eCos/lib/libtarget.a(kernel_kapi.o)
                0x000031c0                cyg_thread_get_stack_size
 .text.cyg_thread_get_data
                0x000031c8       0x20 /home/masterzdran/WorkingArea/Isel/semestre6/SE2/workplace/code/src/eCos/lib/libtarget.a(kernel_kapi.o)
                0x000031c8                cyg_thread_get_data
 .text.cyg_thread_get_data_ptr
                0x000031e8       0x20 /home/masterzdran/WorkingArea/Isel/semestre6/SE2/workplace/code/src/eCos/lib/libtarget.a(kernel_kapi.o)
                0x000031e8                cyg_thread_get_data_ptr
 .text.cyg_thread_set_data
                0x00003208       0x20 /home/masterzdran/WorkingArea/Isel/semestre6/SE2/workplace/code/src/eCos/lib/libtarget.a(kernel_kapi.o)
                0x00003208                cyg_thread_set_data
 .text.cyg_interrupt_set_cpu
                0x00003228        0x4 /home/masterzdran/WorkingArea/Isel/semestre6/SE2/workplace/code/src/eCos/lib/libtarget.a(kernel_kapi.o)
                0x00003228                cyg_interrupt_set_cpu
 .text.cyg_interrupt_get_cpu
                0x0000322c        0x8 /home/masterzdran/WorkingArea/Isel/semestre6/SE2/workplace/code/src/eCos/lib/libtarget.a(kernel_kapi.o)
                0x0000322c                cyg_interrupt_get_cpu
 .text.cyg_counter_current_value
                0x00003234       0x1c /home/masterzdran/WorkingArea/Isel/semestre6/SE2/workplace/code/src/eCos/lib/libtarget.a(kernel_kapi.o)
                0x00003234                cyg_counter_current_value
 .text.cyg_counter_set_value
                0x00003250        0xc /home/masterzdran/WorkingArea/Isel/semestre6/SE2/workplace/code/src/eCos/lib/libtarget.a(kernel_kapi.o)
                0x00003250                cyg_counter_set_value
 .text.cyg_clock_to_counter
                0x0000325c        0x8 /home/masterzdran/WorkingArea/Isel/semestre6/SE2/workplace/code/src/eCos/lib/libtarget.a(kernel_kapi.o)
                0x0000325c                cyg_clock_to_counter
 .text.cyg_clock_set_resolution
                0x00003264       0x18 /home/masterzdran/WorkingArea/Isel/semestre6/SE2/workplace/code/src/eCos/lib/libtarget.a(kernel_kapi.o)
                0x00003264                cyg_clock_set_resolution
 .text.cyg_clock_get_resolution
                0x0000327c       0x14 /home/masterzdran/WorkingArea/Isel/semestre6/SE2/workplace/code/src/eCos/lib/libtarget.a(kernel_kapi.o)
                0x0000327c                cyg_clock_get_resolution
 .text.cyg_real_time_clock
                0x00003290       0x10 /home/masterzdran/WorkingArea/Isel/semestre6/SE2/workplace/code/src/eCos/lib/libtarget.a(kernel_kapi.o)
                0x00003290                cyg_real_time_clock
 .text.cyg_current_time
                0x000032a0       0x28 /home/masterzdran/WorkingArea/Isel/semestre6/SE2/workplace/code/src/eCos/lib/libtarget.a(kernel_kapi.o)
                0x000032a0                cyg_current_time
 .text.cyg_mbox_peek
                0x000032c8        0x8 /home/masterzdran/WorkingArea/Isel/semestre6/SE2/workplace/code/src/eCos/lib/libtarget.a(kernel_kapi.o)
                0x000032c8                cyg_mbox_peek
 .text.cyg_mbox_waiting_to_get
                0x000032d0       0x10 /home/masterzdran/WorkingArea/Isel/semestre6/SE2/workplace/code/src/eCos/lib/libtarget.a(kernel_kapi.o)
                0x000032d0                cyg_mbox_waiting_to_get
 .text.cyg_mbox_waiting_to_put
                0x000032e0       0x10 /home/masterzdran/WorkingArea/Isel/semestre6/SE2/workplace/code/src/eCos/lib/libtarget.a(kernel_kapi.o)
                0x000032e0                cyg_mbox_waiting_to_put
 .text.cyg_flag_peek
                0x000032f0        0x8 /home/masterzdran/WorkingArea/Isel/semestre6/SE2/workplace/code/src/eCos/lib/libtarget.a(kernel_kapi.o)
                0x000032f0                cyg_flag_peek
 .text.cyg_flag_waiting
                0x000032f8       0x10 /home/masterzdran/WorkingArea/Isel/semestre6/SE2/workplace/code/src/eCos/lib/libtarget.a(kernel_kapi.o)
                0x000032f8                cyg_flag_waiting
 .text.cyg_spinlock_init
                0x00003308       0x18 /home/masterzdran/WorkingArea/Isel/semestre6/SE2/workplace/code/src/eCos/lib/libtarget.a(kernel_kapi.o)
                0x00003308                cyg_spinlock_init
 .text.cyg_spinlock_destroy
                0x00003320        0x4 /home/masterzdran/WorkingArea/Isel/semestre6/SE2/workplace/code/src/eCos/lib/libtarget.a(kernel_kapi.o)
                0x00003320                cyg_spinlock_destroy
 .text.cyg_spinlock_spin
                0x00003324        0xc /home/masterzdran/WorkingArea/Isel/semestre6/SE2/workplace/code/src/eCos/lib/libtarget.a(kernel_kapi.o)
                0x00003324                cyg_spinlock_spin
 .text.cyg_spinlock_clear
                0x00003330        0xc /home/masterzdran/WorkingArea/Isel/semestre6/SE2/workplace/code/src/eCos/lib/libtarget.a(kernel_kapi.o)
                0x00003330                cyg_spinlock_clear
 .text.cyg_spinlock_try
                0x0000333c       0x1c /home/masterzdran/WorkingArea/Isel/semestre6/SE2/workplace/code/src/eCos/lib/libtarget.a(kernel_kapi.o)
                0x0000333c                cyg_spinlock_try
 .text.cyg_spinlock_test